******************************************************************************
                  TI ARM Linker Unix v5.2.7                    
******************************************************************************
>> Linked Mon May  9 00:34:21 2016

OUTPUT FILE NAME:   <Lab3_Part1.out>
ENTRY POINT SYMBOL: "_c_int00"  address: 200070d5


MEMORY CONFIGURATION

         name            origin    length      used     unused   attr    fill
----------------------  --------  ---------  --------  --------  ----  --------
  SRAM_CODE             20004000   00013000  000039ee  0000f612  RW X
  SRAM_DATA             20017000   00019000  0000d160  0000bea0  RW X


SEGMENT ALLOCATION MAP

run origin  load origin   length   init length attrs members
----------  ----------- ---------- ----------- ----- -------
20004000    20004000    000039f0   000039f0    r-x
  20004000    20004000    00000400   00000400    r-- .intvecs
  20004400    20004400    0000324a   0000324a    r-x .text
  2000764c    2000764c    0000032c   0000032c    r-- .const
  20007978    20007978    00000078   00000078    r-- .cinit
20017000    20017000    0000c164   00000000    rw-
  20017000    20017000    00008000   00000000    rw- .sysmem
  2001f000    2001f000    00004004   00000000    rw- .bss
  20023008    20023008    0000015c   00000000    rw- .data
2002f000    2002f000    00001000   00000000    rw-
  2002f000    2002f000    00001000   00000000    rw- .stack


SECTION ALLOCATION MAP

 output                                  attributes/
section   page    origin      length       input sections
--------  ----  ----------  ----------   ----------------
.intvecs   0    20004000    00000400     
                  20004000    00000400     startup_ccs.obj (.intvecs)

.init_array 
*          0    20004000    00000000     UNINITIALIZED

.text      0    20004400    0000324a     
                  20004400    000010a6     rtsv7M4_T_le_eabi.lib : _printfi.obj (.text)
                  200054a6    00000002     --HOLE-- [fill = 0]
                  200054a8    000003dc                           : memory.obj (.text)
                  20005884    00000280     uart_if.obj (.text)
                  20005b04    00000234     main.obj (.text)
                  20005d38    000001f4     rtsv7M4_T_le_eabi.lib : ull_div_t2.obj (.text)
                  20005f2c    000001b6                           : fd_add_t2.obj (.text)
                  200060e2    00000002     --HOLE-- [fill = 0]
                  200060e4    00000178     driverlib.a : prcm.obj (.text:PRCMCC3200MCUInit)
                  2000625c    00000136     rtsv7M4_T_le_eabi.lib : fd_div_t2.obj (.text)
                  20006392    00000002     --HOLE-- [fill = 0]
                  20006394    00000110                           : xdscale.obj (.text)
                  200064a4    000000fc                           : fd_mul_t2.obj (.text)
                  200065a0    000000dc     pin_mux_config.obj (.text)
                  2000667c    000000be     rtsv7M4_T_le_eabi.lib : xdnorm.obj (.text)
                  2000673a    00000002     --HOLE-- [fill = 0]
                  2000673c    000000a8     driverlib.a : interrupt.obj (.text:IntEnable)
                  200067e4    000000a0                 : spi.obj (.text:SPIConfigSetExpClk)
                  20006884    0000009c     rtsv7M4_T_le_eabi.lib : memcpy_t2.obj (.text)
                  20006920    00000094     driverlib.a : prcm.obj (.text:PRCMPeripheralClockGet)
                  200069b4    00000088                 : pin.obj (.text:PinConfigSet)
                  20006a3c    00000088     rtsv7M4_T_le_eabi.lib : vsnprintf.obj (.text)
                  20006ac4    00000086                           : fd_cmp_t2.obj (.text:__aeabi_cdcmple)
                  20006b4a    00000086                           : fd_cmp_t2.obj (.text:__aeabi_cdrcmple)
                  20006bd0    0000007a                           : memset_t2.obj (.text)
                  20006c4a    00000076     driverlib.a : uart.obj (.text:UARTConfigSetExpClk)
                  20006cc0    0000006c     rtsv7M4_T_le_eabi.lib : autoinit.obj (.text)
                  20006d2c    0000006a                           : copy_decompress_rle.obj (.text)
                  20006d96    00000066                           : xdunscal.obj (.text)
                  20006dfc    00000058     driverlib.a : prcm.obj (.text:PRCMPeripheralReset)
                  20006e54    00000056     rtsv7M4_T_le_eabi.lib : ltoa.obj (.text)
                  20006eaa    00000002     --HOLE-- [fill = 0]
                  20006eac    0000004c                           : atoi.obj (.text)
                  20006ef8    0000004c                           : cpy_tbl.obj (.text)
                  20006f44    00000048                           : fd_toi_t2.obj (.text)
                  20006f8c    00000046                           : ldexp.obj (.text)
                  20006fd2    00000002     --HOLE-- [fill = 0]
                  20006fd4    00000044                           : exit.obj (.text)
                  20007018    00000040     driverlib.a : pin.obj (.text:PinModeSet)
                  20007058    00000040     rtsv7M4_T_le_eabi.lib : signal.obj (.text)
                  20007098    0000003c     driverlib.a : prcm.obj (.text:PRCMPeripheralClkEnable)
                  200070d4    0000003c     rtsv7M4_T_le_eabi.lib : boot.obj (.text)
                  20007110    00000038     driverlib.a : adc.obj (.text:ADCChannelDisable)
                  20007148    00000038                 : adc.obj (.text:ADCChannelEnable)
                  20007180    00000038     rtsv7M4_T_le_eabi.lib : fs_tod_t2.obj (.text)
                  200071b8    00000034                           : feraiseexcept.obj (.text)
                  200071ec    00000030     driverlib.a : uart.obj (.text:UARTDisable)
                  2000721c    00000030     rtsv7M4_T_le_eabi.lib : xferaise.obj (.text)
                  2000724c    0000002e                           : i_tofd_t2.obj (.text)
                  2000727a    0000002e                           : raise.obj (.text)
                  200072a8    0000002c     driverlib.a : prcm.obj (.text:PRCMSysResetCauseGet)
                  200072d4    0000002a     rtsv7M4_T_le_eabi.lib : xdclass.obj (.text)
                  200072fe    00000002     --HOLE-- [fill = 0]
                  20007300    00000028     driverlib.a : prcm.obj (.text:PRCMPeripheralClkDisable)
                  20007328    00000024                 : uart.obj (.text:UARTEnable)
                  2000734c    00000024     rtsv7M4_T_le_eabi.lib : memmov.obj (.text)
                  20007370    00000024                           : u_tofs_t2.obj (.text)
                  20007394    00000022     driverlib.a : spi.obj (.text:SPIReset)
                  200073b6    00000022     rtsv7M4_T_le_eabi.lib : frexp.obj (.text)
                  200073d8    00000020     driverlib.a : spi.obj (.text:SPIDataGet)
                  200073f8    0000001e                 : spi.obj (.text:SPIDataPut)
                  20007416    0000001e                 : uart.obj (.text:UARTCharPut)
                  20007434    0000001c                 : adc.obj (.text:ADCFIFOLvlGet)
                  20007450    0000001c                 : uart.obj (.text:UARTCharGetNonBlocking)
                  2000746c    0000001c     rtsv7M4_T_le_eabi.lib : memccpy.obj (.text)
                  20007488    0000001a     driverlib.a : pin.obj (.text:PinTypeSPI)
                  200074a2    0000001a                 : pin.obj (.text:PinTypeUART)
                  200074bc    00000018                 : adc.obj (.text:ADCFIFORead)
                  200074d4    00000018                 : spi.obj (.text:SPICSDisable)
                  200074ec    00000018                 : spi.obj (.text:SPICSEnable)
                  20007504    00000018                 : spi.obj (.text:SPIEnable)
                  2000751c    00000018                 : uart.obj (.text:UARTCharsAvail)
                  20007534    00000018     rtsv7M4_T_le_eabi.lib : args_main.obj (.text)
                  2000754c    00000016     driverlib.a : prcm.obj (.text:PRCMHIBRegRead)
                  20007562    00000016                 : prcm.obj (.text:PRCMHIBRegWrite)
                  20007578    00000016     rtsv7M4_T_le_eabi.lib : strchr.obj (.text)
                  2000758e    00000014     driverlib.a : adc.obj (.text:ADCEnable)
                  200075a2    00000014                 : cpu.obj (.text:CPUcpsie)
                  200075b6    00000002     --HOLE-- [fill = 0]
                  200075b8    00000014                 : interrupt.obj (.text:IntVTableBaseSet)
                  200075cc    00000014                 : pin.obj (.text:PinTypeADC)
                  200075e0    00000014     rtsv7M4_T_le_eabi.lib : _lock.obj (.text)
                  200075f4    00000014                           : strlen.obj (.text)
                  20007608    0000000e                           : copy_decompress_none.obj (.text:decompress:none)
                  20007616    0000000e     startup_ccs.obj (.text)
                  20007624    0000000c     rtsv7M4_T_le_eabi.lib : copy_zero_init.obj (.text:decompress:ZI)
                  20007630    0000000a     driverlib.a : interrupt.obj (.text:IntMasterEnable)
                  2000763a    00000006                 : utils.obj (.text:UtilsDelay)
                  20007640    00000006     rtsv7M4_T_le_eabi.lib : copy_decompress_rle.obj (.text:decompress:rle24)
                  20007646    00000004                           : pre_init.obj (.text)

.const     0    2000764c    0000032c     
                  2000764c    00000101     rtsv7M4_T_le_eabi.lib : ctype.obj (.const:.string:_ctypes_)
                  2000774d    00000003     --HOLE-- [fill = 0]
                  20007750    00000100     driverlib.a : pin.obj (.const:g_ulPinToPadMap)
                  20007850    000000a8                 : prcm.obj (.const:PRCM_PeriphRegsList)
                  200078f8    00000080                 : interrupt.obj (.const)

.cinit     0    20007978    00000078     
                  20007978    0000004e     (.cinit..data.load) [load image, compression = rle]
                  200079c6    00000002     --HOLE-- [fill = 0]
                  200079c8    0000000c     (__TI_handler_table)
                  200079d4    00000004     --HOLE-- [fill = 0]
                  200079d8    00000008     (.cinit..bss.load) [load image, compression = zero_init]
                  200079e0    00000010     (__TI_cinit_table)

.sysmem    0    20017000    00008000     UNINITIALIZED
                  20017000    00000008     rtsv7M4_T_le_eabi.lib : memory.obj (.sysmem)
                  20017008    00007ff8     --HOLE--

.bss       0    2001f000    00004004     UNINITIALIZED
                  2001f000    00004000     main.obj (.bss:pulAdcSamples)
                  20023000    00000004     (.common:__Errorlog)

.TI.noinit 
*          0    2001f000    00000000     UNINITIALIZED

.data      0    20023008    0000015c     UNINITIALIZED
                  20023008    000000b0     rtsv7M4_T_le_eabi.lib : signal.obj (.data:sigtable)
                  200230b8    00000080                           : xvalues.obj (.data)
                  20023138    0000000c                           : memory.obj (.data)
                  20023144    00000008                           : _lock.obj (.data)
                  2002314c    00000008                           : exit.obj (.data)
                  20023154    00000008                           : feraiseexcept.obj (.data)
                  2002315c    00000004                           : errno.obj (.data)
                  20023160    00000004                           : stkdepth_vars.obj (.data)

.TI.persistent 
*          0    20023008    00000000     UNINITIALIZED

.stack     0    2002f000    00001000     UNINITIALIZED
                  2002f000    00001000     --HOLE--


LINKER GENERATED COPY TABLES

__TI_cinit_table @ 200079e0 records: 2, size/record: 8, table size: 16
	.data: load addr=20007978, load size=0000004e bytes, run addr=20023008, run size=0000015c bytes, compression=rle
	.bss: load addr=200079d8, load size=00000008 bytes, run addr=2001f000, run size=00004004 bytes, compression=zero_init


LINKER GENERATED HANDLER TABLE

__TI_handler_table @ 200079c8 records: 3, size/record: 4, table size: 12
	index: 0, handler: __TI_decompress_rle24
	index: 1, handler: __TI_decompress_none
	index: 2, handler: __TI_zero_init


GLOBAL SYMBOLS: SORTED ALPHABETICALLY BY Name 

address   name                    
-------   ----                    
20007111  ADCChannelDisable       
20007149  ADCChannelEnable        
2000758f  ADCEnable               
20007435  ADCFIFOLvlGet           
200074bd  ADCFIFORead             
20006fd5  C$$EXIT                 
200075a3  CPUcpsie                
200058c5  ClearTerm               
200058cf  Error                   
20005907  GetCmd                  
20005885  InitTerm                
2000673d  IntEnable               
20007631  IntMasterEnable         
200075b9  IntVTableBaseSet        
200058a3  Message                 
200060e5  PRCMCC3200MCUInit       
2000754d  PRCMHIBRegRead          
20007563  PRCMHIBRegWrite         
20007301  PRCMPeripheralClkDisable
20007099  PRCMPeripheralClkEnable 
20006921  PRCMPeripheralClockGet  
20006dfd  PRCMPeripheralReset     
200072a9  PRCMSysResetCauseGet    
200069b5  PinConfigSet            
20007019  PinModeSet              
200065a1  PinMuxConfig            
200075cd  PinTypeADC              
20007489  PinTypeSPI              
200074a3  PinTypeUART             
20005a45  Report                  
20007617  ResetISR                
UNDEFED   SHT$$INIT_ARRAY$$Base   
UNDEFED   SHT$$INIT_ARRAY$$Limit  
200074d5  SPICSDisable            
200074ed  SPICSEnable             
200067e5  SPIConfigSetExpClk      
200073d9  SPIDataGet              
200073f9  SPIDataPut              
20007505  SPIEnable               
20007395  SPIReset                
200059ad  TrimSpace               
20007451  UARTCharGetNonBlocking  
20007417  UARTCharPut             
2000751d  UARTCharsAvail          
20006c4b  UARTConfigSetExpClk     
200071ed  UARTDisable             
20007329  UARTEnable              
2000763b  UtilsDelay              
200072d5  _Dclass                 
200230b8  _Denorm                 
2000667d  _Dnorm                  
20006395  _Dscale                 
20006d97  _Dunscale               
200230c8  _Eps                    
2002315c  _Errno                  
20023154  _Fenv                   
2000721d  _Feraise                
200230d8  _Hugeval                
200230e8  _Inf                    
200230f8  _Nan                    
20023118  _Rteps                  
20023108  _Snan                   
20023158  _Tls_setup__Fenv        
20023128  _Xbig                   
20023130  _Zero                   
20030000  __STACK_END             
00001000  __STACK_SIZE            
00008000  __SYSMEM_SIZE           
200079e0  __TI_CINIT_Base         
200079f0  __TI_CINIT_Limit        
200079c8  __TI_Handler_Table_Base 
200079d4  __TI_Handler_Table_Limit
20006cc1  __TI_auto_init          
2002314c  __TI_cleanup_ptr        
20007609  __TI_decompress_none    
20007641  __TI_decompress_rle24   
20023150  __TI_dtors_ptr          
200051a1  __TI_printfi            
20007978  __TI_static_base__      
20007625  __TI_zero_init          
20006ac5  __aeabi_cdcmpeq         
20006ac5  __aeabi_cdcmple         
20006b4b  __aeabi_cdrcmple        
20006f45  __aeabi_d2iz            
20005f37  __aeabi_dadd            
2000625d  __aeabi_ddiv            
200064a5  __aeabi_dmul            
20005f2d  __aeabi_dsub            
20007181  __aeabi_f2d             
2000724d  __aeabi_i2d             
20006bd1  __aeabi_memclr          
20006bd1  __aeabi_memclr4         
20006bd1  __aeabi_memclr8         
20006885  __aeabi_memcpy          
20006885  __aeabi_memcpy4         
20006885  __aeabi_memcpy8         
20006bd3  __aeabi_memset          
20006bd3  __aeabi_memset4         
20006bd3  __aeabi_memset8         
20007371  __aeabi_ui2f            
20005d39  __aeabi_uldivmod        
ffffffff  __binit__               
ffffffff  __c_args__              
2002f000  __stack                 
20007535  _args_main              
200070d5  _c_int00                
2000764c  _ctypes_                
20023144  _lock                   
200075ef  _nop                    
200075e7  _register_lock          
200075e1  _register_unlock        
20017000  _sys_memory             
20007647  _system_pre_init        
20023148  _unlock                 
20006fd9  abort                   
20006ead  atoi                    
ffffffff  binit                   
20005851  calloc                  
20006ef9  copy_in                 
20006fe1  exit                    
200071b9  feraiseexcept           
2000559f  free                    
200073b7  frexp                   
20004000  g_pfnVectors            
20006f8d  ldexp                   
20006e55  ltoa                    
20005b67  main                    
20023160  main_func_sp            
20005537  malloc                  
2000576d  memalign                
2000746d  memccpy                 
20006885  memcpy                  
2000734d  memmove                 
20006bd9  memset                  
200054a9  minit                   
2001f000  pulAdcSamples           
2000727b  raise                   
20005661  realloc                 
20007059  signal                  
20007579  strchr                  
200075f5  strlen                  
20005b43  transmit                
20006a3d  vsnprintf               


GLOBAL SYMBOLS: SORTED BY Symbol Address 

address   name                    
-------   ----                    
00001000  __STACK_SIZE            
00008000  __SYSMEM_SIZE           
20004000  g_pfnVectors            
200051a1  __TI_printfi            
200054a9  minit                   
20005537  malloc                  
2000559f  free                    
20005661  realloc                 
2000576d  memalign                
20005851  calloc                  
20005885  InitTerm                
200058a3  Message                 
200058c5  ClearTerm               
200058cf  Error                   
20005907  GetCmd                  
200059ad  TrimSpace               
20005a45  Report                  
20005b43  transmit                
20005b67  main                    
20005d39  __aeabi_uldivmod        
20005f2d  __aeabi_dsub            
20005f37  __aeabi_dadd            
200060e5  PRCMCC3200MCUInit       
2000625d  __aeabi_ddiv            
20006395  _Dscale                 
200064a5  __aeabi_dmul            
200065a1  PinMuxConfig            
2000667d  _Dnorm                  
2000673d  IntEnable               
200067e5  SPIConfigSetExpClk      
20006885  __aeabi_memcpy          
20006885  __aeabi_memcpy4         
20006885  __aeabi_memcpy8         
20006885  memcpy                  
20006921  PRCMPeripheralClockGet  
200069b5  PinConfigSet            
20006a3d  vsnprintf               
20006ac5  __aeabi_cdcmpeq         
20006ac5  __aeabi_cdcmple         
20006b4b  __aeabi_cdrcmple        
20006bd1  __aeabi_memclr          
20006bd1  __aeabi_memclr4         
20006bd1  __aeabi_memclr8         
20006bd3  __aeabi_memset          
20006bd3  __aeabi_memset4         
20006bd3  __aeabi_memset8         
20006bd9  memset                  
20006c4b  UARTConfigSetExpClk     
20006cc1  __TI_auto_init          
20006d97  _Dunscale               
20006dfd  PRCMPeripheralReset     
20006e55  ltoa                    
20006ead  atoi                    
20006ef9  copy_in                 
20006f45  __aeabi_d2iz            
20006f8d  ldexp                   
20006fd5  C$$EXIT                 
20006fd9  abort                   
20006fe1  exit                    
20007019  PinModeSet              
20007059  signal                  
20007099  PRCMPeripheralClkEnable 
200070d5  _c_int00                
20007111  ADCChannelDisable       
20007149  ADCChannelEnable        
20007181  __aeabi_f2d             
200071b9  feraiseexcept           
200071ed  UARTDisable             
2000721d  _Feraise                
2000724d  __aeabi_i2d             
2000727b  raise                   
200072a9  PRCMSysResetCauseGet    
200072d5  _Dclass                 
20007301  PRCMPeripheralClkDisable
20007329  UARTEnable              
2000734d  memmove                 
20007371  __aeabi_ui2f            
20007395  SPIReset                
200073b7  frexp                   
200073d9  SPIDataGet              
200073f9  SPIDataPut              
20007417  UARTCharPut             
20007435  ADCFIFOLvlGet           
20007451  UARTCharGetNonBlocking  
2000746d  memccpy                 
20007489  PinTypeSPI              
200074a3  PinTypeUART             
200074bd  ADCFIFORead             
200074d5  SPICSDisable            
200074ed  SPICSEnable             
20007505  SPIEnable               
2000751d  UARTCharsAvail          
20007535  _args_main              
2000754d  PRCMHIBRegRead          
20007563  PRCMHIBRegWrite         
20007579  strchr                  
2000758f  ADCEnable               
200075a3  CPUcpsie                
200075b9  IntVTableBaseSet        
200075cd  PinTypeADC              
200075e1  _register_unlock        
200075e7  _register_lock          
200075ef  _nop                    
200075f5  strlen                  
20007609  __TI_decompress_none    
20007617  ResetISR                
20007625  __TI_zero_init          
20007631  IntMasterEnable         
2000763b  UtilsDelay              
20007641  __TI_decompress_rle24   
20007647  _system_pre_init        
2000764c  _ctypes_                
20007978  __TI_static_base__      
200079c8  __TI_Handler_Table_Base 
200079d4  __TI_Handler_Table_Limit
200079e0  __TI_CINIT_Base         
200079f0  __TI_CINIT_Limit        
20017000  _sys_memory             
2001f000  pulAdcSamples           
200230b8  _Denorm                 
200230c8  _Eps                    
200230d8  _Hugeval                
200230e8  _Inf                    
200230f8  _Nan                    
20023108  _Snan                   
20023118  _Rteps                  
20023128  _Xbig                   
20023130  _Zero                   
20023144  _lock                   
20023148  _unlock                 
2002314c  __TI_cleanup_ptr        
20023150  __TI_dtors_ptr          
20023154  _Fenv                   
20023158  _Tls_setup__Fenv        
2002315c  _Errno                  
20023160  main_func_sp            
2002f000  __stack                 
20030000  __STACK_END             
ffffffff  __binit__               
ffffffff  __c_args__              
ffffffff  binit                   
UNDEFED   SHT$$INIT_ARRAY$$Base   
UNDEFED   SHT$$INIT_ARRAY$$Limit  

[143 symbols]
