******************************************************************************
                  TI ARM Linker Unix v5.2.7                    
******************************************************************************
>> Linked Mon May  9 17:21:57 2016

OUTPUT FILE NAME:   <adc.out>
ENTRY POINT SYMBOL: "_c_int00"  address: 20007b55


MEMORY CONFIGURATION

         name            origin    length      used     unused   attr    fill
----------------------  --------  ---------  --------  --------  ----  --------
  SRAM_CODE             20004000   00013000  0000464a  0000e9b6  RW X
  SRAM_DATA             20017000   00019000  0000b687  0000d979  RW X


SEGMENT ALLOCATION MAP

run origin  load origin   length   init length attrs members
----------  ----------- ---------- ----------- ----- -------
20004000    20004000    00004650   00004650    r-x
  20004000    20004000    00000400   00000400    r-- .intvecs
  20004400    20004400    00003dca   00003dca    r-x .text
  200081cc    200081cc    00000400   00000400    r-- .const
  200085d0    200085d0    00000080   00000080    r-- .cinit
20017000    20017000    0000a688   00000000    rw-
  20017000    20017000    00008000   00000000    rw- .sysmem
  2001f000    2001f000    00002527   00000000    rw- .bss
  20021528    20021528    00000160   00000000    rw- .data
2002f000    2002f000    00001000   00000000    rw-
  2002f000    2002f000    00001000   00000000    rw- .stack


SECTION ALLOCATION MAP

 output                                  attributes/
section   page    origin      length       input sections
--------  ----  ----------  ----------   ----------------
.intvecs   0    20004000    00000400     
                  20004000    00000400     startup_ccs.obj (.intvecs)

.init_array 
*          0    20004000    00000000     UNINITIALIZED

.text      0    20004400    00003dca     
                  20004400    000010a6     rtsv7M4_T_le_eabi.lib : _printfi.obj (.text)
                  200054a6    00000002     driverlib.a : interrupt.obj (.text:IntDefaultHandler)
                  200054a8    000005b4     main.obj (.text)
                  20005a5c    000003dc     rtsv7M4_T_le_eabi.lib : memory.obj (.text)
                  20005e38    00000280     uart_if.obj (.text)
                  200060b8    000001f4     rtsv7M4_T_le_eabi.lib : ull_div_t2.obj (.text)
                  200062ac    000001cc     udma_if.obj (.text)
                  20006478    000001b6     rtsv7M4_T_le_eabi.lib : fd_add_t2.obj (.text)
                  2000662e    00000002     --HOLE-- [fill = 0]
                  20006630    00000178     driverlib.a : prcm.obj (.text:PRCMCC3200MCUInit)
                  200067a8    00000136     rtsv7M4_T_le_eabi.lib : fd_div_t2.obj (.text)
                  200068de    00000002     --HOLE-- [fill = 0]
                  200068e0    00000110                           : xdscale.obj (.text)
                  200069f0    000000fc                           : fd_mul_t2.obj (.text)
                  20006aec    000000f0     driverlib.a : udma.obj (.text:uDMAChannelTransferSet)
                  20006bdc    000000d4     pin_mux_config.obj (.text)
                  20006cb0    000000be     rtsv7M4_T_le_eabi.lib : xdnorm.obj (.text)
                  20006d6e    00000002     --HOLE-- [fill = 0]
                  20006d70    000000a8     driverlib.a : interrupt.obj (.text:IntDisable)
                  20006e18    000000a8                 : interrupt.obj (.text:IntEnable)
                  20006ec0    0000009c     rtsv7M4_T_le_eabi.lib : memcpy_t2.obj (.text)
                  20006f5c    00000094     driverlib.a : prcm.obj (.text:PRCMPeripheralClockGet)
                  20006ff0    00000088                 : pin.obj (.text:PinConfigSet)
                  20007078    00000088     rtsv7M4_T_le_eabi.lib : vsnprintf.obj (.text)
                  20007100    00000086                           : fd_cmp_t2.obj (.text:__aeabi_cdcmple)
                  20007186    00000086                           : fd_cmp_t2.obj (.text:__aeabi_cdrcmple)
                  2000720c    0000007a                           : memset_t2.obj (.text)
                  20007286    00000076     driverlib.a : uart.obj (.text:UARTConfigSetExpClk)
                  200072fc    0000006e     rtsv7M4_T_le_eabi.lib : fd_tos_t2.obj (.text)
                  2000736a    00000002     --HOLE-- [fill = 0]
                  2000736c    0000006c                           : autoinit.obj (.text)
                  200073d8    0000006a                           : copy_decompress_rle.obj (.text)
                  20007442    00000002     --HOLE-- [fill = 0]
                  20007444    00000068     driverlib.a : adc.obj (.text:ADCIntEnable)
                  200074ac    00000066     rtsv7M4_T_le_eabi.lib : xdunscal.obj (.text)
                  20007512    00000002     --HOLE-- [fill = 0]
                  20007514    00000064     driverlib.a : udma.obj (.text:uDMAChannelAttributeDisable)
                  20007578    00000064                 : udma.obj (.text:uDMAChannelAttributeEnable)
                  200075dc    00000060     rtsv7M4_T_le_eabi.lib : fs_cmp_t2.obj (.text:__aeabi_cfcmple)
                  2000763c    00000060                           : fs_cmp_t2.obj (.text:__aeabi_cfrcmple)
                  2000769c    0000005c     driverlib.a : adc.obj (.text:ADCIntStatus)
                  200076f8    00000058                 : adc.obj (.text:ADCIntClear)
                  20007750    00000058                 : prcm.obj (.text:PRCMPeripheralReset)
                  200077a8    00000056     rtsv7M4_T_le_eabi.lib : ltoa.obj (.text)
                  200077fe    00000002     --HOLE-- [fill = 0]
                  20007800    00000054     driverlib.a : interrupt.obj (.text:IntPrioritySet)
                  20007854    0000004c     rtsv7M4_T_le_eabi.lib : atoi.obj (.text)
                  200078a0    0000004c                           : cpy_tbl.obj (.text)
                  200078ec    0000004c     driverlib.a : udma.obj (.text:uDMAChannelAssign)
                  20007938    0000004c                 : udma.obj (.text:uDMAChannelModeGet)
                  20007984    00000048     rtsv7M4_T_le_eabi.lib : fd_toi_t2.obj (.text)
                  200079cc    00000046                           : ldexp.obj (.text)
                  20007a12    00000002     --HOLE-- [fill = 0]
                  20007a14    00000044                           : exit.obj (.text)
                  20007a58    00000040     driverlib.a : pin.obj (.text:PinModeSet)
                  20007a98    00000040     rtsv7M4_T_le_eabi.lib : signal.obj (.text)
                  20007ad8    0000003e     driverlib.a : adc.obj (.text:ADCIntRegister)
                  20007b16    00000002     --HOLE-- [fill = 0]
                  20007b18    0000003c                 : prcm.obj (.text:PRCMPeripheralClkEnable)
                  20007b54    0000003c     rtsv7M4_T_le_eabi.lib : boot.obj (.text)
                  20007b90    0000003c     driverlib.a : udma.obj (.text:uDMAChannelControlSet)
                  20007bcc    00000038                 : adc.obj (.text:ADCChannelDisable)
                  20007c04    00000038                 : adc.obj (.text:ADCChannelEnable)
                  20007c3c    00000038                 : adc.obj (.text:ADCDMADisable)
                  20007c74    00000038                 : adc.obj (.text:ADCDMAEnable)
                  20007cac    00000038     rtsv7M4_T_le_eabi.lib : fs_tod_t2.obj (.text)
                  20007ce4    00000034                           : feraiseexcept.obj (.text)
                  20007d18    00000030     driverlib.a : uart.obj (.text:UARTDisable)
                  20007d48    00000030     rtsv7M4_T_le_eabi.lib : xferaise.obj (.text)
                  20007d78    0000002e                           : i_tofd_t2.obj (.text)
                  20007da6    0000002e                           : raise.obj (.text)
                  20007dd4    0000002c     driverlib.a : prcm.obj (.text:PRCMSysResetCauseGet)
                  20007e00    0000002a     rtsv7M4_T_le_eabi.lib : xdclass.obj (.text)
                  20007e2a    00000002     --HOLE-- [fill = 0]
                  20007e2c    00000028     driverlib.a : prcm.obj (.text:PRCMPeripheralClkDisable)
                  20007e54    00000024                 : interrupt.obj (.text:IntUnregister)
                  20007e78    00000024                 : uart.obj (.text:UARTEnable)
                  20007e9c    00000024     rtsv7M4_T_le_eabi.lib : memmov.obj (.text)
                  20007ec0    00000024                           : u_tofs_t2.obj (.text)
                  20007ee4    00000022     driverlib.a : adc.obj (.text:ADCTimerConfig)
                  20007f06    00000022     rtsv7M4_T_le_eabi.lib : frexp.obj (.text)
                  20007f28    00000020     driverlib.a : interrupt.obj (.text:IntRegister)
                  20007f48    0000001e                 : uart.obj (.text:UARTCharPut)
                  20007f66    0000001c                 : uart.obj (.text:UARTCharGetNonBlocking)
                  20007f82    0000001c     rtsv7M4_T_le_eabi.lib : memccpy.obj (.text)
                  20007f9e    00000002     --HOLE-- [fill = 0]
                  20007fa0    0000001c     driverlib.a : udma.obj (.text:uDMAChannelDisable)
                  20007fbc    0000001c                 : udma.obj (.text:uDMAChannelEnable)
                  20007fd8    0000001c                 : udma.obj (.text:uDMAChannelRequest)
                  20007ff4    0000001a                 : pin.obj (.text:PinTypeUART)
                  2000800e    00000018                 : uart.obj (.text:UARTCharsAvail)
                  20008026    00000002     --HOLE-- [fill = 0]
                  20008028    00000018     rtsv7M4_T_le_eabi.lib : args_main.obj (.text)
                  20008040    00000016     driverlib.a : adc.obj (.text:ADCTimerEnable)
                  20008056    00000016                 : prcm.obj (.text:PRCMHIBRegRead)
                  2000806c    00000016                 : prcm.obj (.text:PRCMHIBRegWrite)
                  20008082    00000016     rtsv7M4_T_le_eabi.lib : strchr.obj (.text)
                  20008098    00000016     driverlib.a : udma.obj (.text:uDMAIntRegister)
                  200080ae    00000014                 : adc.obj (.text:ADCEnable)
                  200080c2    00000014                 : cpu.obj (.text:CPUcpsie)
                  200080d6    00000002     --HOLE-- [fill = 0]
                  200080d8    00000014                 : interrupt.obj (.text:IntVTableBaseSet)
                  200080ec    00000014                 : pin.obj (.text:PinTypeADC)
                  20008100    00000014     rtsv7M4_T_le_eabi.lib : _lock.obj (.text)
                  20008114    00000014                           : strlen.obj (.text)
                  20008128    00000014     driverlib.a : udma.obj (.text:uDMAControlBaseSet)
                  2000813c    00000014                 : udma.obj (.text:uDMAIntClear)
                  20008150    00000012                 : udma.obj (.text:uDMAIntUnregister)
                  20008162    0000000e     rtsv7M4_T_le_eabi.lib : copy_decompress_none.obj (.text:decompress:none)
                  20008170    0000000e     startup_ccs.obj (.text)
                  2000817e    0000000c     rtsv7M4_T_le_eabi.lib : copy_zero_init.obj (.text:decompress:ZI)
                  2000818a    00000002     --HOLE-- [fill = 0]
                  2000818c    0000000c     driverlib.a : udma.obj (.text:uDMADisable)
                  20008198    0000000c                 : udma.obj (.text:uDMAEnable)
                  200081a4    0000000c                 : udma.obj (.text:uDMAIntStatus)
                  200081b0    0000000a                 : interrupt.obj (.text:IntMasterEnable)
                  200081ba    00000006                 : utils.obj (.text:UtilsDelay)
                  200081c0    00000006     rtsv7M4_T_le_eabi.lib : copy_decompress_rle.obj (.text:decompress:rle24)
                  200081c6    00000004                           : pre_init.obj (.text)

.const     0    200081cc    00000400     
                  200081cc    00000101     rtsv7M4_T_le_eabi.lib : ctype.obj (.const:.string:_ctypes_)
                  200082cd    00000003     --HOLE-- [fill = 0]
                  200082d0    00000100     driverlib.a : pin.obj (.const:g_ulPinToPadMap)
                  200083d0    000000d4                 : interrupt.obj (.const:g_pulRegs)
                  200084a4    000000a8                 : prcm.obj (.const:PRCM_PeriphRegsList)
                  2000854c    00000080                 : interrupt.obj (.const)

.cinit     0    200085d0    00000080     
                  200085d0    00000055     (.cinit..data.load) [load image, compression = rle]
                  20008625    00000003     --HOLE-- [fill = 0]
                  20008628    0000000c     (__TI_handler_table)
                  20008634    00000004     --HOLE-- [fill = 0]
                  20008638    00000008     (.cinit..bss.load) [load image, compression = zero_init]
                  20008640    00000010     (__TI_cinit_table)

.sysmem    0    20017000    00008000     UNINITIALIZED
                  20017000    00000008     rtsv7M4_T_le_eabi.lib : memory.obj (.sysmem)
                  20017008    00007ff8     --HOLE--

.bss       0    2001f000    00002527     UNINITIALIZED
                  2001f000    00001000     main.obj (.bss:g_ulPing)
                  20020000    00001000     main.obj (.bss:g_ulPong)
                  20021000    00000400     udma_if.obj (.bss:gpCtlTbl)
                  20021400    00000100     udma_if.obj (.bss:gfpAppCallbackHndl)
                  20021500    00000004     (.common:__Errorlog)
                  20021504    00000004     (.common:g_ulPingCount)
                  20021508    00000004     (.common:g_ulPing_CurrentReading)
                  2002150c    00000004     (.common:g_ulPing_LastReading)
                  20021510    00000004     (.common:g_ulPing_LastReadingBeforeFinish)
                  20021514    00000004     (.common:g_ulPongCount)
                  20021518    00000004     (.common:g_ulPong_CurrentReading)
                  2002151c    00000004     (.common:g_ulPong_LastReading)
                  20021520    00000004     (.common:g_ulPong_LastReadingBeforeFinish)
                  20021524    00000001     (.common:g_ucPingflag)
                  20021525    00000001     (.common:g_ucPongflag)
                  20021526    00000001     (.common:iDone)

.TI.noinit 
*          0    2001f000    00000000     UNINITIALIZED

.data      0    20021528    00000160     UNINITIALIZED
                  20021528    000000b0     rtsv7M4_T_le_eabi.lib : signal.obj (.data:sigtable)
                  200215d8    00000080                           : xvalues.obj (.data)
                  20021658    0000000c                           : memory.obj (.data)
                  20021664    00000008                           : _lock.obj (.data)
                  2002166c    00000008                           : exit.obj (.data)
                  20021674    00000008                           : feraiseexcept.obj (.data)
                  2002167c    00000004     main.obj (.data)
                  20021680    00000004     rtsv7M4_T_le_eabi.lib : errno.obj (.data)
                  20021684    00000004                           : stkdepth_vars.obj (.data)

.TI.persistent 
*          0    20021528    00000000     UNINITIALIZED

.stack     0    2002f000    00001000     UNINITIALIZED
                  2002f000    00001000     --HOLE--


LINKER GENERATED COPY TABLES

__TI_cinit_table @ 20008640 records: 2, size/record: 8, table size: 16
	.data: load addr=200085d0, load size=00000055 bytes, run addr=20021528, run size=00000160 bytes, compression=rle
	.bss: load addr=20008638, load size=00000008 bytes, run addr=2001f000, run size=00002527 bytes, compression=zero_init


LINKER GENERATED HANDLER TABLE

__TI_handler_table @ 20008628 records: 3, size/record: 4, table size: 12
	index: 0, handler: __TI_decompress_rle24
	index: 1, handler: __TI_decompress_none
	index: 2, handler: __TI_zero_init


GLOBAL SYMBOLS: SORTED ALPHABETICALLY BY Name 

address   name                            
-------   ----                            
20007bcd  ADCChannelDisable               
20007c05  ADCChannelEnable                
20007c3d  ADCDMADisable                   
20007c75  ADCDMAEnable                    
200080af  ADCEnable                       
200076f9  ADCIntClear                     
20007445  ADCIntEnable                    
200054a9  ADCIntHandler                   
20007ad9  ADCIntRegister                  
2000769d  ADCIntStatus                    
20007ee5  ADCTimerConfig                  
20008041  ADCTimerEnable                  
20007a15  C$$EXIT                         
200080c3  CPUcpsie                        
20005e79  ClearTerm                       
20005615  DisplayBanner                   
200062c3  DmaErrorIntHandler              
200062ad  DmaSwIntHandler                 
20005e83  Error                           
20005ebb  GetCmd                          
20005553  InitAdcDma                      
20005e39  InitTerm                        
20006d71  IntDisable                      
20006e19  IntEnable                       
200081b1  IntMasterEnable                 
20007801  IntPrioritySet                  
20007f29  IntRegister                     
20007e55  IntUnregister                   
200080d9  IntVTableBaseSet                
20005e57  Message                         
20006631  PRCMCC3200MCUInit               
20008057  PRCMHIBRegRead                  
2000806d  PRCMHIBRegWrite                 
20007e2d  PRCMPeripheralClkDisable        
20007b19  PRCMPeripheralClkEnable         
20006f5d  PRCMPeripheralClockGet          
20007751  PRCMPeripheralReset             
20007dd5  PRCMSysResetCauseGet            
20006ff1  PinConfigSet                    
20007a59  PinModeSet                      
20006bdd  PinMuxConfig                    
200080ed  PinTypeADC                      
20007ff5  PinTypeUART                     
20005ff9  Report                          
20008171  ResetISR                        
UNDEFED   SHT$$INIT_ARRAY$$Base           
UNDEFED   SHT$$INIT_ARRAY$$Limit          
20005f61  TrimSpace                       
20007f67  UARTCharGetNonBlocking          
20007f49  UARTCharPut                     
2000800f  UARTCharsAvail                  
20007287  UARTConfigSetExpClk             
20007d19  UARTDisable                     
20007e79  UARTEnable                      
20006337  UDMAChannelSelect               
2000640b  UDMADeInit                      
200062cf  UDMAInit                        
20006365  UDMASetupAutoMemTransfer        
20006399  UDMASetupPingPongTransfer       
2000641f  UDMASetupTransfer               
200063f3  UDMAStartTransfer               
200063ff  UDMAStopTransfer                
200081bb  UtilsDelay                      
20007e01  _Dclass                         
200215d8  _Denorm                         
20006cb1  _Dnorm                          
200068e1  _Dscale                         
200074ad  _Dunscale                       
200215e8  _Eps                            
20021680  _Errno                          
20021674  _Fenv                           
20007d49  _Feraise                        
200215f8  _Hugeval                        
20021608  _Inf                            
20021618  _Nan                            
20021638  _Rteps                          
20021628  _Snan                           
20021678  _Tls_setup__Fenv                
20021648  _Xbig                           
20021650  _Zero                           
20030000  __STACK_END                     
00001000  __STACK_SIZE                    
00008000  __SYSMEM_SIZE                   
20008640  __TI_CINIT_Base                 
20008650  __TI_CINIT_Limit                
20008628  __TI_Handler_Table_Base         
20008634  __TI_Handler_Table_Limit        
2000736d  __TI_auto_init                  
2002166c  __TI_cleanup_ptr                
20008163  __TI_decompress_none            
200081c1  __TI_decompress_rle24           
20021670  __TI_dtors_ptr                  
200051a1  __TI_printfi                    
200085d0  __TI_static_base__              
2000817f  __TI_zero_init                  
20007101  __aeabi_cdcmpeq                 
20007101  __aeabi_cdcmple                 
20007187  __aeabi_cdrcmple                
200075dd  __aeabi_cfcmpeq                 
200075dd  __aeabi_cfcmple                 
2000763d  __aeabi_cfrcmple                
200072fd  __aeabi_d2f                     
20007985  __aeabi_d2iz                    
20006483  __aeabi_dadd                    
200067a9  __aeabi_ddiv                    
200069f1  __aeabi_dmul                    
20006479  __aeabi_dsub                    
20007cad  __aeabi_f2d                     
20007d79  __aeabi_i2d                     
2000720d  __aeabi_memclr                  
2000720d  __aeabi_memclr4                 
2000720d  __aeabi_memclr8                 
20006ec1  __aeabi_memcpy                  
20006ec1  __aeabi_memcpy4                 
20006ec1  __aeabi_memcpy8                 
2000720f  __aeabi_memset                  
2000720f  __aeabi_memset4                 
2000720f  __aeabi_memset8                 
20007ec1  __aeabi_ui2f                    
200060b9  __aeabi_uldivmod                
ffffffff  __binit__                       
ffffffff  __c_args__                      
2002f000  __stack                         
20008029  _args_main                      
20007b55  _c_int00                        
200081cc  _ctypes_                        
20021664  _lock                           
2000810f  _nop                            
20008107  _register_lock                  
20008101  _register_unlock                
20017000  _sys_memory                     
200081c7  _system_pre_init                
20021668  _unlock                         
20007a19  abort                           
20007855  atoi                            
ffffffff  binit                           
20005e05  calloc                          
200078a1  copy_in                         
20007a21  exit                            
20007ce5  feraiseexcept                   
20005b53  free                            
20007f07  frexp                           
20004000  g_pfnVectors                    
20021524  g_ucPingflag                    
20021525  g_ucPongflag                    
2001f000  g_ulPing                        
20021504  g_ulPingCount                   
20021508  g_ulPing_CurrentReading         
2002150c  g_ulPing_LastReading            
20021510  g_ulPing_LastReadingBeforeFinish
20020000  g_ulPong                        
20021514  g_ulPongCount                   
20021518  g_ulPong_CurrentReading         
2002151c  g_ulPong_LastReading            
20021520  g_ulPong_LastReadingBeforeFinish
20021400  gfpAppCallbackHndl              
20021000  gpCtlTbl                        
20021526  iDone                           
200079cd  ldexp                           
200077a9  ltoa                            
200056e5  main                            
20021684  main_func_sp                    
20005aeb  malloc                          
20005d21  memalign                        
20007f83  memccpy                         
20006ec1  memcpy                          
20007e9d  memmove                         
20007215  memset                          
20005a5d  minit                           
20007da7  raise                           
20005c15  realloc                         
20007a99  signal                          
20008083  strchr                          
20008115  strlen                          
200078ed  uDMAChannelAssign               
20007515  uDMAChannelAttributeDisable     
20007579  uDMAChannelAttributeEnable      
20007b91  uDMAChannelControlSet           
20007fa1  uDMAChannelDisable              
20007fbd  uDMAChannelEnable               
20007939  uDMAChannelModeGet              
20007fd9  uDMAChannelRequest              
20006aed  uDMAChannelTransferSet          
20008129  uDMAControlBaseSet              
2000818d  uDMADisable                     
20008199  uDMAEnable                      
2000813d  uDMAIntClear                    
20008099  uDMAIntRegister                 
200081a5  uDMAIntStatus                   
20008151  uDMAIntUnregister               
20007079  vsnprintf                       


GLOBAL SYMBOLS: SORTED BY Symbol Address 

address   name                            
-------   ----                            
00001000  __STACK_SIZE                    
00008000  __SYSMEM_SIZE                   
20004000  g_pfnVectors                    
200051a1  __TI_printfi                    
200054a9  ADCIntHandler                   
20005553  InitAdcDma                      
20005615  DisplayBanner                   
200056e5  main                            
20005a5d  minit                           
20005aeb  malloc                          
20005b53  free                            
20005c15  realloc                         
20005d21  memalign                        
20005e05  calloc                          
20005e39  InitTerm                        
20005e57  Message                         
20005e79  ClearTerm                       
20005e83  Error                           
20005ebb  GetCmd                          
20005f61  TrimSpace                       
20005ff9  Report                          
200060b9  __aeabi_uldivmod                
200062ad  DmaSwIntHandler                 
200062c3  DmaErrorIntHandler              
200062cf  UDMAInit                        
20006337  UDMAChannelSelect               
20006365  UDMASetupAutoMemTransfer        
20006399  UDMASetupPingPongTransfer       
200063f3  UDMAStartTransfer               
200063ff  UDMAStopTransfer                
2000640b  UDMADeInit                      
2000641f  UDMASetupTransfer               
20006479  __aeabi_dsub                    
20006483  __aeabi_dadd                    
20006631  PRCMCC3200MCUInit               
200067a9  __aeabi_ddiv                    
200068e1  _Dscale                         
200069f1  __aeabi_dmul                    
20006aed  uDMAChannelTransferSet          
20006bdd  PinMuxConfig                    
20006cb1  _Dnorm                          
20006d71  IntDisable                      
20006e19  IntEnable                       
20006ec1  __aeabi_memcpy                  
20006ec1  __aeabi_memcpy4                 
20006ec1  __aeabi_memcpy8                 
20006ec1  memcpy                          
20006f5d  PRCMPeripheralClockGet          
20006ff1  PinConfigSet                    
20007079  vsnprintf                       
20007101  __aeabi_cdcmpeq                 
20007101  __aeabi_cdcmple                 
20007187  __aeabi_cdrcmple                
2000720d  __aeabi_memclr                  
2000720d  __aeabi_memclr4                 
2000720d  __aeabi_memclr8                 
2000720f  __aeabi_memset                  
2000720f  __aeabi_memset4                 
2000720f  __aeabi_memset8                 
20007215  memset                          
20007287  UARTConfigSetExpClk             
200072fd  __aeabi_d2f                     
2000736d  __TI_auto_init                  
20007445  ADCIntEnable                    
200074ad  _Dunscale                       
20007515  uDMAChannelAttributeDisable     
20007579  uDMAChannelAttributeEnable      
200075dd  __aeabi_cfcmpeq                 
200075dd  __aeabi_cfcmple                 
2000763d  __aeabi_cfrcmple                
2000769d  ADCIntStatus                    
200076f9  ADCIntClear                     
20007751  PRCMPeripheralReset             
200077a9  ltoa                            
20007801  IntPrioritySet                  
20007855  atoi                            
200078a1  copy_in                         
200078ed  uDMAChannelAssign               
20007939  uDMAChannelModeGet              
20007985  __aeabi_d2iz                    
200079cd  ldexp                           
20007a15  C$$EXIT                         
20007a19  abort                           
20007a21  exit                            
20007a59  PinModeSet                      
20007a99  signal                          
20007ad9  ADCIntRegister                  
20007b19  PRCMPeripheralClkEnable         
20007b55  _c_int00                        
20007b91  uDMAChannelControlSet           
20007bcd  ADCChannelDisable               
20007c05  ADCChannelEnable                
20007c3d  ADCDMADisable                   
20007c75  ADCDMAEnable                    
20007cad  __aeabi_f2d                     
20007ce5  feraiseexcept                   
20007d19  UARTDisable                     
20007d49  _Feraise                        
20007d79  __aeabi_i2d                     
20007da7  raise                           
20007dd5  PRCMSysResetCauseGet            
20007e01  _Dclass                         
20007e2d  PRCMPeripheralClkDisable        
20007e55  IntUnregister                   
20007e79  UARTEnable                      
20007e9d  memmove                         
20007ec1  __aeabi_ui2f                    
20007ee5  ADCTimerConfig                  
20007f07  frexp                           
20007f29  IntRegister                     
20007f49  UARTCharPut                     
20007f67  UARTCharGetNonBlocking          
20007f83  memccpy                         
20007fa1  uDMAChannelDisable              
20007fbd  uDMAChannelEnable               
20007fd9  uDMAChannelRequest              
20007ff5  PinTypeUART                     
2000800f  UARTCharsAvail                  
20008029  _args_main                      
20008041  ADCTimerEnable                  
20008057  PRCMHIBRegRead                  
2000806d  PRCMHIBRegWrite                 
20008083  strchr                          
20008099  uDMAIntRegister                 
200080af  ADCEnable                       
200080c3  CPUcpsie                        
200080d9  IntVTableBaseSet                
200080ed  PinTypeADC                      
20008101  _register_unlock                
20008107  _register_lock                  
2000810f  _nop                            
20008115  strlen                          
20008129  uDMAControlBaseSet              
2000813d  uDMAIntClear                    
20008151  uDMAIntUnregister               
20008163  __TI_decompress_none            
20008171  ResetISR                        
2000817f  __TI_zero_init                  
2000818d  uDMADisable                     
20008199  uDMAEnable                      
200081a5  uDMAIntStatus                   
200081b1  IntMasterEnable                 
200081bb  UtilsDelay                      
200081c1  __TI_decompress_rle24           
200081c7  _system_pre_init                
200081cc  _ctypes_                        
200085d0  __TI_static_base__              
20008628  __TI_Handler_Table_Base         
20008634  __TI_Handler_Table_Limit        
20008640  __TI_CINIT_Base                 
20008650  __TI_CINIT_Limit                
20017000  _sys_memory                     
2001f000  g_ulPing                        
20020000  g_ulPong                        
20021000  gpCtlTbl                        
20021400  gfpAppCallbackHndl              
20021504  g_ulPingCount                   
20021508  g_ulPing_CurrentReading         
2002150c  g_ulPing_LastReading            
20021510  g_ulPing_LastReadingBeforeFinish
20021514  g_ulPongCount                   
20021518  g_ulPong_CurrentReading         
2002151c  g_ulPong_LastReading            
20021520  g_ulPong_LastReadingBeforeFinish
20021524  g_ucPingflag                    
20021525  g_ucPongflag                    
20021526  iDone                           
200215d8  _Denorm                         
200215e8  _Eps                            
200215f8  _Hugeval                        
20021608  _Inf                            
20021618  _Nan                            
20021628  _Snan                           
20021638  _Rteps                          
20021648  _Xbig                           
20021650  _Zero                           
20021664  _lock                           
20021668  _unlock                         
2002166c  __TI_cleanup_ptr                
20021670  __TI_dtors_ptr                  
20021674  _Fenv                           
20021678  _Tls_setup__Fenv                
20021680  _Errno                          
20021684  main_func_sp                    
2002f000  __stack                         
20030000  __STACK_END                     
ffffffff  __binit__                       
ffffffff  __c_args__                      
ffffffff  binit                           
UNDEFED   SHT$$INIT_ARRAY$$Base           
UNDEFED   SHT$$INIT_ARRAY$$Limit          

[191 symbols]
