<?xml version="1.0"?>
<link_info>
   <banner>TI ARM Linker Unix v5.2.7</banner>
   <copyright>Copyright (c) 1996-2015 Texas Instruments Incorporated</copyright>
   <link_time>0x5733db57</link_time>
   <link_errors>0x0</link_errors>
   <output_file>Lab3_Part2.out</output_file>
   <entry_point>
      <name>_c_int00</name>
      <address>0x20008059</address>
   </entry_point>
   <input_file_list>
      <input_file id="fl-2">
         <path>./</path>
         <kind>object</kind>
         <file>adc_userinput.obj</file>
         <name>adc_userinput.obj</name>
      </input_file>
      <input_file id="fl-3">
         <path>./</path>
         <kind>object</kind>
         <file>gpio_if.obj</file>
         <name>gpio_if.obj</name>
      </input_file>
      <input_file id="fl-4">
         <path>./</path>
         <kind>object</kind>
         <file>main.obj</file>
         <name>main.obj</name>
      </input_file>
      <input_file id="fl-5">
         <path>./</path>
         <kind>object</kind>
         <file>pin_mux_config.obj</file>
         <name>pin_mux_config.obj</name>
      </input_file>
      <input_file id="fl-6">
         <path>./</path>
         <kind>object</kind>
         <file>startup_ccs.obj</file>
         <name>startup_ccs.obj</name>
      </input_file>
      <input_file id="fl-7">
         <path>./</path>
         <kind>object</kind>
         <file>uart_if.obj</file>
         <name>uart_if.obj</name>
      </input_file>
      <input_file id="fl-8">
         <path>./</path>
         <kind>object</kind>
         <file>udma_if.obj</file>
         <name>udma_if.obj</name>
      </input_file>
      <input_file id="fl-12f">
         <path>/home/chen/ti/ccsv6/tools/compiler/ti-cgt-arm_5.2.7/lib/</path>
         <kind>archive</kind>
         <file>rtsv7M4_T_le_eabi.lib</file>
         <name>boot.obj</name>
      </input_file>
      <input_file id="fl-130">
         <path>/home/chen/ti/ccsv6/tools/compiler/ti-cgt-arm_5.2.7/lib/</path>
         <kind>archive</kind>
         <file>rtsv7M4_T_le_eabi.lib</file>
         <name>copy_decompress_none.obj</name>
      </input_file>
      <input_file id="fl-131">
         <path>/home/chen/ti/ccsv6/tools/compiler/ti-cgt-arm_5.2.7/lib/</path>
         <kind>archive</kind>
         <file>rtsv7M4_T_le_eabi.lib</file>
         <name>copy_decompress_rle.obj</name>
      </input_file>
      <input_file id="fl-132">
         <path>/home/chen/ti/ccsv6/tools/compiler/ti-cgt-arm_5.2.7/lib/</path>
         <kind>archive</kind>
         <file>rtsv7M4_T_le_eabi.lib</file>
         <name>copy_zero_init.obj</name>
      </input_file>
      <input_file id="fl-133">
         <path>/home/chen/ti/ccsv6/tools/compiler/ti-cgt-arm_5.2.7/lib/</path>
         <kind>archive</kind>
         <file>rtsv7M4_T_le_eabi.lib</file>
         <name>exit.obj</name>
      </input_file>
      <input_file id="fl-134">
         <path>/home/chen/ti/ccsv6/tools/compiler/ti-cgt-arm_5.2.7/lib/</path>
         <kind>archive</kind>
         <file>rtsv7M4_T_le_eabi.lib</file>
         <name>fd_add_t2.obj</name>
      </input_file>
      <input_file id="fl-135">
         <path>/home/chen/ti/ccsv6/tools/compiler/ti-cgt-arm_5.2.7/lib/</path>
         <kind>archive</kind>
         <file>rtsv7M4_T_le_eabi.lib</file>
         <name>fd_cmp_t2.obj</name>
      </input_file>
      <input_file id="fl-136">
         <path>/home/chen/ti/ccsv6/tools/compiler/ti-cgt-arm_5.2.7/lib/</path>
         <kind>archive</kind>
         <file>rtsv7M4_T_le_eabi.lib</file>
         <name>fd_div_t2.obj</name>
      </input_file>
      <input_file id="fl-137">
         <path>/home/chen/ti/ccsv6/tools/compiler/ti-cgt-arm_5.2.7/lib/</path>
         <kind>archive</kind>
         <file>rtsv7M4_T_le_eabi.lib</file>
         <name>fd_mul_t2.obj</name>
      </input_file>
      <input_file id="fl-138">
         <path>/home/chen/ti/ccsv6/tools/compiler/ti-cgt-arm_5.2.7/lib/</path>
         <kind>archive</kind>
         <file>rtsv7M4_T_le_eabi.lib</file>
         <name>fd_tos_t2.obj</name>
      </input_file>
      <input_file id="fl-139">
         <path>/home/chen/ti/ccsv6/tools/compiler/ti-cgt-arm_5.2.7/lib/</path>
         <kind>archive</kind>
         <file>rtsv7M4_T_le_eabi.lib</file>
         <name>fs_add_t2.obj</name>
      </input_file>
      <input_file id="fl-13a">
         <path>/home/chen/ti/ccsv6/tools/compiler/ti-cgt-arm_5.2.7/lib/</path>
         <kind>archive</kind>
         <file>rtsv7M4_T_le_eabi.lib</file>
         <name>fs_cmp_t2.obj</name>
      </input_file>
      <input_file id="fl-13b">
         <path>/home/chen/ti/ccsv6/tools/compiler/ti-cgt-arm_5.2.7/lib/</path>
         <kind>archive</kind>
         <file>rtsv7M4_T_le_eabi.lib</file>
         <name>fs_tod_t2.obj</name>
      </input_file>
      <input_file id="fl-13c">
         <path>/home/chen/ti/ccsv6/tools/compiler/ti-cgt-arm_5.2.7/lib/</path>
         <kind>archive</kind>
         <file>rtsv7M4_T_le_eabi.lib</file>
         <name>memcpy_t2.obj</name>
      </input_file>
      <input_file id="fl-13d">
         <path>/home/chen/ti/ccsv6/tools/compiler/ti-cgt-arm_5.2.7/lib/</path>
         <kind>archive</kind>
         <file>rtsv7M4_T_le_eabi.lib</file>
         <name>memmov.obj</name>
      </input_file>
      <input_file id="fl-13e">
         <path>/home/chen/ti/ccsv6/tools/compiler/ti-cgt-arm_5.2.7/lib/</path>
         <kind>archive</kind>
         <file>rtsv7M4_T_le_eabi.lib</file>
         <name>memory.obj</name>
      </input_file>
      <input_file id="fl-13f">
         <path>/home/chen/ti/ccsv6/tools/compiler/ti-cgt-arm_5.2.7/lib/</path>
         <kind>archive</kind>
         <file>rtsv7M4_T_le_eabi.lib</file>
         <name>memset_t2.obj</name>
      </input_file>
      <input_file id="fl-140">
         <path>/home/chen/ti/ccsv6/tools/compiler/ti-cgt-arm_5.2.7/lib/</path>
         <kind>archive</kind>
         <file>rtsv7M4_T_le_eabi.lib</file>
         <name>pre_init.obj</name>
      </input_file>
      <input_file id="fl-141">
         <path>/home/chen/ti/ccsv6/tools/compiler/ti-cgt-arm_5.2.7/lib/</path>
         <kind>archive</kind>
         <file>rtsv7M4_T_le_eabi.lib</file>
         <name>stkdepth_vars.obj</name>
      </input_file>
      <input_file id="fl-142">
         <path>/home/chen/ti/ccsv6/tools/compiler/ti-cgt-arm_5.2.7/lib/</path>
         <kind>archive</kind>
         <file>rtsv7M4_T_le_eabi.lib</file>
         <name>strcmp.obj</name>
      </input_file>
      <input_file id="fl-143">
         <path>/home/chen/ti/ccsv6/tools/compiler/ti-cgt-arm_5.2.7/lib/</path>
         <kind>archive</kind>
         <file>rtsv7M4_T_le_eabi.lib</file>
         <name>strlen.obj</name>
      </input_file>
      <input_file id="fl-144">
         <path>/home/chen/ti/ccsv6/tools/compiler/ti-cgt-arm_5.2.7/lib/</path>
         <kind>archive</kind>
         <file>rtsv7M4_T_le_eabi.lib</file>
         <name>strtok.obj</name>
      </input_file>
      <input_file id="fl-145">
         <path>/home/chen/ti/ccsv6/tools/compiler/ti-cgt-arm_5.2.7/lib/</path>
         <kind>archive</kind>
         <file>rtsv7M4_T_le_eabi.lib</file>
         <name>u_tofd_t2.obj</name>
      </input_file>
      <input_file id="fl-146">
         <path>/home/chen/ti/ccsv6/tools/compiler/ti-cgt-arm_5.2.7/lib/</path>
         <kind>archive</kind>
         <file>rtsv7M4_T_le_eabi.lib</file>
         <name>u_tofs_t2.obj</name>
      </input_file>
      <input_file id="fl-147">
         <path>/home/chen/ti/ccsv6/tools/compiler/ti-cgt-arm_5.2.7/lib/</path>
         <kind>archive</kind>
         <file>rtsv7M4_T_le_eabi.lib</file>
         <name>vsnprintf.obj</name>
      </input_file>
      <input_file id="fl-148">
         <path>/home/chen/ti/ccsv6/tools/compiler/ti-cgt-arm_5.2.7/lib/</path>
         <kind>archive</kind>
         <file>rtsv7M4_T_le_eabi.lib</file>
         <name>_lock.obj</name>
      </input_file>
      <input_file id="fl-149">
         <path>/home/chen/ti/ccsv6/tools/compiler/ti-cgt-arm_5.2.7/lib/</path>
         <kind>archive</kind>
         <file>rtsv7M4_T_le_eabi.lib</file>
         <name>_printfi.obj</name>
      </input_file>
      <input_file id="fl-14a">
         <path>/home/chen/ti/ccsv6/tools/compiler/ti-cgt-arm_5.2.7/lib/</path>
         <kind>archive</kind>
         <file>rtsv7M4_T_le_eabi.lib</file>
         <name>args_main.obj</name>
      </input_file>
      <input_file id="fl-14b">
         <path>/home/chen/ti/ccsv6/tools/compiler/ti-cgt-arm_5.2.7/lib/</path>
         <kind>archive</kind>
         <file>rtsv7M4_T_le_eabi.lib</file>
         <name>atoi.obj</name>
      </input_file>
      <input_file id="fl-14c">
         <path>/home/chen/ti/ccsv6/tools/compiler/ti-cgt-arm_5.2.7/lib/</path>
         <kind>archive</kind>
         <file>rtsv7M4_T_le_eabi.lib</file>
         <name>autoinit.obj</name>
      </input_file>
      <input_file id="fl-14d">
         <path>/home/chen/ti/ccsv6/tools/compiler/ti-cgt-arm_5.2.7/lib/</path>
         <kind>archive</kind>
         <file>rtsv7M4_T_le_eabi.lib</file>
         <name>cpy_tbl.obj</name>
      </input_file>
      <input_file id="fl-14e">
         <path>/home/chen/ti/ccsv6/tools/compiler/ti-cgt-arm_5.2.7/lib/</path>
         <kind>archive</kind>
         <file>rtsv7M4_T_le_eabi.lib</file>
         <name>ctype.obj</name>
      </input_file>
      <input_file id="fl-14f">
         <path>/home/chen/ti/ccsv6/tools/compiler/ti-cgt-arm_5.2.7/lib/</path>
         <kind>archive</kind>
         <file>rtsv7M4_T_le_eabi.lib</file>
         <name>fd_toi_t2.obj</name>
      </input_file>
      <input_file id="fl-150">
         <path>/home/chen/ti/ccsv6/tools/compiler/ti-cgt-arm_5.2.7/lib/</path>
         <kind>archive</kind>
         <file>rtsv7M4_T_le_eabi.lib</file>
         <name>frexp.obj</name>
      </input_file>
      <input_file id="fl-151">
         <path>/home/chen/ti/ccsv6/tools/compiler/ti-cgt-arm_5.2.7/lib/</path>
         <kind>archive</kind>
         <file>rtsv7M4_T_le_eabi.lib</file>
         <name>i_tofd_t2.obj</name>
      </input_file>
      <input_file id="fl-152">
         <path>/home/chen/ti/ccsv6/tools/compiler/ti-cgt-arm_5.2.7/lib/</path>
         <kind>archive</kind>
         <file>rtsv7M4_T_le_eabi.lib</file>
         <name>ldexp.obj</name>
      </input_file>
      <input_file id="fl-153">
         <path>/home/chen/ti/ccsv6/tools/compiler/ti-cgt-arm_5.2.7/lib/</path>
         <kind>archive</kind>
         <file>rtsv7M4_T_le_eabi.lib</file>
         <name>ltoa.obj</name>
      </input_file>
      <input_file id="fl-154">
         <path>/home/chen/ti/ccsv6/tools/compiler/ti-cgt-arm_5.2.7/lib/</path>
         <kind>archive</kind>
         <file>rtsv7M4_T_le_eabi.lib</file>
         <name>memccpy.obj</name>
      </input_file>
      <input_file id="fl-155">
         <path>/home/chen/ti/ccsv6/tools/compiler/ti-cgt-arm_5.2.7/lib/</path>
         <kind>archive</kind>
         <file>rtsv7M4_T_le_eabi.lib</file>
         <name>strchr.obj</name>
      </input_file>
      <input_file id="fl-156">
         <path>/home/chen/ti/ccsv6/tools/compiler/ti-cgt-arm_5.2.7/lib/</path>
         <kind>archive</kind>
         <file>rtsv7M4_T_le_eabi.lib</file>
         <name>strcspn.obj</name>
      </input_file>
      <input_file id="fl-157">
         <path>/home/chen/ti/ccsv6/tools/compiler/ti-cgt-arm_5.2.7/lib/</path>
         <kind>archive</kind>
         <file>rtsv7M4_T_le_eabi.lib</file>
         <name>strspn.obj</name>
      </input_file>
      <input_file id="fl-158">
         <path>/home/chen/ti/ccsv6/tools/compiler/ti-cgt-arm_5.2.7/lib/</path>
         <kind>archive</kind>
         <file>rtsv7M4_T_le_eabi.lib</file>
         <name>ull_div_t2.obj</name>
      </input_file>
      <input_file id="fl-159">
         <path>/home/chen/ti/ccsv6/tools/compiler/ti-cgt-arm_5.2.7/lib/</path>
         <kind>archive</kind>
         <file>rtsv7M4_T_le_eabi.lib</file>
         <name>xdclass.obj</name>
      </input_file>
      <input_file id="fl-15a">
         <path>/home/chen/ti/ccsv6/tools/compiler/ti-cgt-arm_5.2.7/lib/</path>
         <kind>archive</kind>
         <file>rtsv7M4_T_le_eabi.lib</file>
         <name>xdscale.obj</name>
      </input_file>
      <input_file id="fl-15b">
         <path>/home/chen/ti/ccsv6/tools/compiler/ti-cgt-arm_5.2.7/lib/</path>
         <kind>archive</kind>
         <file>rtsv7M4_T_le_eabi.lib</file>
         <name>xdunscal.obj</name>
      </input_file>
      <input_file id="fl-15c">
         <path>/home/chen/ti/ccsv6/tools/compiler/ti-cgt-arm_5.2.7/lib/</path>
         <kind>archive</kind>
         <file>rtsv7M4_T_le_eabi.lib</file>
         <name>xferaise.obj</name>
      </input_file>
      <input_file id="fl-15d">
         <path>/home/chen/ti/ccsv6/tools/compiler/ti-cgt-arm_5.2.7/lib/</path>
         <kind>archive</kind>
         <file>rtsv7M4_T_le_eabi.lib</file>
         <name>xvalues.obj</name>
      </input_file>
      <input_file id="fl-15e">
         <path>/home/chen/ti/ccsv6/tools/compiler/ti-cgt-arm_5.2.7/lib/</path>
         <kind>archive</kind>
         <file>rtsv7M4_T_le_eabi.lib</file>
         <name>errno.obj</name>
      </input_file>
      <input_file id="fl-15f">
         <path>/home/chen/ti/ccsv6/tools/compiler/ti-cgt-arm_5.2.7/lib/</path>
         <kind>archive</kind>
         <file>rtsv7M4_T_le_eabi.lib</file>
         <name>feraiseexcept.obj</name>
      </input_file>
      <input_file id="fl-160">
         <path>/home/chen/ti/ccsv6/tools/compiler/ti-cgt-arm_5.2.7/lib/</path>
         <kind>archive</kind>
         <file>rtsv7M4_T_le_eabi.lib</file>
         <name>raise.obj</name>
      </input_file>
      <input_file id="fl-161">
         <path>/home/chen/ti/ccsv6/tools/compiler/ti-cgt-arm_5.2.7/lib/</path>
         <kind>archive</kind>
         <file>rtsv7M4_T_le_eabi.lib</file>
         <name>signal.obj</name>
      </input_file>
      <input_file id="fl-162">
         <path>/home/chen/ti/ccsv6/tools/compiler/ti-cgt-arm_5.2.7/lib/</path>
         <kind>archive</kind>
         <file>rtsv7M4_T_le_eabi.lib</file>
         <name>xdnorm.obj</name>
      </input_file>
      <input_file id="fl-163">
         <path>/home/chen/ti/CC3200SDK_1.2.0/cc3200-sdk/example/adc/ccs/../../../driverlib/ccs/Release/</path>
         <kind>archive</kind>
         <file>driverlib.a</file>
         <name>adc.obj</name>
      </input_file>
      <input_file id="fl-164">
         <path>/home/chen/ti/CC3200SDK_1.2.0/cc3200-sdk/example/adc/ccs/../../../driverlib/ccs/Release/</path>
         <kind>archive</kind>
         <file>driverlib.a</file>
         <name>gpio.obj</name>
      </input_file>
      <input_file id="fl-165">
         <path>/home/chen/ti/CC3200SDK_1.2.0/cc3200-sdk/example/adc/ccs/../../../driverlib/ccs/Release/</path>
         <kind>archive</kind>
         <file>driverlib.a</file>
         <name>interrupt.obj</name>
      </input_file>
      <input_file id="fl-166">
         <path>/home/chen/ti/CC3200SDK_1.2.0/cc3200-sdk/example/adc/ccs/../../../driverlib/ccs/Release/</path>
         <kind>archive</kind>
         <file>driverlib.a</file>
         <name>pin.obj</name>
      </input_file>
      <input_file id="fl-167">
         <path>/home/chen/ti/CC3200SDK_1.2.0/cc3200-sdk/example/adc/ccs/../../../driverlib/ccs/Release/</path>
         <kind>archive</kind>
         <file>driverlib.a</file>
         <name>prcm.obj</name>
      </input_file>
      <input_file id="fl-168">
         <path>/home/chen/ti/CC3200SDK_1.2.0/cc3200-sdk/example/adc/ccs/../../../driverlib/ccs/Release/</path>
         <kind>archive</kind>
         <file>driverlib.a</file>
         <name>uart.obj</name>
      </input_file>
      <input_file id="fl-169">
         <path>/home/chen/ti/CC3200SDK_1.2.0/cc3200-sdk/example/adc/ccs/../../../driverlib/ccs/Release/</path>
         <kind>archive</kind>
         <file>driverlib.a</file>
         <name>udma.obj</name>
      </input_file>
      <input_file id="fl-16a">
         <path>/home/chen/ti/CC3200SDK_1.2.0/cc3200-sdk/example/adc/ccs/../../../driverlib/ccs/Release/</path>
         <kind>archive</kind>
         <file>driverlib.a</file>
         <name>utils.obj</name>
      </input_file>
      <input_file id="fl-16b">
         <path>/home/chen/ti/CC3200SDK_1.2.0/cc3200-sdk/example/adc/ccs/../../../driverlib/ccs/Release/</path>
         <kind>archive</kind>
         <file>driverlib.a</file>
         <name>cpu.obj</name>
      </input_file>
      <input_file id="fl-16c">
         <path>/home/chen/ti/CC3200SDK_1.2.0/cc3200-sdk/example/adc/ccs/../../../driverlib/ccs/Release/</path>
         <kind>archive</kind>
         <file>driverlib.a</file>
         <name>flash.obj</name>
      </input_file>
   </input_file_list>
   <object_component_list>
      <object_component id="oc-f">
         <name>.intvecs</name>
         <load_address>0x20004000</load_address>
         <run_address>0x20004000</run_address>
         <size>0x400</size>
         <input_file_ref idref="fl-6"/>
      </object_component>
      <object_component id="oc-347">
         <name>.text</name>
         <load_address>0x20004400</load_address>
         <run_address>0x20004400</run_address>
         <size>0x10a6</size>
         <input_file_ref idref="fl-149"/>
      </object_component>
      <object_component id="oc-386">
         <name>.text:IntDefaultHandler</name>
         <load_address>0x200054a6</load_address>
         <run_address>0x200054a6</run_address>
         <size>0x2</size>
         <input_file_ref idref="fl-165"/>
      </object_component>
      <object_component id="oc-9f">
         <name>.text</name>
         <load_address>0x200054a8</load_address>
         <run_address>0x200054a8</run_address>
         <size>0x974</size>
         <input_file_ref idref="fl-4"/>
      </object_component>
      <object_component id="oc-281">
         <name>.text</name>
         <load_address>0x20005e1c</load_address>
         <run_address>0x20005e1c</run_address>
         <size>0x3dc</size>
         <input_file_ref idref="fl-13e"/>
      </object_component>
      <object_component id="oc-10d">
         <name>.text</name>
         <load_address>0x200061f8</load_address>
         <run_address>0x200061f8</run_address>
         <size>0x280</size>
         <input_file_ref idref="fl-7"/>
      </object_component>
      <object_component id="oc-393">
         <name>.text</name>
         <load_address>0x20006478</load_address>
         <run_address>0x20006478</run_address>
         <size>0x1f4</size>
         <input_file_ref idref="fl-158"/>
      </object_component>
      <object_component id="oc-e3">
         <name>.text</name>
         <load_address>0x2000666c</load_address>
         <run_address>0x2000666c</run_address>
         <size>0x1cc</size>
         <input_file_ref idref="fl-8"/>
      </object_component>
      <object_component id="oc-135">
         <name>.text</name>
         <load_address>0x20006838</load_address>
         <run_address>0x20006838</run_address>
         <size>0x1b6</size>
         <input_file_ref idref="fl-134"/>
      </object_component>
      <object_component id="oc-125">
         <name>.text:PRCMCC3200MCUInit</name>
         <load_address>0x200069f0</load_address>
         <run_address>0x200069f0</run_address>
         <size>0x178</size>
         <input_file_ref idref="fl-167"/>
      </object_component>
      <object_component id="oc-13a">
         <name>.text</name>
         <load_address>0x20006b68</load_address>
         <run_address>0x20006b68</run_address>
         <size>0x136</size>
         <input_file_ref idref="fl-136"/>
      </object_component>
      <object_component id="oc-178">
         <name>.text</name>
         <load_address>0x20006ca0</load_address>
         <run_address>0x20006ca0</run_address>
         <size>0x11c</size>
         <input_file_ref idref="fl-5"/>
      </object_component>
      <object_component id="oc-3fc">
         <name>.text</name>
         <load_address>0x20006dbc</load_address>
         <run_address>0x20006dbc</run_address>
         <size>0x110</size>
         <input_file_ref idref="fl-15a"/>
      </object_component>
      <object_component id="oc-130">
         <name>.text</name>
         <load_address>0x20006ecc</load_address>
         <run_address>0x20006ecc</run_address>
         <size>0xfc</size>
         <input_file_ref idref="fl-137"/>
      </object_component>
      <object_component id="oc-14b">
         <name>.text</name>
         <load_address>0x20006fc8</load_address>
         <run_address>0x20006fc8</run_address>
         <size>0xfa</size>
         <input_file_ref idref="fl-139"/>
      </object_component>
      <object_component id="oc-235">
         <name>.text:uDMAChannelTransferSet</name>
         <load_address>0x200070c4</load_address>
         <run_address>0x200070c4</run_address>
         <size>0xf0</size>
         <input_file_ref idref="fl-169"/>
      </object_component>
      <object_component id="oc-420">
         <name>.text</name>
         <load_address>0x200071b4</load_address>
         <run_address>0x200071b4</run_address>
         <size>0xbe</size>
         <input_file_ref idref="fl-162"/>
      </object_component>
      <object_component id="oc-317">
         <name>.text:IntDisable</name>
         <load_address>0x20007274</load_address>
         <run_address>0x20007274</run_address>
         <size>0xa8</size>
         <input_file_ref idref="fl-165"/>
      </object_component>
      <object_component id="oc-11f">
         <name>.text:IntEnable</name>
         <load_address>0x2000731c</load_address>
         <run_address>0x2000731c</run_address>
         <size>0xa8</size>
         <input_file_ref idref="fl-165"/>
      </object_component>
      <object_component id="oc-36">
         <name>.text</name>
         <load_address>0x200073c4</load_address>
         <run_address>0x200073c4</run_address>
         <size>0x9c</size>
         <input_file_ref idref="fl-13c"/>
      </object_component>
      <object_component id="oc-25d">
         <name>.text:PRCMPeripheralClockGet</name>
         <load_address>0x20007460</load_address>
         <run_address>0x20007460</run_address>
         <size>0x94</size>
         <input_file_ref idref="fl-167"/>
      </object_component>
      <object_component id="oc-370">
         <name>.text:PinConfigSet</name>
         <load_address>0x200074f4</load_address>
         <run_address>0x200074f4</run_address>
         <size>0x88</size>
         <input_file_ref idref="fl-166"/>
      </object_component>
      <object_component id="oc-26f">
         <name>.text</name>
         <load_address>0x2000757c</load_address>
         <run_address>0x2000757c</run_address>
         <size>0x88</size>
         <input_file_ref idref="fl-147"/>
      </object_component>
      <object_component id="oc-398">
         <name>.text:__aeabi_cdcmple</name>
         <load_address>0x20007604</load_address>
         <run_address>0x20007604</run_address>
         <size>0x86</size>
         <input_file_ref idref="fl-135"/>
      </object_component>
      <object_component id="oc-155">
         <name>.text:__aeabi_cdrcmple</name>
         <load_address>0x2000768a</load_address>
         <run_address>0x2000768a</run_address>
         <size>0x86</size>
         <input_file_ref idref="fl-135"/>
      </object_component>
      <object_component id="oc-4f">
         <name>.text</name>
         <load_address>0x20007710</load_address>
         <run_address>0x20007710</run_address>
         <size>0x7a</size>
         <input_file_ref idref="fl-13f"/>
      </object_component>
      <object_component id="oc-263">
         <name>.text:UARTConfigSetExpClk</name>
         <load_address>0x2000778a</load_address>
         <run_address>0x2000778a</run_address>
         <size>0x76</size>
         <input_file_ref idref="fl-168"/>
      </object_component>
      <object_component id="oc-19b">
         <name>.text</name>
         <load_address>0x20007800</load_address>
         <run_address>0x20007800</run_address>
         <size>0x6e</size>
         <input_file_ref idref="fl-138"/>
      </object_component>
      <object_component id="oc-61">
         <name>.text</name>
         <load_address>0x20007870</load_address>
         <run_address>0x20007870</run_address>
         <size>0x6c</size>
         <input_file_ref idref="fl-14c"/>
      </object_component>
      <object_component id="oc-42">
         <name>.text</name>
         <load_address>0x200078dc</load_address>
         <run_address>0x200078dc</run_address>
         <size>0x6a</size>
         <input_file_ref idref="fl-131"/>
      </object_component>
      <object_component id="oc-fb">
         <name>.text:ADCIntEnable</name>
         <load_address>0x20007948</load_address>
         <run_address>0x20007948</run_address>
         <size>0x68</size>
         <input_file_ref idref="fl-163"/>
      </object_component>
      <object_component id="oc-3f4">
         <name>.text</name>
         <load_address>0x200079b0</load_address>
         <run_address>0x200079b0</run_address>
         <size>0x66</size>
         <input_file_ref idref="fl-15b"/>
      </object_component>
      <object_component id="oc-20b">
         <name>.text:uDMAChannelAttributeDisable</name>
         <load_address>0x20007a18</load_address>
         <run_address>0x20007a18</run_address>
         <size>0x64</size>
         <input_file_ref idref="fl-169"/>
      </object_component>
      <object_component id="oc-22f">
         <name>.text:uDMAChannelAttributeEnable</name>
         <load_address>0x20007a7c</load_address>
         <run_address>0x20007a7c</run_address>
         <size>0x64</size>
         <input_file_ref idref="fl-169"/>
      </object_component>
      <object_component id="oc-15f">
         <name>.text:__aeabi_cfcmple</name>
         <load_address>0x20007ae0</load_address>
         <run_address>0x20007ae0</run_address>
         <size>0x60</size>
         <input_file_ref idref="fl-13a"/>
      </object_component>
      <object_component id="oc-15a">
         <name>.text:__aeabi_cfrcmple</name>
         <load_address>0x20007b40</load_address>
         <run_address>0x20007b40</run_address>
         <size>0x60</size>
         <input_file_ref idref="fl-13a"/>
      </object_component>
      <object_component id="oc-d1">
         <name>.text:ADCIntStatus</name>
         <load_address>0x20007ba0</load_address>
         <run_address>0x20007ba0</run_address>
         <size>0x5c</size>
         <input_file_ref idref="fl-163"/>
      </object_component>
      <object_component id="oc-d7">
         <name>.text:ADCIntClear</name>
         <load_address>0x20007bfc</load_address>
         <run_address>0x20007bfc</run_address>
         <size>0x58</size>
         <input_file_ref idref="fl-163"/>
      </object_component>
      <object_component id="oc-1ed">
         <name>.text:PRCMPeripheralReset</name>
         <load_address>0x20007c54</load_address>
         <run_address>0x20007c54</run_address>
         <size>0x58</size>
         <input_file_ref idref="fl-167"/>
      </object_component>
      <object_component id="oc-3a2">
         <name>.text</name>
         <load_address>0x20007cac</load_address>
         <run_address>0x20007cac</run_address>
         <size>0x56</size>
         <input_file_ref idref="fl-153"/>
      </object_component>
      <object_component id="oc-1f3">
         <name>.text:IntPrioritySet</name>
         <load_address>0x20007d04</load_address>
         <run_address>0x20007d04</run_address>
         <size>0x54</size>
         <input_file_ref idref="fl-165"/>
      </object_component>
      <object_component id="oc-3cb">
         <name>.text</name>
         <load_address>0x20007d58</load_address>
         <run_address>0x20007d58</run_address>
         <size>0x4c</size>
         <input_file_ref idref="fl-14b"/>
      </object_component>
      <object_component id="oc-97">
         <name>.text</name>
         <load_address>0x20007da4</load_address>
         <run_address>0x20007da4</run_address>
         <size>0x4c</size>
         <input_file_ref idref="fl-14d"/>
      </object_component>
      <object_component id="oc-e9">
         <name>.text:uDMAChannelAssign</name>
         <load_address>0x20007df0</load_address>
         <run_address>0x20007df0</run_address>
         <size>0x4c</size>
         <input_file_ref idref="fl-169"/>
      </object_component>
      <object_component id="oc-dd">
         <name>.text:uDMAChannelModeGet</name>
         <load_address>0x20007e3c</load_address>
         <run_address>0x20007e3c</run_address>
         <size>0x4c</size>
         <input_file_ref idref="fl-169"/>
      </object_component>
      <object_component id="oc-39d">
         <name>.text</name>
         <load_address>0x20007e88</load_address>
         <run_address>0x20007e88</run_address>
         <size>0x48</size>
         <input_file_ref idref="fl-14f"/>
      </object_component>
      <object_component id="oc-3b3">
         <name>.text</name>
         <load_address>0x20007ed0</load_address>
         <run_address>0x20007ed0</run_address>
         <size>0x46</size>
         <input_file_ref idref="fl-152"/>
      </object_component>
      <object_component id="oc-6d">
         <name>.text</name>
         <load_address>0x20007f18</load_address>
         <run_address>0x20007f18</run_address>
         <size>0x44</size>
         <input_file_ref idref="fl-133"/>
      </object_component>
      <object_component id="oc-2d1">
         <name>.text:PinModeSet</name>
         <load_address>0x20007f5c</load_address>
         <run_address>0x20007f5c</run_address>
         <size>0x40</size>
         <input_file_ref idref="fl-166"/>
      </object_component>
      <object_component id="oc-463">
         <name>.text</name>
         <load_address>0x20007f9c</load_address>
         <run_address>0x20007f9c</run_address>
         <size>0x40</size>
         <input_file_ref idref="fl-161"/>
      </object_component>
      <object_component id="oc-f5">
         <name>.text:ADCIntRegister</name>
         <load_address>0x20007fdc</load_address>
         <run_address>0x20007fdc</run_address>
         <size>0x3e</size>
         <input_file_ref idref="fl-163"/>
      </object_component>
      <object_component id="oc-1e7">
         <name>.text:PRCMPeripheralClkEnable</name>
         <load_address>0x2000801c</load_address>
         <run_address>0x2000801c</run_address>
         <size>0x3c</size>
         <input_file_ref idref="fl-167"/>
      </object_component>
      <object_component id="oc-24">
         <name>.text</name>
         <load_address>0x20008058</load_address>
         <run_address>0x20008058</run_address>
         <size>0x3c</size>
         <input_file_ref idref="fl-12f"/>
      </object_component>
      <object_component id="oc-229">
         <name>.text:uDMAChannelControlSet</name>
         <load_address>0x20008094</load_address>
         <run_address>0x20008094</run_address>
         <size>0x3c</size>
         <input_file_ref idref="fl-169"/>
      </object_component>
      <object_component id="oc-1b3">
         <name>.text:ADCChannelDisable</name>
         <load_address>0x200080d0</load_address>
         <run_address>0x200080d0</run_address>
         <size>0x38</size>
         <input_file_ref idref="fl-163"/>
      </object_component>
      <object_component id="oc-107">
         <name>.text:ADCChannelEnable</name>
         <load_address>0x20008108</load_address>
         <run_address>0x20008108</run_address>
         <size>0x38</size>
         <input_file_ref idref="fl-163"/>
      </object_component>
      <object_component id="oc-1ad">
         <name>.text:ADCDMADisable</name>
         <load_address>0x20008140</load_address>
         <run_address>0x20008140</run_address>
         <size>0x38</size>
         <input_file_ref idref="fl-163"/>
      </object_component>
      <object_component id="oc-ef">
         <name>.text:ADCDMAEnable</name>
         <load_address>0x20008178</load_address>
         <run_address>0x20008178</run_address>
         <size>0x38</size>
         <input_file_ref idref="fl-163"/>
      </object_component>
      <object_component id="oc-150">
         <name>.text</name>
         <load_address>0x200081b0</load_address>
         <run_address>0x200081b0</run_address>
         <size>0x38</size>
         <input_file_ref idref="fl-13b"/>
      </object_component>
      <object_component id="oc-2dd">
         <name>.text:GPIODirModeSet</name>
         <load_address>0x200081e8</load_address>
         <run_address>0x200081e8</run_address>
         <size>0x36</size>
         <input_file_ref idref="fl-164"/>
      </object_component>
      <object_component id="oc-42f">
         <name>.text</name>
         <load_address>0x20008220</load_address>
         <run_address>0x20008220</run_address>
         <size>0x34</size>
         <input_file_ref idref="fl-15f"/>
      </object_component>
      <object_component id="oc-2d7">
         <name>.text:PinTypeGPIO</name>
         <load_address>0x20008254</load_address>
         <run_address>0x20008254</run_address>
         <size>0x30</size>
         <input_file_ref idref="fl-166"/>
      </object_component>
      <object_component id="oc-339">
         <name>.text:UARTDisable</name>
         <load_address>0x20008284</load_address>
         <run_address>0x20008284</run_address>
         <size>0x30</size>
         <input_file_ref idref="fl-168"/>
      </object_component>
      <object_component id="oc-402">
         <name>.text</name>
         <load_address>0x200082b4</load_address>
         <run_address>0x200082b4</run_address>
         <size>0x30</size>
         <input_file_ref idref="fl-15c"/>
      </object_component>
      <object_component id="oc-3a8">
         <name>.text</name>
         <load_address>0x200082e4</load_address>
         <run_address>0x200082e4</run_address>
         <size>0x2e</size>
         <input_file_ref idref="fl-151"/>
      </object_component>
      <object_component id="oc-453">
         <name>.text</name>
         <load_address>0x20008312</load_address>
         <run_address>0x20008312</run_address>
         <size>0x2e</size>
         <input_file_ref idref="fl-160"/>
      </object_component>
      <object_component id="oc-2a6">
         <name>.text:PRCMSysResetCauseGet</name>
         <load_address>0x20008340</load_address>
         <run_address>0x20008340</run_address>
         <size>0x2c</size>
         <input_file_ref idref="fl-167"/>
      </object_component>
      <object_component id="oc-3bf">
         <name>.text</name>
         <load_address>0x2000836c</load_address>
         <run_address>0x2000836c</run_address>
         <size>0x2a</size>
         <input_file_ref idref="fl-159"/>
      </object_component>
      <object_component id="oc-2b8">
         <name>.text:PRCMPeripheralClkDisable</name>
         <load_address>0x20008398</load_address>
         <run_address>0x20008398</run_address>
         <size>0x28</size>
         <input_file_ref idref="fl-167"/>
      </object_component>
      <object_component id="oc-31d">
         <name>.text:IntUnregister</name>
         <load_address>0x200083c0</load_address>
         <run_address>0x200083c0</run_address>
         <size>0x24</size>
         <input_file_ref idref="fl-165"/>
      </object_component>
      <object_component id="oc-33f">
         <name>.text:UARTEnable</name>
         <load_address>0x200083e4</load_address>
         <run_address>0x200083e4</run_address>
         <size>0x24</size>
         <input_file_ref idref="fl-168"/>
      </object_component>
      <object_component id="oc-27b">
         <name>.text</name>
         <load_address>0x20008408</load_address>
         <run_address>0x20008408</run_address>
         <size>0x24</size>
         <input_file_ref idref="fl-13d"/>
      </object_component>
      <object_component id="oc-196">
         <name>.text</name>
         <load_address>0x2000842c</load_address>
         <run_address>0x2000842c</run_address>
         <size>0x24</size>
         <input_file_ref idref="fl-146"/>
      </object_component>
      <object_component id="oc-18a">
         <name>.text:ADCTimerConfig</name>
         <load_address>0x20008450</load_address>
         <run_address>0x20008450</run_address>
         <size>0x22</size>
         <input_file_ref idref="fl-163"/>
      </object_component>
      <object_component id="oc-3ad">
         <name>.text</name>
         <load_address>0x20008472</load_address>
         <run_address>0x20008472</run_address>
         <size>0x22</size>
         <input_file_ref idref="fl-150"/>
      </object_component>
      <object_component id="oc-172">
         <name>.text:GPIOPinWrite</name>
         <load_address>0x20008494</load_address>
         <run_address>0x20008494</run_address>
         <size>0x20</size>
         <input_file_ref idref="fl-164"/>
      </object_component>
      <object_component id="oc-252">
         <name>.text:IntRegister</name>
         <load_address>0x200084b4</load_address>
         <run_address>0x200084b4</run_address>
         <size>0x20</size>
         <input_file_ref idref="fl-165"/>
      </object_component>
      <object_component id="oc-12b">
         <name>.text</name>
         <load_address>0x200084d4</load_address>
         <run_address>0x200084d4</run_address>
         <size>0x20</size>
         <input_file_ref idref="fl-145"/>
      </object_component>
      <object_component id="oc-269">
         <name>.text:UARTCharPut</name>
         <load_address>0x200084f4</load_address>
         <run_address>0x200084f4</run_address>
         <size>0x1e</size>
         <input_file_ref idref="fl-168"/>
      </object_component>
      <object_component id="oc-184">
         <name>.text:UARTCharGetNonBlocking</name>
         <load_address>0x20008512</load_address>
         <run_address>0x20008512</run_address>
         <size>0x1c</size>
         <input_file_ref idref="fl-168"/>
      </object_component>
      <object_component id="oc-3c5">
         <name>.text</name>
         <load_address>0x2000852e</load_address>
         <run_address>0x2000852e</run_address>
         <size>0x1c</size>
         <input_file_ref idref="fl-154"/>
      </object_component>
      <object_component id="oc-217">
         <name>.text:uDMAChannelDisable</name>
         <load_address>0x2000854c</load_address>
         <run_address>0x2000854c</run_address>
         <size>0x1c</size>
         <input_file_ref idref="fl-169"/>
      </object_component>
      <object_component id="oc-23b">
         <name>.text:uDMAChannelEnable</name>
         <load_address>0x20008568</load_address>
         <run_address>0x20008568</run_address>
         <size>0x1c</size>
         <input_file_ref idref="fl-169"/>
      </object_component>
      <object_component id="oc-211">
         <name>.text:uDMAChannelRequest</name>
         <load_address>0x20008584</load_address>
         <run_address>0x20008584</run_address>
         <size>0x1c</size>
         <input_file_ref idref="fl-169"/>
      </object_component>
      <object_component id="oc-2e9">
         <name>.text:PinTypeUART</name>
         <load_address>0x200085a0</load_address>
         <run_address>0x200085a0</run_address>
         <size>0x1a</size>
         <input_file_ref idref="fl-166"/>
      </object_component>
      <object_component id="oc-1a4">
         <name>.text:GPIOPinRead</name>
         <load_address>0x200085ba</load_address>
         <run_address>0x200085ba</run_address>
         <size>0x18</size>
         <input_file_ref idref="fl-164"/>
      </object_component>
      <object_component id="oc-17e">
         <name>.text:UARTCharsAvail</name>
         <load_address>0x200085d2</load_address>
         <run_address>0x200085d2</run_address>
         <size>0x18</size>
         <input_file_ref idref="fl-168"/>
      </object_component>
      <object_component id="oc-67">
         <name>.text</name>
         <load_address>0x200085ec</load_address>
         <run_address>0x200085ec</run_address>
         <size>0x18</size>
         <input_file_ref idref="fl-14a"/>
      </object_component>
      <object_component id="oc-190">
         <name>.text:ADCTimerEnable</name>
         <load_address>0x20008604</load_address>
         <run_address>0x20008604</run_address>
         <size>0x16</size>
         <input_file_ref idref="fl-163"/>
      </object_component>
      <object_component id="oc-2ac">
         <name>.text:PRCMHIBRegRead</name>
         <load_address>0x2000861a</load_address>
         <run_address>0x2000861a</run_address>
         <size>0x16</size>
         <input_file_ref idref="fl-167"/>
      </object_component>
      <object_component id="oc-2b2">
         <name>.text:PRCMHIBRegWrite</name>
         <load_address>0x20008630</load_address>
         <run_address>0x20008630</run_address>
         <size>0x16</size>
         <input_file_ref idref="fl-167"/>
      </object_component>
      <object_component id="oc-3b9">
         <name>.text</name>
         <load_address>0x20008646</load_address>
         <run_address>0x20008646</run_address>
         <size>0x16</size>
         <input_file_ref idref="fl-155"/>
      </object_component>
      <object_component id="oc-1f9">
         <name>.text:uDMAIntRegister</name>
         <load_address>0x2000865c</load_address>
         <run_address>0x2000865c</run_address>
         <size>0x16</size>
         <input_file_ref idref="fl-169"/>
      </object_component>
      <object_component id="oc-101">
         <name>.text:ADCEnable</name>
         <load_address>0x20008672</load_address>
         <run_address>0x20008672</run_address>
         <size>0x14</size>
         <input_file_ref idref="fl-163"/>
      </object_component>
      <object_component id="oc-296">
         <name>.text:CPUcpsie</name>
         <load_address>0x20008686</load_address>
         <run_address>0x20008686</run_address>
         <size>0x14</size>
         <input_file_ref idref="fl-16b"/>
      </object_component>
      <object_component id="oc-113">
         <name>.text:IntVTableBaseSet</name>
         <load_address>0x2000869c</load_address>
         <run_address>0x2000869c</run_address>
         <size>0x14</size>
         <input_file_ref idref="fl-165"/>
      </object_component>
      <object_component id="oc-2e3">
         <name>.text:PinTypeADC</name>
         <load_address>0x200086b0</load_address>
         <run_address>0x200086b0</run_address>
         <size>0x14</size>
         <input_file_ref idref="fl-166"/>
      </object_component>
      <object_component id="oc-1c2">
         <name>.text</name>
         <load_address>0x200086c4</load_address>
         <run_address>0x200086c4</run_address>
         <size>0x14</size>
         <input_file_ref idref="fl-148"/>
      </object_component>
      <object_component id="oc-275">
         <name>.text</name>
         <load_address>0x200086d8</load_address>
         <run_address>0x200086d8</run_address>
         <size>0x14</size>
         <input_file_ref idref="fl-143"/>
      </object_component>
      <object_component id="oc-205">
         <name>.text:uDMAControlBaseSet</name>
         <load_address>0x200086ec</load_address>
         <run_address>0x200086ec</run_address>
         <size>0x14</size>
         <input_file_ref idref="fl-169"/>
      </object_component>
      <object_component id="oc-1e1">
         <name>.text:uDMAIntClear</name>
         <load_address>0x20008700</load_address>
         <run_address>0x20008700</run_address>
         <size>0x14</size>
         <input_file_ref idref="fl-169"/>
      </object_component>
      <object_component id="oc-21d">
         <name>.text:uDMAIntUnregister</name>
         <load_address>0x20008714</load_address>
         <run_address>0x20008714</run_address>
         <size>0x12</size>
         <input_file_ref idref="fl-169"/>
      </object_component>
      <object_component id="oc-12">
         <name>.text:decompress:none</name>
         <load_address>0x20008726</load_address>
         <run_address>0x20008726</run_address>
         <size>0xe</size>
         <input_file_ref idref="fl-130"/>
      </object_component>
      <object_component id="oc-2d">
         <name>.text</name>
         <load_address>0x20008734</load_address>
         <run_address>0x20008734</run_address>
         <size>0xe</size>
         <input_file_ref idref="fl-6"/>
      </object_component>
      <object_component id="oc-1e">
         <name>.text:decompress:ZI</name>
         <load_address>0x20008742</load_address>
         <run_address>0x20008742</run_address>
         <size>0xc</size>
         <input_file_ref idref="fl-132"/>
      </object_component>
      <object_component id="oc-223">
         <name>.text:uDMADisable</name>
         <load_address>0x20008750</load_address>
         <run_address>0x20008750</run_address>
         <size>0xc</size>
         <input_file_ref idref="fl-169"/>
      </object_component>
      <object_component id="oc-1ff">
         <name>.text:uDMAEnable</name>
         <load_address>0x2000875c</load_address>
         <run_address>0x2000875c</run_address>
         <size>0xc</size>
         <input_file_ref idref="fl-169"/>
      </object_component>
      <object_component id="oc-1db">
         <name>.text:uDMAIntStatus</name>
         <load_address>0x20008768</load_address>
         <run_address>0x20008768</run_address>
         <size>0xc</size>
         <input_file_ref idref="fl-169"/>
      </object_component>
      <object_component id="oc-119">
         <name>.text:IntMasterEnable</name>
         <load_address>0x20008774</load_address>
         <run_address>0x20008774</run_address>
         <size>0xa</size>
         <input_file_ref idref="fl-165"/>
      </object_component>
      <object_component id="oc-368">
         <name>.text:UtilsDelay</name>
         <load_address>0x2000877e</load_address>
         <run_address>0x2000877e</run_address>
         <size>0x6</size>
         <input_file_ref idref="fl-16a"/>
      </object_component>
      <object_component id="oc-18">
         <name>.text:decompress:rle24</name>
         <load_address>0x20008784</load_address>
         <run_address>0x20008784</run_address>
         <size>0x6</size>
         <input_file_ref idref="fl-131"/>
      </object_component>
      <object_component id="oc-5b">
         <name>.text</name>
         <load_address>0x2000878a</load_address>
         <run_address>0x2000878a</run_address>
         <size>0x4</size>
         <input_file_ref idref="fl-140"/>
      </object_component>
      <object_component id="oc-410">
         <name>.const:.string:_ctypes_</name>
         <load_address>0x20008790</load_address>
         <run_address>0x20008790</run_address>
         <size>0x101</size>
         <input_file_ref idref="fl-14e"/>
      </object_component>
      <object_component id="oc-36c">
         <name>.const:g_ulPinToPadMap</name>
         <load_address>0x20008894</load_address>
         <run_address>0x20008894</run_address>
         <size>0x100</size>
         <input_file_ref idref="fl-166"/>
      </object_component>
      <object_component id="oc-30d">
         <name>.const:g_pulRegs</name>
         <load_address>0x20008994</load_address>
         <run_address>0x20008994</run_address>
         <size>0xd4</size>
         <input_file_ref idref="fl-165"/>
      </object_component>
      <object_component id="oc-307">
         <name>.const:PRCM_PeriphRegsList</name>
         <load_address>0x20008a68</load_address>
         <run_address>0x20008a68</run_address>
         <size>0xa8</size>
         <input_file_ref idref="fl-167"/>
      </object_component>
      <object_component id="oc-2a2">
         <name>.const</name>
         <load_address>0x20008b10</load_address>
         <run_address>0x20008b10</run_address>
         <size>0x80</size>
         <input_file_ref idref="fl-165"/>
      </object_component>
      <object_component id="oc-4a9">
         <name>.cinit..data.load</name>
         <load_address>0x20008b90</load_address>
         <run_address>0x20008b90</run_address>
         <size>0x59</size>
      </object_component>
      <object_component id="oc-4a7">
         <name>__TI_handler_table</name>
         <load_address>0x20008bec</load_address>
         <run_address>0x20008bec</run_address>
         <size>0xc</size>
      </object_component>
      <object_component id="oc-4aa">
         <name>.cinit..bss.load</name>
         <load_address>0x20008bf8</load_address>
         <run_address>0x20008bf8</run_address>
         <size>0x8</size>
      </object_component>
      <object_component id="oc-4a8">
         <name>__TI_cinit_table</name>
         <load_address>0x20008c00</load_address>
         <run_address>0x20008c00</run_address>
         <size>0x10</size>
      </object_component>
      <object_component id="oc-2a">
         <name>.sysmem</name>
         <uninitialized>true</uninitialized>
         <run_address>0x20017000</run_address>
         <size>0x8</size>
         <input_file_ref idref="fl-13e"/>
      </object_component>
      <object_component id="oc-4ac">
         <name>.sysmem</name>
         <uninitialized>true</uninitialized>
         <run_address>0x20017000</run_address>
         <size>0x0</size>
      </object_component>
      <object_component id="oc-29">
         <name>.stack</name>
         <uninitialized>true</uninitialized>
         <run_address>0x2002f000</run_address>
         <size>0x0</size>
         <input_file_ref idref="fl-12f"/>
      </object_component>
      <object_component id="oc-4ab">
         <name>.stack</name>
         <uninitialized>true</uninitialized>
         <run_address>0x2002f000</run_address>
         <size>0x0</size>
      </object_component>
      <object_component id="oc-143">
         <name>.bss:g_ulPing</name>
         <uninitialized>true</uninitialized>
         <run_address>0x20021000</run_address>
         <size>0x1000</size>
         <input_file_ref idref="fl-4"/>
      </object_component>
      <object_component id="oc-148">
         <name>.bss:g_ulPong</name>
         <uninitialized>true</uninitialized>
         <run_address>0x20022000</run_address>
         <size>0x1000</size>
         <input_file_ref idref="fl-4"/>
      </object_component>
      <object_component id="oc-1a1">
         <name>.bss:scoringArray</name>
         <uninitialized>true</uninitialized>
         <run_address>0x2001f000</run_address>
         <size>0x2000</size>
         <input_file_ref idref="fl-4"/>
      </object_component>
      <object_component id="oc-247">
         <name>.bss:gfpAppCallbackHndl</name>
         <uninitialized>true</uninitialized>
         <run_address>0x20023400</run_address>
         <size>0x100</size>
         <input_file_ref idref="fl-8"/>
      </object_component>
      <object_component id="oc-244">
         <name>.bss:gpCtlTbl</name>
         <uninitialized>true</uninitialized>
         <run_address>0x20023000</run_address>
         <size>0x400</size>
         <input_file_ref idref="fl-8"/>
      </object_component>
      <object_component id="oc-142">
         <name>.common:g_ulPingCount</name>
         <uninitialized>true</uninitialized>
         <run_address>0x2002354c</run_address>
         <size>0x4</size>
      </object_component>
      <object_component id="oc-147">
         <name>.common:g_ulPongCount</name>
         <uninitialized>true</uninitialized>
         <run_address>0x20023550</run_address>
         <size>0x4</size>
      </object_component>
      <object_component id="oc-13f">
         <name>.common:g_ucPingflag</name>
         <uninitialized>true</uninitialized>
         <run_address>0x20023558</run_address>
         <size>0x1</size>
      </object_component>
      <object_component id="oc-146">
         <name>.common:g_ucPongflag</name>
         <uninitialized>true</uninitialized>
         <run_address>0x20023559</run_address>
         <size>0x1</size>
      </object_component>
      <object_component id="oc-16c">
         <name>.common:g_fPing_CurrentReading</name>
         <uninitialized>true</uninitialized>
         <run_address>0x2002351c</run_address>
         <size>0x4</size>
      </object_component>
      <object_component id="oc-170">
         <name>.common:g_fPong_CurrentReading</name>
         <uninitialized>true</uninitialized>
         <run_address>0x20023528</run_address>
         <size>0x4</size>
      </object_component>
      <object_component id="oc-16f">
         <name>.common:g_fPing_LastReading</name>
         <uninitialized>true</uninitialized>
         <run_address>0x20023520</run_address>
         <size>0x4</size>
      </object_component>
      <object_component id="oc-171">
         <name>.common:g_fPong_LastReading</name>
         <uninitialized>true</uninitialized>
         <run_address>0x2002352c</run_address>
         <size>0x4</size>
      </object_component>
      <object_component id="oc-1a0">
         <name>.common:g_fPing_LastReadingBeforeFinish</name>
         <uninitialized>true</uninitialized>
         <run_address>0x20023524</run_address>
         <size>0x4</size>
      </object_component>
      <object_component id="oc-16d">
         <name>.common:g_fPong_LastReadingBeforeFinish</name>
         <uninitialized>true</uninitialized>
         <run_address>0x20023530</run_address>
         <size>0x4</size>
      </object_component>
      <object_component id="oc-166">
         <name>.common:g_uiPing_CurrentTimeStamp</name>
         <uninitialized>true</uninitialized>
         <run_address>0x20023534</run_address>
         <size>0x4</size>
      </object_component>
      <object_component id="oc-167">
         <name>.common:g_uiPong_CurrentTimeStamp</name>
         <uninitialized>true</uninitialized>
         <run_address>0x20023540</run_address>
         <size>0x4</size>
      </object_component>
      <object_component id="oc-1ab">
         <name>.common:g_uiPing_LastTimeStamp</name>
         <uninitialized>true</uninitialized>
         <run_address>0x20023538</run_address>
         <size>0x4</size>
      </object_component>
      <object_component id="oc-1b9">
         <name>.common:g_uiPong_LastTimeStamp</name>
         <uninitialized>true</uninitialized>
         <run_address>0x20023544</run_address>
         <size>0x4</size>
      </object_component>
      <object_component id="oc-1aa">
         <name>.common:g_uiPing_LastTimeStampBeforeFinish</name>
         <uninitialized>true</uninitialized>
         <run_address>0x2002353c</run_address>
         <size>0x4</size>
      </object_component>
      <object_component id="oc-1ac">
         <name>.common:g_uiPong_LastTimeStampBeforeFinish</name>
         <uninitialized>true</uninitialized>
         <run_address>0x20023548</run_address>
         <size>0x4</size>
      </object_component>
      <object_component id="oc-164">
         <name>.common:g_ulpreviousTime</name>
         <uninitialized>true</uninitialized>
         <run_address>0x20023510</run_address>
         <size>0x8</size>
      </object_component>
      <object_component id="oc-165">
         <name>.common:g_ulcurrentTime</name>
         <uninitialized>true</uninitialized>
         <run_address>0x20023508</run_address>
         <size>0x8</size>
      </object_component>
      <object_component id="oc-16b">
         <name>.common:g_ffrequency</name>
         <uninitialized>true</uninitialized>
         <run_address>0x20023500</run_address>
         <size>0x8</size>
      </object_component>
      <object_component id="oc-16e">
         <name>.common:voltageDiff</name>
         <uninitialized>true</uninitialized>
         <run_address>0x20023554</run_address>
         <size>0x4</size>
      </object_component>
      <object_component id="oc-287">
         <name>.common:__Errorlog</name>
         <uninitialized>true</uninitialized>
         <run_address>0x20023518</run_address>
         <size>0x4</size>
      </object_component>
      <object_component id="oc-241">
         <name>.common:iDone</name>
         <uninitialized>true</uninitialized>
         <run_address>0x2002355a</run_address>
         <size>0x1</size>
      </object_component>
      <object_component id="oc-168">
         <name>.data</name>
         <load_address>0x20023690</load_address>
         <run_address>0x20023690</run_address>
         <size>0x18</size>
         <input_file_ref idref="fl-4"/>
      </object_component>
      <object_component id="oc-aa">
         <name>.data</name>
         <load_address>0x200236bc</load_address>
         <run_address>0x200236bc</run_address>
         <size>0x8</size>
         <input_file_ref idref="fl-133"/>
      </object_component>
      <object_component id="oc-35d">
         <name>.data</name>
         <load_address>0x200236a8</load_address>
         <run_address>0x200236a8</run_address>
         <size>0xc</size>
         <input_file_ref idref="fl-13e"/>
      </object_component>
      <object_component id="oc-73">
         <name>.data</name>
         <load_address>0x200236d0</load_address>
         <run_address>0x200236d0</run_address>
         <size>0x4</size>
         <input_file_ref idref="fl-141"/>
      </object_component>
      <object_component id="oc-a7">
         <name>.data</name>
         <load_address>0x200236b4</load_address>
         <run_address>0x200236b4</run_address>
         <size>0x8</size>
         <input_file_ref idref="fl-148"/>
      </object_component>
      <object_component id="oc-42a">
         <name>.data</name>
         <load_address>0x20023610</load_address>
         <run_address>0x20023610</run_address>
         <size>0x80</size>
         <input_file_ref idref="fl-15d"/>
      </object_component>
      <object_component id="oc-435">
         <name>.data</name>
         <load_address>0x200236cc</load_address>
         <run_address>0x200236cc</run_address>
         <size>0x4</size>
         <input_file_ref idref="fl-15e"/>
      </object_component>
      <object_component id="oc-459">
         <name>.data</name>
         <load_address>0x200236c4</load_address>
         <run_address>0x200236c4</run_address>
         <size>0x8</size>
         <input_file_ref idref="fl-15f"/>
      </object_component>
      <object_component id="oc-474">
         <name>.data:sigtable</name>
         <load_address>0x20023560</load_address>
         <run_address>0x20023560</run_address>
         <size>0xb0</size>
         <input_file_ref idref="fl-161"/>
      </object_component>
      <object_component id="oc-363">
         <name>.debug_info</name>
         <load_address>0x0</load_address>
         <run_address>0x0</run_address>
         <size>0x1a4</size>
         <input_file_ref idref="fl-2"/>
      </object_component>
      <object_component id="oc-37e">
         <name>.debug_info</name>
         <load_address>0x1a4</load_address>
         <run_address>0x1a4</run_address>
         <size>0x62</size>
         <input_file_ref idref="fl-2"/>
      </object_component>
      <object_component id="oc-be">
         <name>.debug_info</name>
         <load_address>0x206</load_address>
         <run_address>0x206</run_address>
         <size>0x8b</size>
         <input_file_ref idref="fl-2"/>
      </object_component>
      <object_component id="oc-29d">
         <name>.debug_info</name>
         <load_address>0x291</load_address>
         <run_address>0x291</run_address>
         <size>0x2c</size>
         <input_file_ref idref="fl-2"/>
      </object_component>
      <object_component id="oc-8e">
         <name>.debug_info</name>
         <load_address>0x2bd</load_address>
         <run_address>0x2bd</run_address>
         <size>0x2c</size>
         <input_file_ref idref="fl-2"/>
      </object_component>
      <object_component id="oc-28b">
         <name>.debug_info</name>
         <load_address>0x2e9</load_address>
         <run_address>0x2e9</run_address>
         <size>0x4e</size>
         <input_file_ref idref="fl-2"/>
      </object_component>
      <object_component id="oc-38d">
         <name>.debug_info</name>
         <load_address>0x337</load_address>
         <run_address>0x337</run_address>
         <size>0x2b5</size>
         <input_file_ref idref="fl-3"/>
      </object_component>
      <object_component id="oc-32b">
         <name>.debug_info</name>
         <load_address>0x5ec</load_address>
         <run_address>0x5ec</run_address>
         <size>0xc8</size>
         <input_file_ref idref="fl-3"/>
      </object_component>
      <object_component id="oc-7e">
         <name>.debug_info</name>
         <load_address>0x6b4</load_address>
         <run_address>0x6b4</run_address>
         <size>0x84</size>
         <input_file_ref idref="fl-3"/>
      </object_component>
      <object_component id="oc-140">
         <name>.debug_info</name>
         <load_address>0x738</load_address>
         <run_address>0x738</run_address>
         <size>0xadd</size>
         <input_file_ref idref="fl-4"/>
      </object_component>
      <object_component id="oc-144">
         <name>.debug_info</name>
         <load_address>0x1215</load_address>
         <run_address>0x1215</run_address>
         <size>0xcb</size>
         <input_file_ref idref="fl-4"/>
      </object_component>
      <object_component id="oc-149">
         <name>.debug_info</name>
         <load_address>0x12e0</load_address>
         <run_address>0x12e0</run_address>
         <size>0xcb</size>
         <input_file_ref idref="fl-4"/>
      </object_component>
      <object_component id="oc-169">
         <name>.debug_info</name>
         <load_address>0x13ab</load_address>
         <run_address>0x13ab</run_address>
         <size>0x149</size>
         <input_file_ref idref="fl-4"/>
      </object_component>
      <object_component id="oc-1a2">
         <name>.debug_info</name>
         <load_address>0x14f4</load_address>
         <run_address>0x14f4</run_address>
         <size>0xd3</size>
         <input_file_ref idref="fl-4"/>
      </object_component>
      <object_component id="oc-a0">
         <name>.debug_info</name>
         <load_address>0x15c7</load_address>
         <run_address>0x15c7</run_address>
         <size>0xc11</size>
         <input_file_ref idref="fl-4"/>
      </object_component>
      <object_component id="oc-290">
         <name>.debug_info</name>
         <load_address>0x21d8</load_address>
         <run_address>0x21d8</run_address>
         <size>0x110</size>
         <input_file_ref idref="fl-4"/>
      </object_component>
      <object_component id="oc-300">
         <name>.debug_info</name>
         <load_address>0x22e8</load_address>
         <run_address>0x22e8</run_address>
         <size>0x86</size>
         <input_file_ref idref="fl-4"/>
      </object_component>
      <object_component id="oc-24b">
         <name>.debug_info</name>
         <load_address>0x236e</load_address>
         <run_address>0x236e</run_address>
         <size>0x2c</size>
         <input_file_ref idref="fl-4"/>
      </object_component>
      <object_component id="oc-179">
         <name>.debug_info</name>
         <load_address>0x239a</load_address>
         <run_address>0x239a</run_address>
         <size>0x3ab</size>
         <input_file_ref idref="fl-5"/>
      </object_component>
      <object_component id="oc-35">
         <name>.debug_info</name>
         <load_address>0x2745</load_address>
         <run_address>0x2745</run_address>
         <size>0x12a</size>
         <input_file_ref idref="fl-6"/>
      </object_component>
      <object_component id="oc-10">
         <name>.debug_info</name>
         <load_address>0x286f</load_address>
         <run_address>0x286f</run_address>
         <size>0x10f</size>
         <input_file_ref idref="fl-6"/>
      </object_component>
      <object_component id="oc-2e">
         <name>.debug_info</name>
         <load_address>0x297e</load_address>
         <run_address>0x297e</run_address>
         <size>0x480</size>
         <input_file_ref idref="fl-6"/>
      </object_component>
      <object_component id="oc-288">
         <name>.debug_info</name>
         <load_address>0x2dfe</load_address>
         <run_address>0x2dfe</run_address>
         <size>0x3aa</size>
         <input_file_ref idref="fl-7"/>
      </object_component>
      <object_component id="oc-10e">
         <name>.debug_info</name>
         <load_address>0x31a8</load_address>
         <run_address>0x31a8</run_address>
         <size>0x953</size>
         <input_file_ref idref="fl-7"/>
      </object_component>
      <object_component id="oc-242">
         <name>.debug_info</name>
         <load_address>0x3afb</load_address>
         <run_address>0x3afb</run_address>
         <size>0x528</size>
         <input_file_ref idref="fl-8"/>
      </object_component>
      <object_component id="oc-248">
         <name>.debug_info</name>
         <load_address>0x4023</load_address>
         <run_address>0x4023</run_address>
         <size>0xe2</size>
         <input_file_ref idref="fl-8"/>
      </object_component>
      <object_component id="oc-245">
         <name>.debug_info</name>
         <load_address>0x4105</load_address>
         <run_address>0x4105</run_address>
         <size>0xce</size>
         <input_file_ref idref="fl-8"/>
      </object_component>
      <object_component id="oc-e4">
         <name>.debug_info</name>
         <load_address>0x41d3</load_address>
         <run_address>0x41d3</run_address>
         <size>0xb03</size>
         <input_file_ref idref="fl-8"/>
      </object_component>
      <object_component id="oc-25">
         <name>.debug_info</name>
         <load_address>0x4cd6</load_address>
         <run_address>0x4cd6</run_address>
         <size>0x169</size>
         <input_file_ref idref="fl-12f"/>
      </object_component>
      <object_component id="oc-41">
         <name>.debug_info</name>
         <load_address>0x4e3f</load_address>
         <run_address>0x4e3f</run_address>
         <size>0x156</size>
         <input_file_ref idref="fl-130"/>
      </object_component>
      <object_component id="oc-14">
         <name>.debug_info</name>
         <load_address>0x4f95</load_address>
         <run_address>0x4f95</run_address>
         <size>0x1f5</size>
         <input_file_ref idref="fl-130"/>
      </object_component>
      <object_component id="oc-3c">
         <name>.debug_info</name>
         <load_address>0x518a</load_address>
         <run_address>0x518a</run_address>
         <size>0x46</size>
         <input_file_ref idref="fl-130"/>
      </object_component>
      <object_component id="oc-84">
         <name>.debug_info</name>
         <load_address>0x51d0</load_address>
         <run_address>0x51d0</run_address>
         <size>0x2c</size>
         <input_file_ref idref="fl-130"/>
      </object_component>
      <object_component id="oc-49">
         <name>.debug_info</name>
         <load_address>0x51fc</load_address>
         <run_address>0x51fc</run_address>
         <size>0x14a</size>
         <input_file_ref idref="fl-131"/>
      </object_component>
      <object_component id="oc-43">
         <name>.debug_info</name>
         <load_address>0x5346</load_address>
         <run_address>0x5346</run_address>
         <size>0x25d</size>
         <input_file_ref idref="fl-131"/>
      </object_component>
      <object_component id="oc-19">
         <name>.debug_info</name>
         <load_address>0x55a3</load_address>
         <run_address>0x55a3</run_address>
         <size>0x1c7</size>
         <input_file_ref idref="fl-131"/>
      </object_component>
      <object_component id="oc-4a">
         <name>.debug_info</name>
         <load_address>0x576a</load_address>
         <run_address>0x576a</run_address>
         <size>0x39</size>
         <input_file_ref idref="fl-131"/>
      </object_component>
      <object_component id="oc-5a">
         <name>.debug_info</name>
         <load_address>0x57a3</load_address>
         <run_address>0x57a3</run_address>
         <size>0x145</size>
         <input_file_ref idref="fl-132"/>
      </object_component>
      <object_component id="oc-1f">
         <name>.debug_info</name>
         <load_address>0x58e8</load_address>
         <run_address>0x58e8</run_address>
         <size>0x1c0</size>
         <input_file_ref idref="fl-132"/>
      </object_component>
      <object_component id="oc-55">
         <name>.debug_info</name>
         <load_address>0x5aa8</load_address>
         <run_address>0x5aa8</run_address>
         <size>0x46</size>
         <input_file_ref idref="fl-132"/>
      </object_component>
      <object_component id="oc-ae">
         <name>.debug_info</name>
         <load_address>0x5aee</load_address>
         <run_address>0x5aee</run_address>
         <size>0x1a7</size>
         <input_file_ref idref="fl-133"/>
      </object_component>
      <object_component id="oc-ab">
         <name>.debug_info</name>
         <load_address>0x5c95</load_address>
         <run_address>0x5c95</run_address>
         <size>0x14c</size>
         <input_file_ref idref="fl-133"/>
      </object_component>
      <object_component id="oc-6e">
         <name>.debug_info</name>
         <load_address>0x5de1</load_address>
         <run_address>0x5de1</run_address>
         <size>0x223</size>
         <input_file_ref idref="fl-133"/>
      </object_component>
      <object_component id="oc-136">
         <name>.debug_info</name>
         <load_address>0x6004</load_address>
         <run_address>0x6004</run_address>
         <size>0x15e</size>
         <input_file_ref idref="fl-134"/>
      </object_component>
      <object_component id="oc-399">
         <name>.debug_info</name>
         <load_address>0x6162</load_address>
         <run_address>0x6162</run_address>
         <size>0x13a</size>
         <input_file_ref idref="fl-135"/>
      </object_component>
      <object_component id="oc-156">
         <name>.debug_info</name>
         <load_address>0x629c</load_address>
         <run_address>0x629c</run_address>
         <size>0x13c</size>
         <input_file_ref idref="fl-135"/>
      </object_component>
      <object_component id="oc-13b">
         <name>.debug_info</name>
         <load_address>0x63d8</load_address>
         <run_address>0x63d8</run_address>
         <size>0x14c</size>
         <input_file_ref idref="fl-136"/>
      </object_component>
      <object_component id="oc-131">
         <name>.debug_info</name>
         <load_address>0x6524</load_address>
         <run_address>0x6524</run_address>
         <size>0x14c</size>
         <input_file_ref idref="fl-137"/>
      </object_component>
      <object_component id="oc-19c">
         <name>.debug_info</name>
         <load_address>0x6670</load_address>
         <run_address>0x6670</run_address>
         <size>0x150</size>
         <input_file_ref idref="fl-138"/>
      </object_component>
      <object_component id="oc-14c">
         <name>.debug_info</name>
         <load_address>0x67c0</load_address>
         <run_address>0x67c0</run_address>
         <size>0x152</size>
         <input_file_ref idref="fl-139"/>
      </object_component>
      <object_component id="oc-160">
         <name>.debug_info</name>
         <load_address>0x6912</load_address>
         <run_address>0x6912</run_address>
         <size>0x15e</size>
         <input_file_ref idref="fl-13a"/>
      </object_component>
      <object_component id="oc-15b">
         <name>.debug_info</name>
         <load_address>0x6a70</load_address>
         <run_address>0x6a70</run_address>
         <size>0x160</size>
         <input_file_ref idref="fl-13a"/>
      </object_component>
      <object_component id="oc-151">
         <name>.debug_info</name>
         <load_address>0x6bd0</load_address>
         <run_address>0x6bd0</run_address>
         <size>0x13e</size>
         <input_file_ref idref="fl-13b"/>
      </object_component>
      <object_component id="oc-37">
         <name>.debug_info</name>
         <load_address>0x6d0e</load_address>
         <run_address>0x6d0e</run_address>
         <size>0x12b</size>
         <input_file_ref idref="fl-13c"/>
      </object_component>
      <object_component id="oc-35c">
         <name>.debug_info</name>
         <load_address>0x6e39</load_address>
         <run_address>0x6e39</run_address>
         <size>0x142</size>
         <input_file_ref idref="fl-13d"/>
      </object_component>
      <object_component id="oc-27c">
         <name>.debug_info</name>
         <load_address>0x6f7b</load_address>
         <run_address>0x6f7b</run_address>
         <size>0x1c1</size>
         <input_file_ref idref="fl-13d"/>
      </object_component>
      <object_component id="oc-79">
         <name>.debug_info</name>
         <load_address>0x713c</load_address>
         <run_address>0x713c</run_address>
         <size>0x238</size>
         <input_file_ref idref="fl-13e"/>
      </object_component>
      <object_component id="oc-2b">
         <name>.debug_info</name>
         <load_address>0x7374</load_address>
         <run_address>0x7374</run_address>
         <size>0x117</size>
         <input_file_ref idref="fl-13e"/>
      </object_component>
      <object_component id="oc-35e">
         <name>.debug_info</name>
         <load_address>0x748b</load_address>
         <run_address>0x748b</run_address>
         <size>0x162</size>
         <input_file_ref idref="fl-13e"/>
      </object_component>
      <object_component id="oc-282">
         <name>.debug_info</name>
         <load_address>0x75ed</load_address>
         <run_address>0x75ed</run_address>
         <size>0x8a1</size>
         <input_file_ref idref="fl-13e"/>
      </object_component>
      <object_component id="oc-b4">
         <name>.debug_info</name>
         <load_address>0x7e8e</load_address>
         <run_address>0x7e8e</run_address>
         <size>0x2c</size>
         <input_file_ref idref="fl-13e"/>
      </object_component>
      <object_component id="oc-b9">
         <name>.debug_info</name>
         <load_address>0x7eba</load_address>
         <run_address>0x7eba</run_address>
         <size>0x62</size>
         <input_file_ref idref="fl-13e"/>
      </object_component>
      <object_component id="oc-50">
         <name>.debug_info</name>
         <load_address>0x7f1c</load_address>
         <run_address>0x7f1c</run_address>
         <size>0x159</size>
         <input_file_ref idref="fl-13f"/>
      </object_component>
      <object_component id="oc-5c">
         <name>.debug_info</name>
         <load_address>0x8075</load_address>
         <run_address>0x8075</run_address>
         <size>0x15e</size>
         <input_file_ref idref="fl-140"/>
      </object_component>
      <object_component id="oc-74">
         <name>.debug_info</name>
         <load_address>0x81d3</load_address>
         <run_address>0x81d3</run_address>
         <size>0x11f</size>
         <input_file_ref idref="fl-141"/>
      </object_component>
      <object_component id="oc-35a">
         <name>.debug_info</name>
         <load_address>0x82f2</load_address>
         <run_address>0x82f2</run_address>
         <size>0x100</size>
         <input_file_ref idref="fl-143"/>
      </object_component>
      <object_component id="oc-276">
         <name>.debug_info</name>
         <load_address>0x83f2</load_address>
         <run_address>0x83f2</run_address>
         <size>0x276</size>
         <input_file_ref idref="fl-143"/>
      </object_component>
      <object_component id="oc-12c">
         <name>.debug_info</name>
         <load_address>0x8668</load_address>
         <run_address>0x8668</run_address>
         <size>0x140</size>
         <input_file_ref idref="fl-145"/>
      </object_component>
      <object_component id="oc-197">
         <name>.debug_info</name>
         <load_address>0x87a8</load_address>
         <run_address>0x87a8</run_address>
         <size>0x13d</size>
         <input_file_ref idref="fl-146"/>
      </object_component>
      <object_component id="oc-34e">
         <name>.debug_info</name>
         <load_address>0x88e5</load_address>
         <run_address>0x88e5</run_address>
         <size>0x1de</size>
         <input_file_ref idref="fl-147"/>
      </object_component>
      <object_component id="oc-270">
         <name>.debug_info</name>
         <load_address>0x8ac3</load_address>
         <run_address>0x8ac3</run_address>
         <size>0x372</size>
         <input_file_ref idref="fl-147"/>
      </object_component>
      <object_component id="oc-34f">
         <name>.debug_info</name>
         <load_address>0x8e35</load_address>
         <run_address>0x8e35</run_address>
         <size>0x2c</size>
         <input_file_ref idref="fl-147"/>
      </object_component>
      <object_component id="oc-354">
         <name>.debug_info</name>
         <load_address>0x8e61</load_address>
         <run_address>0x8e61</run_address>
         <size>0x69</size>
         <input_file_ref idref="fl-147"/>
      </object_component>
      <object_component id="oc-1ca">
         <name>.debug_info</name>
         <load_address>0x8eca</load_address>
         <run_address>0x8eca</run_address>
         <size>0x13a</size>
         <input_file_ref idref="fl-148"/>
      </object_component>
      <object_component id="oc-a8">
         <name>.debug_info</name>
         <load_address>0x9004</load_address>
         <run_address>0x9004</run_address>
         <size>0x129</size>
         <input_file_ref idref="fl-148"/>
      </object_component>
      <object_component id="oc-1c3">
         <name>.debug_info</name>
         <load_address>0x912d</load_address>
         <run_address>0x912d</run_address>
         <size>0x235</size>
         <input_file_ref idref="fl-148"/>
      </object_component>
      <object_component id="oc-3d2">
         <name>.debug_info</name>
         <load_address>0x9362</load_address>
         <run_address>0x9362</run_address>
         <size>0x36d</size>
         <input_file_ref idref="fl-149"/>
      </object_component>
      <object_component id="oc-348">
         <name>.debug_info</name>
         <load_address>0x96cf</load_address>
         <run_address>0x96cf</run_address>
         <size>0x181d</size>
         <input_file_ref idref="fl-149"/>
      </object_component>
      <object_component id="oc-3d3">
         <name>.debug_info</name>
         <load_address>0xaeec</load_address>
         <run_address>0xaeec</run_address>
         <size>0x86</size>
         <input_file_ref idref="fl-149"/>
      </object_component>
      <object_component id="oc-417">
         <name>.debug_info</name>
         <load_address>0xaf72</load_address>
         <run_address>0xaf72</run_address>
         <size>0x46</size>
         <input_file_ref idref="fl-149"/>
      </object_component>
      <object_component id="oc-3d8">
         <name>.debug_info</name>
         <load_address>0xafb8</load_address>
         <run_address>0xafb8</run_address>
         <size>0x39</size>
         <input_file_ref idref="fl-149"/>
      </object_component>
      <object_component id="oc-a6">
         <name>.debug_info</name>
         <load_address>0xaff1</load_address>
         <run_address>0xaff1</run_address>
         <size>0x17c</size>
         <input_file_ref idref="fl-14a"/>
      </object_component>
      <object_component id="oc-68">
         <name>.debug_info</name>
         <load_address>0xb16d</load_address>
         <run_address>0xb16d</run_address>
         <size>0x17d</size>
         <input_file_ref idref="fl-14a"/>
      </object_component>
      <object_component id="oc-1bd">
         <name>.debug_info</name>
         <load_address>0xb2ea</load_address>
         <run_address>0xb2ea</run_address>
         <size>0x5e</size>
         <input_file_ref idref="fl-14a"/>
      </object_component>
      <object_component id="oc-414">
         <name>.debug_info</name>
         <load_address>0xb348</load_address>
         <run_address>0xb348</run_address>
         <size>0x12a</size>
         <input_file_ref idref="fl-14b"/>
      </object_component>
      <object_component id="oc-3cc">
         <name>.debug_info</name>
         <load_address>0xb472</load_address>
         <run_address>0xb472</run_address>
         <size>0x187</size>
[...]
      <symbol id="sm-343">
         <name>memcpy</name>
         <value>0x200073c5</value>
         <object_component_ref idref="oc-36"/>
      </symbol>
      <symbol id="sm-344">
         <name>__aeabi_memcpy</name>
         <value>0x200073c5</value>
         <object_component_ref idref="oc-36"/>
      </symbol>
      <symbol id="sm-345">
         <name>__aeabi_memcpy8</name>
         <value>0x200073c5</value>
         <object_component_ref idref="oc-36"/>
      </symbol>
      <symbol id="sm-346">
         <name>__aeabi_memcpy4</name>
         <value>0x200073c5</value>
         <object_component_ref idref="oc-36"/>
      </symbol>
      <symbol id="sm-356">
         <name>memmove</name>
         <value>0x20008409</value>
         <object_component_ref idref="oc-27b"/>
      </symbol>
      <symbol id="sm-3cd">
         <name>_sys_memory</name>
         <value>0x20017000</value>
         <object_component_ref idref="oc-2a"/>
      </symbol>
      <symbol id="sm-3ce">
         <name>free</name>
         <value>0x20005f13</value>
         <object_component_ref idref="oc-281"/>
      </symbol>
      <symbol id="sm-3cf">
         <name>realloc</name>
         <value>0x20005fd5</value>
         <object_component_ref idref="oc-281"/>
      </symbol>
      <symbol id="sm-3d0">
         <name>memalign</name>
         <value>0x200060e1</value>
         <object_component_ref idref="oc-281"/>
      </symbol>
      <symbol id="sm-3d1">
         <name>calloc</name>
         <value>0x200061c5</value>
         <object_component_ref idref="oc-281"/>
      </symbol>
      <symbol id="sm-3d2">
         <name>malloc</name>
         <value>0x20005eab</value>
         <object_component_ref idref="oc-281"/>
      </symbol>
      <symbol id="sm-3d3">
         <name>minit</name>
         <value>0x20005e1d</value>
         <object_component_ref idref="oc-281"/>
      </symbol>
      <symbol id="sm-3e2">
         <name>__aeabi_memset</name>
         <value>0x20007713</value>
         <object_component_ref idref="oc-4f"/>
      </symbol>
      <symbol id="sm-3e3">
         <name>memset</name>
         <value>0x20007719</value>
         <object_component_ref idref="oc-4f"/>
      </symbol>
      <symbol id="sm-3e4">
         <name>__aeabi_memset8</name>
         <value>0x20007713</value>
         <object_component_ref idref="oc-4f"/>
      </symbol>
      <symbol id="sm-3e5">
         <name>__aeabi_memset4</name>
         <value>0x20007713</value>
         <object_component_ref idref="oc-4f"/>
      </symbol>
      <symbol id="sm-3e6">
         <name>__aeabi_memclr8</name>
         <value>0x20007711</value>
         <object_component_ref idref="oc-4f"/>
      </symbol>
      <symbol id="sm-3e7">
         <name>__aeabi_memclr4</name>
         <value>0x20007711</value>
         <object_component_ref idref="oc-4f"/>
      </symbol>
      <symbol id="sm-3e8">
         <name>__aeabi_memclr</name>
         <value>0x20007711</value>
         <object_component_ref idref="oc-4f"/>
      </symbol>
      <symbol id="sm-3f2">
         <name>_system_pre_init</name>
         <value>0x2000878b</value>
         <object_component_ref idref="oc-5b"/>
      </symbol>
      <symbol id="sm-3fa">
         <name>main_func_sp</name>
         <value>0x200236d0</value>
         <object_component_ref idref="oc-73"/>
      </symbol>
      <symbol id="sm-409">
         <name>strlen</name>
         <value>0x200086d9</value>
         <object_component_ref idref="oc-275"/>
      </symbol>
      <symbol id="sm-416">
         <name>__aeabi_ui2d</name>
         <value>0x200084d5</value>
         <object_component_ref idref="oc-12b"/>
      </symbol>
      <symbol id="sm-422">
         <name>__aeabi_ui2f</name>
         <value>0x2000842d</value>
         <object_component_ref idref="oc-196"/>
      </symbol>
      <symbol id="sm-443">
         <name>vsnprintf</name>
         <value>0x2000757d</value>
         <object_component_ref idref="oc-26f"/>
      </symbol>
      <symbol id="sm-45c">
         <name>_nop</name>
         <value>0x200086d3</value>
         <object_component_ref idref="oc-1c2"/>
      </symbol>
      <symbol id="sm-45d">
         <name>_lock</name>
         <value>0x200236b4</value>
         <object_component_ref idref="oc-a7"/>
      </symbol>
      <symbol id="sm-45e">
         <name>_unlock</name>
         <value>0x200236b8</value>
         <object_component_ref idref="oc-a7"/>
      </symbol>
      <symbol id="sm-45f">
         <name>_register_lock</name>
         <value>0x200086cb</value>
         <object_component_ref idref="oc-1c2"/>
      </symbol>
      <symbol id="sm-460">
         <name>_register_unlock</name>
         <value>0x200086c5</value>
         <object_component_ref idref="oc-1c2"/>
      </symbol>
      <symbol id="sm-565">
         <name>__TI_printfi</name>
         <value>0x200051a1</value>
         <object_component_ref idref="oc-347"/>
      </symbol>
      <symbol id="sm-57a">
         <name>_args_main</name>
         <value>0x200085ed</value>
         <object_component_ref idref="oc-67"/>
      </symbol>
      <symbol id="sm-590">
         <name>atoi</name>
         <value>0x20007d59</value>
         <object_component_ref idref="oc-3cb"/>
      </symbol>
      <symbol id="sm-5b6">
         <name>__TI_auto_init</name>
         <value>0x20007871</value>
         <object_component_ref idref="oc-61"/>
      </symbol>
      <symbol id="sm-5d0">
         <name>copy_in</name>
         <value>0x20007da5</value>
         <object_component_ref idref="oc-97"/>
      </symbol>
      <symbol id="sm-5db">
         <name>_ctypes_</name>
         <value>0x20008790</value>
         <object_component_ref idref="oc-410"/>
      </symbol>
      <symbol id="sm-5e9">
         <name>__aeabi_d2iz</name>
         <value>0x20007e89</value>
         <object_component_ref idref="oc-39d"/>
      </symbol>
      <symbol id="sm-5f6">
         <name>frexp</name>
         <value>0x20008473</value>
         <object_component_ref idref="oc-3ad"/>
      </symbol>
      <symbol id="sm-602">
         <name>__aeabi_i2d</name>
         <value>0x200082e5</value>
         <object_component_ref idref="oc-3a8"/>
      </symbol>
      <symbol id="sm-613">
         <name>ldexp</name>
         <value>0x20007ed1</value>
         <object_component_ref idref="oc-3b3"/>
      </symbol>
      <symbol id="sm-622">
         <name>ltoa</name>
         <value>0x20007cad</value>
         <object_component_ref idref="oc-3a2"/>
      </symbol>
      <symbol id="sm-632">
         <name>memccpy</name>
         <value>0x2000852f</value>
         <object_component_ref idref="oc-3c5"/>
      </symbol>
      <symbol id="sm-642">
         <name>strchr</name>
         <value>0x20008647</value>
         <object_component_ref idref="oc-3b9"/>
      </symbol>
      <symbol id="sm-66e">
         <name>__aeabi_uldivmod</name>
         <value>0x20006479</value>
         <object_component_ref idref="oc-393"/>
      </symbol>
      <symbol id="sm-67c">
         <name>_Dclass</name>
         <value>0x2000836d</value>
         <object_component_ref idref="oc-3bf"/>
      </symbol>
      <symbol id="sm-69d">
         <name>_Dscale</name>
         <value>0x20006dbd</value>
         <object_component_ref idref="oc-3fc"/>
      </symbol>
      <symbol id="sm-6b1">
         <name>_Dunscale</name>
         <value>0x200079b1</value>
         <object_component_ref idref="oc-3f4"/>
      </symbol>
      <symbol id="sm-6c0">
         <name>_Feraise</name>
         <value>0x200082b5</value>
         <object_component_ref idref="oc-402"/>
      </symbol>
      <symbol id="sm-6d0">
         <name>_Rteps</name>
         <value>0x20023670</value>
         <object_component_ref idref="oc-42a"/>
      </symbol>
      <symbol id="sm-6d1">
         <name>_Zero</name>
         <value>0x20023688</value>
         <object_component_ref idref="oc-42a"/>
      </symbol>
      <symbol id="sm-6d2">
         <name>_Hugeval</name>
         <value>0x20023630</value>
         <object_component_ref idref="oc-42a"/>
      </symbol>
      <symbol id="sm-6d3">
         <name>_Snan</name>
         <value>0x20023660</value>
         <object_component_ref idref="oc-42a"/>
      </symbol>
      <symbol id="sm-6d4">
         <name>_Nan</name>
         <value>0x20023650</value>
         <object_component_ref idref="oc-42a"/>
      </symbol>
      <symbol id="sm-6d5">
         <name>_Inf</name>
         <value>0x20023640</value>
         <object_component_ref idref="oc-42a"/>
      </symbol>
      <symbol id="sm-6d6">
         <name>_Xbig</name>
         <value>0x20023680</value>
         <object_component_ref idref="oc-42a"/>
      </symbol>
      <symbol id="sm-6d7">
         <name>_Eps</name>
         <value>0x20023620</value>
         <object_component_ref idref="oc-42a"/>
      </symbol>
      <symbol id="sm-6d8">
         <name>_Denorm</name>
         <value>0x20023610</value>
         <object_component_ref idref="oc-42a"/>
      </symbol>
      <symbol id="sm-6e0">
         <name>_Errno</name>
         <value>0x200236cc</value>
         <object_component_ref idref="oc-435"/>
      </symbol>
      <symbol id="sm-6fe">
         <name>feraiseexcept</name>
         <value>0x20008221</value>
         <object_component_ref idref="oc-42f"/>
      </symbol>
      <symbol id="sm-6ff">
         <name>_Tls_setup__Fenv</name>
         <value>0x200236c8</value>
         <object_component_ref idref="oc-459"/>
      </symbol>
      <symbol id="sm-700">
         <name>_Fenv</name>
         <value>0x200236c4</value>
         <object_component_ref idref="oc-459"/>
      </symbol>
      <symbol id="sm-714">
         <name>raise</name>
         <value>0x20008313</value>
         <object_component_ref idref="oc-453"/>
      </symbol>
      <symbol id="sm-72e">
         <name>signal</name>
         <value>0x20007f9d</value>
         <object_component_ref idref="oc-463"/>
      </symbol>
      <symbol id="sm-743">
         <name>_Dnorm</name>
         <value>0x200071b5</value>
         <object_component_ref idref="oc-420"/>
      </symbol>
      <symbol id="sm-7c8">
         <name>ADCChannelDisable</name>
         <value>0x200080d1</value>
         <object_component_ref idref="oc-1b3"/>
      </symbol>
      <symbol id="sm-7c9">
         <name>ADCIntEnable</name>
         <value>0x20007949</value>
         <object_component_ref idref="oc-fb"/>
      </symbol>
      <symbol id="sm-7ca">
         <name>ADCDMAEnable</name>
         <value>0x20008179</value>
         <object_component_ref idref="oc-ef"/>
      </symbol>
      <symbol id="sm-7cb">
         <name>ADCChannelEnable</name>
         <value>0x20008109</value>
         <object_component_ref idref="oc-107"/>
      </symbol>
      <symbol id="sm-7cc">
         <name>ADCTimerEnable</name>
         <value>0x20008605</value>
         <object_component_ref idref="oc-190"/>
      </symbol>
      <symbol id="sm-7cd">
         <name>ADCTimerConfig</name>
         <value>0x20008451</value>
         <object_component_ref idref="oc-18a"/>
      </symbol>
      <symbol id="sm-7ce">
         <name>ADCEnable</name>
         <value>0x20008673</value>
         <object_component_ref idref="oc-101"/>
      </symbol>
      <symbol id="sm-7cf">
         <name>ADCIntClear</name>
         <value>0x20007bfd</value>
         <object_component_ref idref="oc-d7"/>
      </symbol>
      <symbol id="sm-7d0">
         <name>ADCIntStatus</name>
         <value>0x20007ba1</value>
         <object_component_ref idref="oc-d1"/>
      </symbol>
      <symbol id="sm-7d1">
         <name>ADCIntRegister</name>
         <value>0x20007fdd</value>
         <object_component_ref idref="oc-f5"/>
      </symbol>
      <symbol id="sm-7d2">
         <name>ADCDMADisable</name>
         <value>0x20008141</value>
         <object_component_ref idref="oc-1ad"/>
      </symbol>
      <symbol id="sm-7ee">
         <name>GPIOPinRead</name>
         <value>0x200085bb</value>
         <object_component_ref idref="oc-1a4"/>
      </symbol>
      <symbol id="sm-7ef">
         <name>GPIODirModeSet</name>
         <value>0x200081e9</value>
         <object_component_ref idref="oc-2dd"/>
      </symbol>
      <symbol id="sm-7f0">
         <name>GPIOPinWrite</name>
         <value>0x20008495</value>
         <object_component_ref idref="oc-172"/>
      </symbol>
      <symbol id="sm-868">
         <name>IntPrioritySet</name>
         <value>0x20007d05</value>
         <object_component_ref idref="oc-1f3"/>
      </symbol>
      <symbol id="sm-869">
         <name>IntVTableBaseSet</name>
         <value>0x2000869d</value>
         <object_component_ref idref="oc-113"/>
      </symbol>
      <symbol id="sm-86a">
         <name>IntEnable</name>
         <value>0x2000731d</value>
         <object_component_ref idref="oc-11f"/>
      </symbol>
      <symbol id="sm-86b">
         <name>IntDisable</name>
         <value>0x20007275</value>
         <object_component_ref idref="oc-317"/>
      </symbol>
      <symbol id="sm-86c">
         <name>IntRegister</name>
         <value>0x200084b5</value>
         <object_component_ref idref="oc-252"/>
      </symbol>
      <symbol id="sm-86d">
         <name>IntUnregister</name>
         <value>0x200083c1</value>
         <object_component_ref idref="oc-31d"/>
      </symbol>
      <symbol id="sm-86e">
         <name>IntMasterEnable</name>
         <value>0x20008775</value>
         <object_component_ref idref="oc-119"/>
      </symbol>
      <symbol id="sm-8ad">
         <name>PinTypeUART</name>
         <value>0x200085a1</value>
         <object_component_ref idref="oc-2e9"/>
      </symbol>
      <symbol id="sm-8ae">
         <name>PinTypeADC</name>
         <value>0x200086b1</value>
         <object_component_ref idref="oc-2e3"/>
      </symbol>
      <symbol id="sm-8af">
         <name>PinTypeGPIO</name>
         <value>0x20008255</value>
         <object_component_ref idref="oc-2d7"/>
      </symbol>
      <symbol id="sm-8b0">
         <name>PinConfigSet</name>
         <value>0x200074f5</value>
         <object_component_ref idref="oc-370"/>
      </symbol>
      <symbol id="sm-8b1">
         <name>PinModeSet</name>
         <value>0x20007f5d</value>
         <object_component_ref idref="oc-2d1"/>
      </symbol>
      <symbol id="sm-937">
         <name>PRCMPeripheralReset</name>
         <value>0x20007c55</value>
         <object_component_ref idref="oc-1ed"/>
      </symbol>
      <symbol id="sm-938">
         <name>PRCMPeripheralClkEnable</name>
         <value>0x2000801d</value>
         <object_component_ref idref="oc-1e7"/>
      </symbol>
      <symbol id="sm-939">
         <name>PRCMPeripheralClockGet</name>
         <value>0x20007461</value>
         <object_component_ref idref="oc-25d"/>
      </symbol>
      <symbol id="sm-93a">
         <name>PRCMCC3200MCUInit</name>
         <value>0x200069f1</value>
         <object_component_ref idref="oc-125"/>
      </symbol>
      <symbol id="sm-93b">
         <name>PRCMHIBRegWrite</name>
         <value>0x20008631</value>
         <object_component_ref idref="oc-2b2"/>
      </symbol>
      <symbol id="sm-93c">
         <name>PRCMSysResetCauseGet</name>
         <value>0x20008341</value>
         <object_component_ref idref="oc-2a6"/>
      </symbol>
      <symbol id="sm-93d">
         <name>PRCMPeripheralClkDisable</name>
         <value>0x20008399</value>
         <object_component_ref idref="oc-2b8"/>
      </symbol>
      <symbol id="sm-93e">
         <name>PRCMHIBRegRead</name>
         <value>0x2000861b</value>
         <object_component_ref idref="oc-2ac"/>
      </symbol>
      <symbol id="sm-97a">
         <name>UARTConfigSetExpClk</name>
         <value>0x2000778b</value>
         <object_component_ref idref="oc-263"/>
      </symbol>
      <symbol id="sm-97b">
         <name>UARTDisable</name>
         <value>0x20008285</value>
         <object_component_ref idref="oc-339"/>
      </symbol>
      <symbol id="sm-97c">
         <name>UARTCharsAvail</name>
         <value>0x200085d3</value>
         <object_component_ref idref="oc-17e"/>
      </symbol>
      <symbol id="sm-97d">
         <name>UARTCharGetNonBlocking</name>
         <value>0x20008513</value>
         <object_component_ref idref="oc-184"/>
      </symbol>
      <symbol id="sm-97e">
         <name>UARTCharPut</name>
         <value>0x200084f5</value>
         <object_component_ref idref="oc-269"/>
      </symbol>
      <symbol id="sm-97f">
         <name>UARTEnable</name>
         <value>0x200083e5</value>
         <object_component_ref idref="oc-33f"/>
      </symbol>
      <symbol id="sm-a38">
         <name>uDMAChannelControlSet</name>
         <value>0x20008095</value>
         <object_component_ref idref="oc-229"/>
      </symbol>
      <symbol id="sm-a39">
         <name>uDMAIntClear</name>
         <value>0x20008701</value>
         <object_component_ref idref="oc-1e1"/>
      </symbol>
      <symbol id="sm-a3a">
         <name>uDMAChannelDisable</name>
         <value>0x2000854d</value>
         <object_component_ref idref="oc-217"/>
      </symbol>
      <symbol id="sm-a3b">
         <name>uDMAChannelModeGet</name>
         <value>0x20007e3d</value>
         <object_component_ref idref="oc-dd"/>
      </symbol>
      <symbol id="sm-a3c">
         <name>uDMAIntUnregister</name>
         <value>0x20008715</value>
         <object_component_ref idref="oc-21d"/>
      </symbol>
      <symbol id="sm-a3d">
         <name>uDMAChannelAttributeEnable</name>
         <value>0x20007a7d</value>
         <object_component_ref idref="oc-22f"/>
      </symbol>
      <symbol id="sm-a3e">
         <name>uDMADisable</name>
         <value>0x20008751</value>
         <object_component_ref idref="oc-223"/>
      </symbol>
      <symbol id="sm-a3f">
         <name>uDMAChannelTransferSet</name>
         <value>0x200070c5</value>
         <object_component_ref idref="oc-235"/>
      </symbol>
      <symbol id="sm-a40">
         <name>uDMAIntStatus</name>
         <value>0x20008769</value>
         <object_component_ref idref="oc-1db"/>
      </symbol>
      <symbol id="sm-a41">
         <name>uDMAChannelAssign</name>
         <value>0x20007df1</value>
         <object_component_ref idref="oc-e9"/>
      </symbol>
      <symbol id="sm-a42">
         <name>uDMAIntRegister</name>
         <value>0x2000865d</value>
         <object_component_ref idref="oc-1f9"/>
      </symbol>
      <symbol id="sm-a43">
         <name>uDMAEnable</name>
         <value>0x2000875d</value>
         <object_component_ref idref="oc-1ff"/>
      </symbol>
      <symbol id="sm-a44">
         <name>uDMAControlBaseSet</name>
         <value>0x200086ed</value>
         <object_component_ref idref="oc-205"/>
      </symbol>
      <symbol id="sm-a45">
         <name>uDMAChannelAttributeDisable</name>
         <value>0x20007a19</value>
         <object_component_ref idref="oc-20b"/>
      </symbol>
      <symbol id="sm-a46">
         <name>uDMAChannelEnable</name>
         <value>0x20008569</value>
         <object_component_ref idref="oc-23b"/>
      </symbol>
      <symbol id="sm-a47">
         <name>uDMAChannelRequest</name>
         <value>0x20008585</value>
         <object_component_ref idref="oc-211"/>
      </symbol>
      <symbol id="sm-a4b">
         <name>UtilsDelay</name>
         <value>0x2000877f</value>
         <object_component_ref idref="oc-368"/>
      </symbol>
      <symbol id="sm-a55">
         <name>CPUcpsie</name>
         <value>0x20008687</value>
         <object_component_ref idref="oc-296"/>
      </symbol>
      <symbol id="sm-a57">
         <name>__TI_static_base__</name>
         <value>0x20008b90</value>
      </symbol>
      <symbol id="sm-a5a">
         <name>SHT$$INIT_ARRAY$$Limit</name>
         <value>0x0</value>
      </symbol>
      <symbol id="sm-a5b">
         <name>SHT$$INIT_ARRAY$$Base</name>
         <value>0x0</value>
      </symbol>
   </symbol_table>
   <title>Link successful</title>
</link_info>
