******************************************************************************
                  TI ARM Linker Unix v5.2.7                    
******************************************************************************
>> Linked Wed May 11 18:24:39 2016

OUTPUT FILE NAME:   <Lab3_Part2.out>
ENTRY POINT SYMBOL: "_c_int00"  address: 20008059


MEMORY CONFIGURATION

         name            origin    length      used     unused   attr    fill
----------------------  --------  ---------  --------  --------  ----  --------
  SRAM_CODE             20004000   00013000  00004c0e  0000e3f2  RW X
  SRAM_DATA             20017000   00019000  0000d6cf  0000b931  RW X


SEGMENT ALLOCATION MAP

run origin  load origin   length   init length attrs members
----------  ----------- ---------- ----------- ----- -------
20004000    20004000    00004c10   00004c10    r-x
  20004000    20004000    00000400   00000400    r-- .intvecs
  20004400    20004400    0000438e   0000438e    r-x .text
  20008790    20008790    00000400   00000400    r-- .const
  20008b90    20008b90    00000080   00000080    r-- .cinit
20017000    20017000    0000c6d4   00000000    rw-
  20017000    20017000    00008000   00000000    rw- .sysmem
  2001f000    2001f000    0000455b   00000000    rw- .bss
  20023560    20023560    00000174   00000000    rw- .data
2002f000    2002f000    00001000   00000000    rw-
  2002f000    2002f000    00001000   00000000    rw- .stack


SECTION ALLOCATION MAP

 output                                  attributes/
section   page    origin      length       input sections
--------  ----  ----------  ----------   ----------------
.intvecs   0    20004000    00000400     
                  20004000    00000400     startup_ccs.obj (.intvecs)

.init_array 
*          0    20004000    00000000     UNINITIALIZED

.text      0    20004400    0000438e     
                  20004400    000010a6     rtsv7M4_T_le_eabi.lib : _printfi.obj (.text)
                  200054a6    00000002     driverlib.a : interrupt.obj (.text:IntDefaultHandler)
                  200054a8    00000974     main.obj (.text)
                  20005e1c    000003dc     rtsv7M4_T_le_eabi.lib : memory.obj (.text)
                  200061f8    00000280     uart_if.obj (.text)
                  20006478    000001f4     rtsv7M4_T_le_eabi.lib : ull_div_t2.obj (.text)
                  2000666c    000001cc     udma_if.obj (.text)
                  20006838    000001b6     rtsv7M4_T_le_eabi.lib : fd_add_t2.obj (.text)
                  200069ee    00000002     --HOLE-- [fill = 0]
                  200069f0    00000178     driverlib.a : prcm.obj (.text:PRCMCC3200MCUInit)
                  20006b68    00000136     rtsv7M4_T_le_eabi.lib : fd_div_t2.obj (.text)
                  20006c9e    00000002     --HOLE-- [fill = 0]
                  20006ca0    0000011c     pin_mux_config.obj (.text)
                  20006dbc    00000110     rtsv7M4_T_le_eabi.lib : xdscale.obj (.text)
                  20006ecc    000000fc                           : fd_mul_t2.obj (.text)
                  20006fc8    000000fa                           : fs_add_t2.obj (.text)
                  200070c2    00000002     --HOLE-- [fill = 0]
                  200070c4    000000f0     driverlib.a : udma.obj (.text:uDMAChannelTransferSet)
                  200071b4    000000be     rtsv7M4_T_le_eabi.lib : xdnorm.obj (.text)
                  20007272    00000002     --HOLE-- [fill = 0]
                  20007274    000000a8     driverlib.a : interrupt.obj (.text:IntDisable)
                  2000731c    000000a8                 : interrupt.obj (.text:IntEnable)
                  200073c4    0000009c     rtsv7M4_T_le_eabi.lib : memcpy_t2.obj (.text)
                  20007460    00000094     driverlib.a : prcm.obj (.text:PRCMPeripheralClockGet)
                  200074f4    00000088                 : pin.obj (.text:PinConfigSet)
                  2000757c    00000088     rtsv7M4_T_le_eabi.lib : vsnprintf.obj (.text)
                  20007604    00000086                           : fd_cmp_t2.obj (.text:__aeabi_cdcmple)
                  2000768a    00000086                           : fd_cmp_t2.obj (.text:__aeabi_cdrcmple)
                  20007710    0000007a                           : memset_t2.obj (.text)
                  2000778a    00000076     driverlib.a : uart.obj (.text:UARTConfigSetExpClk)
                  20007800    0000006e     rtsv7M4_T_le_eabi.lib : fd_tos_t2.obj (.text)
                  2000786e    00000002     --HOLE-- [fill = 0]
                  20007870    0000006c                           : autoinit.obj (.text)
                  200078dc    0000006a                           : copy_decompress_rle.obj (.text)
                  20007946    00000002     --HOLE-- [fill = 0]
                  20007948    00000068     driverlib.a : adc.obj (.text:ADCIntEnable)
                  200079b0    00000066     rtsv7M4_T_le_eabi.lib : xdunscal.obj (.text)
                  20007a16    00000002     --HOLE-- [fill = 0]
                  20007a18    00000064     driverlib.a : udma.obj (.text:uDMAChannelAttributeDisable)
                  20007a7c    00000064                 : udma.obj (.text:uDMAChannelAttributeEnable)
                  20007ae0    00000060     rtsv7M4_T_le_eabi.lib : fs_cmp_t2.obj (.text:__aeabi_cfcmple)
                  20007b40    00000060                           : fs_cmp_t2.obj (.text:__aeabi_cfrcmple)
                  20007ba0    0000005c     driverlib.a : adc.obj (.text:ADCIntStatus)
                  20007bfc    00000058                 : adc.obj (.text:ADCIntClear)
                  20007c54    00000058                 : prcm.obj (.text:PRCMPeripheralReset)
                  20007cac    00000056     rtsv7M4_T_le_eabi.lib : ltoa.obj (.text)
                  20007d02    00000002     --HOLE-- [fill = 0]
                  20007d04    00000054     driverlib.a : interrupt.obj (.text:IntPrioritySet)
                  20007d58    0000004c     rtsv7M4_T_le_eabi.lib : atoi.obj (.text)
                  20007da4    0000004c                           : cpy_tbl.obj (.text)
                  20007df0    0000004c     driverlib.a : udma.obj (.text:uDMAChannelAssign)
                  20007e3c    0000004c                 : udma.obj (.text:uDMAChannelModeGet)
                  20007e88    00000048     rtsv7M4_T_le_eabi.lib : fd_toi_t2.obj (.text)
                  20007ed0    00000046                           : ldexp.obj (.text)
                  20007f16    00000002     --HOLE-- [fill = 0]
                  20007f18    00000044                           : exit.obj (.text)
                  20007f5c    00000040     driverlib.a : pin.obj (.text:PinModeSet)
                  20007f9c    00000040     rtsv7M4_T_le_eabi.lib : signal.obj (.text)
                  20007fdc    0000003e     driverlib.a : adc.obj (.text:ADCIntRegister)
                  2000801a    00000002     --HOLE-- [fill = 0]
                  2000801c    0000003c                 : prcm.obj (.text:PRCMPeripheralClkEnable)
                  20008058    0000003c     rtsv7M4_T_le_eabi.lib : boot.obj (.text)
                  20008094    0000003c     driverlib.a : udma.obj (.text:uDMAChannelControlSet)
                  200080d0    00000038                 : adc.obj (.text:ADCChannelDisable)
                  20008108    00000038                 : adc.obj (.text:ADCChannelEnable)
                  20008140    00000038                 : adc.obj (.text:ADCDMADisable)
                  20008178    00000038                 : adc.obj (.text:ADCDMAEnable)
                  200081b0    00000038     rtsv7M4_T_le_eabi.lib : fs_tod_t2.obj (.text)
                  200081e8    00000036     driverlib.a : gpio.obj (.text:GPIODirModeSet)
                  2000821e    00000002     --HOLE-- [fill = 0]
                  20008220    00000034     rtsv7M4_T_le_eabi.lib : feraiseexcept.obj (.text)
                  20008254    00000030     driverlib.a : pin.obj (.text:PinTypeGPIO)
                  20008284    00000030                 : uart.obj (.text:UARTDisable)
                  200082b4    00000030     rtsv7M4_T_le_eabi.lib : xferaise.obj (.text)
                  200082e4    0000002e                           : i_tofd_t2.obj (.text)
                  20008312    0000002e                           : raise.obj (.text)
                  20008340    0000002c     driverlib.a : prcm.obj (.text:PRCMSysResetCauseGet)
                  2000836c    0000002a     rtsv7M4_T_le_eabi.lib : xdclass.obj (.text)
                  20008396    00000002     --HOLE-- [fill = 0]
                  20008398    00000028     driverlib.a : prcm.obj (.text:PRCMPeripheralClkDisable)
                  200083c0    00000024                 : interrupt.obj (.text:IntUnregister)
                  200083e4    00000024                 : uart.obj (.text:UARTEnable)
                  20008408    00000024     rtsv7M4_T_le_eabi.lib : memmov.obj (.text)
                  2000842c    00000024                           : u_tofs_t2.obj (.text)
                  20008450    00000022     driverlib.a : adc.obj (.text:ADCTimerConfig)
                  20008472    00000022     rtsv7M4_T_le_eabi.lib : frexp.obj (.text)
                  20008494    00000020     driverlib.a : gpio.obj (.text:GPIOPinWrite)
                  200084b4    00000020                 : interrupt.obj (.text:IntRegister)
                  200084d4    00000020     rtsv7M4_T_le_eabi.lib : u_tofd_t2.obj (.text)
                  200084f4    0000001e     driverlib.a : uart.obj (.text:UARTCharPut)
                  20008512    0000001c                 : uart.obj (.text:UARTCharGetNonBlocking)
                  2000852e    0000001c     rtsv7M4_T_le_eabi.lib : memccpy.obj (.text)
                  2000854a    00000002     --HOLE-- [fill = 0]
                  2000854c    0000001c     driverlib.a : udma.obj (.text:uDMAChannelDisable)
                  20008568    0000001c                 : udma.obj (.text:uDMAChannelEnable)
                  20008584    0000001c                 : udma.obj (.text:uDMAChannelRequest)
                  200085a0    0000001a                 : pin.obj (.text:PinTypeUART)
                  200085ba    00000018                 : gpio.obj (.text:GPIOPinRead)
                  200085d2    00000018                 : uart.obj (.text:UARTCharsAvail)
                  200085ea    00000002     --HOLE-- [fill = 0]
                  200085ec    00000018     rtsv7M4_T_le_eabi.lib : args_main.obj (.text)
                  20008604    00000016     driverlib.a : adc.obj (.text:ADCTimerEnable)
                  2000861a    00000016                 : prcm.obj (.text:PRCMHIBRegRead)
                  20008630    00000016                 : prcm.obj (.text:PRCMHIBRegWrite)
                  20008646    00000016     rtsv7M4_T_le_eabi.lib : strchr.obj (.text)
                  2000865c    00000016     driverlib.a : udma.obj (.text:uDMAIntRegister)
                  20008672    00000014                 : adc.obj (.text:ADCEnable)
                  20008686    00000014                 : cpu.obj (.text:CPUcpsie)
                  2000869a    00000002     --HOLE-- [fill = 0]
                  2000869c    00000014                 : interrupt.obj (.text:IntVTableBaseSet)
                  200086b0    00000014                 : pin.obj (.text:PinTypeADC)
                  200086c4    00000014     rtsv7M4_T_le_eabi.lib : _lock.obj (.text)
                  200086d8    00000014                           : strlen.obj (.text)
                  200086ec    00000014     driverlib.a : udma.obj (.text:uDMAControlBaseSet)
                  20008700    00000014                 : udma.obj (.text:uDMAIntClear)
                  20008714    00000012                 : udma.obj (.text:uDMAIntUnregister)
                  20008726    0000000e     rtsv7M4_T_le_eabi.lib : copy_decompress_none.obj (.text:decompress:none)
                  20008734    0000000e     startup_ccs.obj (.text)
                  20008742    0000000c     rtsv7M4_T_le_eabi.lib : copy_zero_init.obj (.text:decompress:ZI)
                  2000874e    00000002     --HOLE-- [fill = 0]
                  20008750    0000000c     driverlib.a : udma.obj (.text:uDMADisable)
                  2000875c    0000000c                 : udma.obj (.text:uDMAEnable)
                  20008768    0000000c                 : udma.obj (.text:uDMAIntStatus)
                  20008774    0000000a                 : interrupt.obj (.text:IntMasterEnable)
                  2000877e    00000006                 : utils.obj (.text:UtilsDelay)
                  20008784    00000006     rtsv7M4_T_le_eabi.lib : copy_decompress_rle.obj (.text:decompress:rle24)
                  2000878a    00000004                           : pre_init.obj (.text)

.const     0    20008790    00000400     
                  20008790    00000101     rtsv7M4_T_le_eabi.lib : ctype.obj (.const:.string:_ctypes_)
                  20008891    00000003     --HOLE-- [fill = 0]
                  20008894    00000100     driverlib.a : pin.obj (.const:g_ulPinToPadMap)
                  20008994    000000d4                 : interrupt.obj (.const:g_pulRegs)
                  20008a68    000000a8                 : prcm.obj (.const:PRCM_PeriphRegsList)
                  20008b10    00000080                 : interrupt.obj (.const)

.cinit     0    20008b90    00000080     
                  20008b90    00000059     (.cinit..data.load) [load image, compression = rle]
                  20008be9    00000003     --HOLE-- [fill = 0]
                  20008bec    0000000c     (__TI_handler_table)
                  20008bf8    00000008     (.cinit..bss.load) [load image, compression = zero_init]
                  20008c00    00000010     (__TI_cinit_table)

.sysmem    0    20017000    00008000     UNINITIALIZED
                  20017000    00000008     rtsv7M4_T_le_eabi.lib : memory.obj (.sysmem)
                  20017008    00007ff8     --HOLE--

.bss       0    2001f000    0000455b     UNINITIALIZED
                  2001f000    00002000     main.obj (.bss:scoringArray)
                  20021000    00001000     main.obj (.bss:g_ulPing)
                  20022000    00001000     main.obj (.bss:g_ulPong)
                  20023000    00000400     udma_if.obj (.bss:gpCtlTbl)
                  20023400    00000100     udma_if.obj (.bss:gfpAppCallbackHndl)
                  20023500    00000008     (.common:g_ffrequency)
                  20023508    00000008     (.common:g_ulcurrentTime)
                  20023510    00000008     (.common:g_ulpreviousTime)
                  20023518    00000004     (.common:__Errorlog)
                  2002351c    00000004     (.common:g_fPing_CurrentReading)
                  20023520    00000004     (.common:g_fPing_LastReading)
                  20023524    00000004     (.common:g_fPing_LastReadingBeforeFinish)
                  20023528    00000004     (.common:g_fPong_CurrentReading)
                  2002352c    00000004     (.common:g_fPong_LastReading)
                  20023530    00000004     (.common:g_fPong_LastReadingBeforeFinish)
                  20023534    00000004     (.common:g_uiPing_CurrentTimeStamp)
                  20023538    00000004     (.common:g_uiPing_LastTimeStamp)
                  2002353c    00000004     (.common:g_uiPing_LastTimeStampBeforeFinish)
                  20023540    00000004     (.common:g_uiPong_CurrentTimeStamp)
                  20023544    00000004     (.common:g_uiPong_LastTimeStamp)
                  20023548    00000004     (.common:g_uiPong_LastTimeStampBeforeFinish)
                  2002354c    00000004     (.common:g_ulPingCount)
                  20023550    00000004     (.common:g_ulPongCount)
                  20023554    00000004     (.common:voltageDiff)
                  20023558    00000001     (.common:g_ucPingflag)
                  20023559    00000001     (.common:g_ucPongflag)
                  2002355a    00000001     (.common:iDone)

.TI.noinit 
*          0    2001f000    00000000     UNINITIALIZED

.data      0    20023560    00000174     UNINITIALIZED
                  20023560    000000b0     rtsv7M4_T_le_eabi.lib : signal.obj (.data:sigtable)
                  20023610    00000080                           : xvalues.obj (.data)
                  20023690    00000018     main.obj (.data)
                  200236a8    0000000c     rtsv7M4_T_le_eabi.lib : memory.obj (.data)
                  200236b4    00000008                           : _lock.obj (.data)
                  200236bc    00000008                           : exit.obj (.data)
                  200236c4    00000008                           : feraiseexcept.obj (.data)
                  200236cc    00000004                           : errno.obj (.data)
                  200236d0    00000004                           : stkdepth_vars.obj (.data)

.TI.persistent 
*          0    20023560    00000000     UNINITIALIZED

.stack     0    2002f000    00001000     UNINITIALIZED
                  2002f000    00001000     --HOLE--


LINKER GENERATED COPY TABLES

__TI_cinit_table @ 20008c00 records: 2, size/record: 8, table size: 16
	.data: load addr=20008b90, load size=00000059 bytes, run addr=20023560, run size=00000174 bytes, compression=rle
	.bss: load addr=20008bf8, load size=00000008 bytes, run addr=2001f000, run size=0000455b bytes, compression=zero_init


LINKER GENERATED HANDLER TABLE

__TI_handler_table @ 20008bec records: 3, size/record: 4, table size: 12
	index: 0, handler: __TI_decompress_rle24
	index: 1, handler: __TI_decompress_none
	index: 2, handler: __TI_zero_init


GLOBAL SYMBOLS: SORTED ALPHABETICALLY BY Name 

address   name                              
-------   ----                              
200080d1  ADCChannelDisable                 
20008109  ADCChannelEnable                  
20008141  ADCDMADisable                     
20008179  ADCDMAEnable                      
20008673  ADCEnable                         
20007bfd  ADCIntClear                       
20007949  ADCIntEnable                      
200054a9  ADCIntHandler                     
20007fdd  ADCIntRegister                    
20007ba1  ADCIntStatus                      
20008451  ADCTimerConfig                    
20008605  ADCTimerEnable                    
20007f19  C$$EXIT                           
20008687  CPUcpsie                          
20006239  ClearTerm                         
20005615  DisplayBanner                     
20006683  DmaErrorIntHandler                
2000666d  DmaSwIntHandler                   
20006243  Error                             
200081e9  GPIODirModeSet                    
200085bb  GPIOPinRead                       
20008495  GPIOPinWrite                      
2000627b  GetCmd                            
200236a0  Index                             
20005553  InitAdcDma                        
200061f9  InitTerm                          
20007275  IntDisable                        
2000731d  IntEnable                         
20008775  IntMasterEnable                   
20007d05  IntPrioritySet                    
200084b5  IntRegister                       
200083c1  IntUnregister                     
2000869d  IntVTableBaseSet                  
20006217  Message                           
200069f1  PRCMCC3200MCUInit                 
2000861b  PRCMHIBRegRead                    
20008631  PRCMHIBRegWrite                   
20008399  PRCMPeripheralClkDisable          
2000801d  PRCMPeripheralClkEnable           
20007461  PRCMPeripheralClockGet            
20007c55  PRCMPeripheralReset               
20008341  PRCMSysResetCauseGet              
200074f5  PinConfigSet                      
20007f5d  PinModeSet                        
20006ca1  PinMuxConfig                      
200086b1  PinTypeADC                        
20008255  PinTypeGPIO                       
200085a1  PinTypeUART                       
200063b9  Report                            
20008735  ResetISR                          
UNDEFED   SHT$$INIT_ARRAY$$Base             
UNDEFED   SHT$$INIT_ARRAY$$Limit            
20023698  TimeoutCounter                    
20006321  TrimSpace                         
20008513  UARTCharGetNonBlocking            
200084f5  UARTCharPut                       
200085d3  UARTCharsAvail                    
2000778b  UARTConfigSetExpClk               
20008285  UARTDisable                       
200083e5  UARTEnable                        
200066f7  UDMAChannelSelect                 
200067cb  UDMADeInit                        
2000668f  UDMAInit                          
20006725  UDMASetupAutoMemTransfer          
20006759  UDMASetupPingPongTransfer         
200067df  UDMASetupTransfer                 
200067b3  UDMAStartTransfer                 
200067bf  UDMAStopTransfer                  
2000877f  UtilsDelay                        
2000836d  _Dclass                           
20023610  _Denorm                           
200071b5  _Dnorm                            
20006dbd  _Dscale                           
200079b1  _Dunscale                         
20023620  _Eps                              
200236cc  _Errno                            
200236c4  _Fenv                             
200082b5  _Feraise                          
20023630  _Hugeval                          
20023640  _Inf                              
20023650  _Nan                              
20023670  _Rteps                            
20023660  _Snan                             
200236c8  _Tls_setup__Fenv                  
20023680  _Xbig                             
20023688  _Zero                             
20030000  __STACK_END                       
00001000  __STACK_SIZE                      
00008000  __SYSMEM_SIZE                     
20008c00  __TI_CINIT_Base                   
20008c10  __TI_CINIT_Limit                  
20008bec  __TI_Handler_Table_Base           
20008bf8  __TI_Handler_Table_Limit          
20007871  __TI_auto_init                    
200236bc  __TI_cleanup_ptr                  
20008727  __TI_decompress_none              
20008785  __TI_decompress_rle24             
200236c0  __TI_dtors_ptr                    
200051a1  __TI_printfi                      
20008b90  __TI_static_base__                
20008743  __TI_zero_init                    
20007605  __aeabi_cdcmpeq                   
20007605  __aeabi_cdcmple                   
2000768b  __aeabi_cdrcmple                  
20007ae1  __aeabi_cfcmpeq                   
20007ae1  __aeabi_cfcmple                   
20007b41  __aeabi_cfrcmple                  
20007801  __aeabi_d2f                       
20007e89  __aeabi_d2iz                      
20006843  __aeabi_dadd                      
20006b69  __aeabi_ddiv                      
20006ecd  __aeabi_dmul                      
20006839  __aeabi_dsub                      
200081b1  __aeabi_f2d                       
20006fcd  __aeabi_fadd                      
20006fc9  __aeabi_fsub                      
200082e5  __aeabi_i2d                       
20007711  __aeabi_memclr                    
20007711  __aeabi_memclr4                   
20007711  __aeabi_memclr8                   
200073c5  __aeabi_memcpy                    
200073c5  __aeabi_memcpy4                   
200073c5  __aeabi_memcpy8                   
20007713  __aeabi_memset                    
20007713  __aeabi_memset4                   
20007713  __aeabi_memset8                   
200084d5  __aeabi_ui2d                      
2000842d  __aeabi_ui2f                      
20006479  __aeabi_uldivmod                  
ffffffff  __binit__                         
ffffffff  __c_args__                        
2002f000  __stack                           
200085ed  _args_main                        
20008059  _c_int00                          
20008790  _ctypes_                          
200236b4  _lock                             
200086d3  _nop                              
200086cb  _register_lock                    
200086c5  _register_unlock                  
20017000  _sys_memory                       
2000878b  _system_pre_init                  
200236b8  _unlock                           
20007f1d  abort                             
20007d59  atoi                              
ffffffff  binit                             
200061c5  calloc                            
20007da5  copy_in                           
20007f25  exit                              
20008221  feraiseexcept                     
20005f13  free                              
20008473  frexp                             
2002351c  g_fPing_CurrentReading            
20023520  g_fPing_LastReading               
20023524  g_fPing_LastReadingBeforeFinish   
20023528  g_fPong_CurrentReading            
2002352c  g_fPong_LastReading               
20023530  g_fPong_LastReadingBeforeFinish   
20023500  g_ffrequency                      
20004000  g_pfnVectors                      
20023558  g_ucPingflag                      
20023559  g_ucPongflag                      
20023534  g_uiPing_CurrentTimeStamp         
20023538  g_uiPing_LastTimeStamp            
2002353c  g_uiPing_LastTimeStampBeforeFinish
20023540  g_uiPong_CurrentTimeStamp         
20023544  g_uiPong_LastTimeStamp            
20023548  g_uiPong_LastTimeStampBeforeFinish
20021000  g_ulPing                          
2002354c  g_ulPingCount                     
20022000  g_ulPong                          
20023550  g_ulPongCount                     
20023508  g_ulcurrentTime                   
20023510  g_ulpreviousTime                  
20023400  gfpAppCallbackHndl                
20023000  gpCtlTbl                          
2002355a  iDone                             
20007ed1  ldexp                             
20007cad  ltoa                              
200058f5  main                              
200236d0  main_func_sp                      
20005eab  malloc                            
200060e1  memalign                          
2000852f  memccpy                           
200073c5  memcpy                            
20008409  memmove                           
20007719  memset                            
20005e1d  minit                             
20008313  raise                             
20005fd5  realloc                           
2001f000  scoringArray                      
20007f9d  signal                            
200236a4  squareScore                       
20008647  strchr                            
200086d9  strlen                            
20007df1  uDMAChannelAssign                 
20007a19  uDMAChannelAttributeDisable       
20007a7d  uDMAChannelAttributeEnable        
20008095  uDMAChannelControlSet             
2000854d  uDMAChannelDisable                
20008569  uDMAChannelEnable                 
20007e3d  uDMAChannelModeGet                
20008585  uDMAChannelRequest                
200070c5  uDMAChannelTransferSet            
200086ed  uDMAControlBaseSet                
20008751  uDMADisable                       
2000875d  uDMAEnable                        
20008701  uDMAIntClear                      
2000865d  uDMAIntRegister                   
20008769  uDMAIntStatus                     
20008715  uDMAIntUnregister                 
20005651  updatePeriod                      
200056e9  updateTimeDiff                    
20023554  voltageDiff                       
2000757d  vsnprintf                         


GLOBAL SYMBOLS: SORTED BY Symbol Address 

address   name                              
-------   ----                              
00001000  __STACK_SIZE                      
00008000  __SYSMEM_SIZE                     
20004000  g_pfnVectors                      
200051a1  __TI_printfi                      
200054a9  ADCIntHandler                     
20005553  InitAdcDma                        
20005615  DisplayBanner                     
20005651  updatePeriod                      
200056e9  updateTimeDiff                    
200058f5  main                              
20005e1d  minit                             
20005eab  malloc                            
20005f13  free                              
20005fd5  realloc                           
200060e1  memalign                          
200061c5  calloc                            
200061f9  InitTerm                          
20006217  Message                           
20006239  ClearTerm                         
20006243  Error                             
2000627b  GetCmd                            
20006321  TrimSpace                         
200063b9  Report                            
20006479  __aeabi_uldivmod                  
2000666d  DmaSwIntHandler                   
20006683  DmaErrorIntHandler                
2000668f  UDMAInit                          
200066f7  UDMAChannelSelect                 
20006725  UDMASetupAutoMemTransfer          
20006759  UDMASetupPingPongTransfer         
200067b3  UDMAStartTransfer                 
200067bf  UDMAStopTransfer                  
200067cb  UDMADeInit                        
200067df  UDMASetupTransfer                 
20006839  __aeabi_dsub                      
20006843  __aeabi_dadd                      
200069f1  PRCMCC3200MCUInit                 
20006b69  __aeabi_ddiv                      
20006ca1  PinMuxConfig                      
20006dbd  _Dscale                           
20006ecd  __aeabi_dmul                      
20006fc9  __aeabi_fsub                      
20006fcd  __aeabi_fadd                      
200070c5  uDMAChannelTransferSet            
200071b5  _Dnorm                            
20007275  IntDisable                        
2000731d  IntEnable                         
200073c5  __aeabi_memcpy                    
200073c5  __aeabi_memcpy4                   
200073c5  __aeabi_memcpy8                   
200073c5  memcpy                            
20007461  PRCMPeripheralClockGet            
200074f5  PinConfigSet                      
2000757d  vsnprintf                         
20007605  __aeabi_cdcmpeq                   
20007605  __aeabi_cdcmple                   
2000768b  __aeabi_cdrcmple                  
20007711  __aeabi_memclr                    
20007711  __aeabi_memclr4                   
20007711  __aeabi_memclr8                   
20007713  __aeabi_memset                    
20007713  __aeabi_memset4                   
20007713  __aeabi_memset8                   
20007719  memset                            
2000778b  UARTConfigSetExpClk               
20007801  __aeabi_d2f                       
20007871  __TI_auto_init                    
20007949  ADCIntEnable                      
200079b1  _Dunscale                         
20007a19  uDMAChannelAttributeDisable       
20007a7d  uDMAChannelAttributeEnable        
20007ae1  __aeabi_cfcmpeq                   
20007ae1  __aeabi_cfcmple                   
20007b41  __aeabi_cfrcmple                  
20007ba1  ADCIntStatus                      
20007bfd  ADCIntClear                       
20007c55  PRCMPeripheralReset               
20007cad  ltoa                              
20007d05  IntPrioritySet                    
20007d59  atoi                              
20007da5  copy_in                           
20007df1  uDMAChannelAssign                 
20007e3d  uDMAChannelModeGet                
20007e89  __aeabi_d2iz                      
20007ed1  ldexp                             
20007f19  C$$EXIT                           
20007f1d  abort                             
20007f25  exit                              
20007f5d  PinModeSet                        
20007f9d  signal                            
20007fdd  ADCIntRegister                    
2000801d  PRCMPeripheralClkEnable           
20008059  _c_int00                          
20008095  uDMAChannelControlSet             
200080d1  ADCChannelDisable                 
20008109  ADCChannelEnable                  
20008141  ADCDMADisable                     
20008179  ADCDMAEnable                      
200081b1  __aeabi_f2d                       
200081e9  GPIODirModeSet                    
20008221  feraiseexcept                     
20008255  PinTypeGPIO                       
20008285  UARTDisable                       
200082b5  _Feraise                          
200082e5  __aeabi_i2d                       
20008313  raise                             
20008341  PRCMSysResetCauseGet              
2000836d  _Dclass                           
20008399  PRCMPeripheralClkDisable          
200083c1  IntUnregister                     
200083e5  UARTEnable                        
20008409  memmove                           
2000842d  __aeabi_ui2f                      
20008451  ADCTimerConfig                    
20008473  frexp                             
20008495  GPIOPinWrite                      
200084b5  IntRegister                       
200084d5  __aeabi_ui2d                      
200084f5  UARTCharPut                       
20008513  UARTCharGetNonBlocking            
2000852f  memccpy                           
2000854d  uDMAChannelDisable                
20008569  uDMAChannelEnable                 
20008585  uDMAChannelRequest                
200085a1  PinTypeUART                       
200085bb  GPIOPinRead                       
200085d3  UARTCharsAvail                    
200085ed  _args_main                        
20008605  ADCTimerEnable                    
2000861b  PRCMHIBRegRead                    
20008631  PRCMHIBRegWrite                   
20008647  strchr                            
2000865d  uDMAIntRegister                   
20008673  ADCEnable                         
20008687  CPUcpsie                          
2000869d  IntVTableBaseSet                  
200086b1  PinTypeADC                        
200086c5  _register_unlock                  
200086cb  _register_lock                    
200086d3  _nop                              
200086d9  strlen                            
200086ed  uDMAControlBaseSet                
20008701  uDMAIntClear                      
20008715  uDMAIntUnregister                 
20008727  __TI_decompress_none              
20008735  ResetISR                          
20008743  __TI_zero_init                    
20008751  uDMADisable                       
2000875d  uDMAEnable                        
20008769  uDMAIntStatus                     
20008775  IntMasterEnable                   
2000877f  UtilsDelay                        
20008785  __TI_decompress_rle24             
2000878b  _system_pre_init                  
20008790  _ctypes_                          
20008b90  __TI_static_base__                
20008bec  __TI_Handler_Table_Base           
20008bf8  __TI_Handler_Table_Limit          
20008c00  __TI_CINIT_Base                   
20008c10  __TI_CINIT_Limit                  
20017000  _sys_memory                       
2001f000  scoringArray                      
20021000  g_ulPing                          
20022000  g_ulPong                          
20023000  gpCtlTbl                          
20023400  gfpAppCallbackHndl                
20023500  g_ffrequency                      
20023508  g_ulcurrentTime                   
20023510  g_ulpreviousTime                  
2002351c  g_fPing_CurrentReading            
20023520  g_fPing_LastReading               
20023524  g_fPing_LastReadingBeforeFinish   
20023528  g_fPong_CurrentReading            
2002352c  g_fPong_LastReading               
20023530  g_fPong_LastReadingBeforeFinish   
20023534  g_uiPing_CurrentTimeStamp         
20023538  g_uiPing_LastTimeStamp            
2002353c  g_uiPing_LastTimeStampBeforeFinish
20023540  g_uiPong_CurrentTimeStamp         
20023544  g_uiPong_LastTimeStamp            
20023548  g_uiPong_LastTimeStampBeforeFinish
2002354c  g_ulPingCount                     
20023550  g_ulPongCount                     
20023554  voltageDiff                       
20023558  g_ucPingflag                      
20023559  g_ucPongflag                      
2002355a  iDone                             
20023610  _Denorm                           
20023620  _Eps                              
20023630  _Hugeval                          
20023640  _Inf                              
20023650  _Nan                              
20023660  _Snan                             
20023670  _Rteps                            
20023680  _Xbig                             
20023688  _Zero                             
20023698  TimeoutCounter                    
200236a0  Index                             
200236a4  squareScore                       
200236b4  _lock                             
200236b8  _unlock                           
200236bc  __TI_cleanup_ptr                  
200236c0  __TI_dtors_ptr                    
200236c4  _Fenv                             
200236c8  _Tls_setup__Fenv                  
200236cc  _Errno                            
200236d0  main_func_sp                      
2002f000  __stack                           
20030000  __STACK_END                       
ffffffff  __binit__                         
ffffffff  __c_args__                        
ffffffff  binit                             
UNDEFED   SHT$$INIT_ARRAY$$Base             
UNDEFED   SHT$$INIT_ARRAY$$Limit            

[214 symbols]
