******************************************************************************
                  TI ARM Linker Unix v5.2.7                    
******************************************************************************
>> Linked Wed Apr 27 00:40:24 2016

OUTPUT FILE NAME:   <Lab2_Part2_2.out>
ENTRY POINT SYMBOL: "_c_int00"  address: 20008939


MEMORY CONFIGURATION

         name            origin    length      used     unused   attr    fill
----------------------  --------  ---------  --------  --------  ----  --------
  SRAM_CODE             20004000   00013000  00005908  0000d6f8  RW X
  SRAM_DATA             20017000   00019000  000019fc  00017604  RW X


SEGMENT ALLOCATION MAP

run origin  load origin   length   init length attrs members
----------  ----------- ---------- ----------- ----- -------
20004000    20004000    00005908   00005908    r-x
  20004000    20004000    00000400   00000400    r-- .intvecs
  20004400    20004400    00004c2c   00004c2c    r-x .text
  2000902c    2000902c    00000824   00000824    r-- .const
  20009850    20009850    000000b8   000000b8    r-- .cinit
20017000    20017000    000009fc   00000000    rw-
  20017000    20017000    00000800   00000000    rw- .sysmem
  20017800    20017800    000001ac   00000000    rw- .data
  200179ac    200179ac    00000050   00000000    rw- .bss
2002f000    2002f000    00001000   00000000    rw-
  2002f000    2002f000    00001000   00000000    rw- .stack


SECTION ALLOCATION MAP

 output                                  attributes/
section   page    origin      length       input sections
--------  ----  ----------  ----------   ----------------
.intvecs   0    20004000    00000400     
                  20004000    00000400     startup_ccs.obj (.intvecs)

.init_array 
*          0    20004000    00000000     UNINITIALIZED

.text      0    20004400    00004c2c     
                  20004400    000010a6     rtsv7M4_T_le_eabi.lib : _printfi.obj (.text)
                  200054a6    00000002     --HOLE-- [fill = 0]
                  200054a8    00000a80     Adafruit_GFX.obj (.text)
                  20005f28    0000079c     main.obj (.text)
                  200066c4    0000047a     Adafruit_OLED.obj (.text)
                  20006b3e    00000002     --HOLE-- [fill = 0]
                  20006b40    000003dc     rtsv7M4_T_le_eabi.lib : memory.obj (.text)
                  20006f1c    00000290     i2c_if.obj (.text)
                  200071ac    00000280     uart_if.obj (.text)
                  2000742c    000001f4     rtsv7M4_T_le_eabi.lib : ull_div_t2.obj (.text)
                  20007620    000001b6                           : fd_add_t2.obj (.text)
                  200077d6    00000002     --HOLE-- [fill = 0]
                  200077d8    00000178     driverlib.a : prcm.obj (.text:PRCMCC3200MCUInit)
                  20007950    00000136     rtsv7M4_T_le_eabi.lib : fd_div_t2.obj (.text)
                  20007a86    00000002     --HOLE-- [fill = 0]
                  20007a88    00000114     pin_mux_config.obj (.text)
                  20007b9c    00000110     rtsv7M4_T_le_eabi.lib : xdscale.obj (.text)
                  20007cac    000000fc                           : fd_mul_t2.obj (.text)
                  20007da8    000000be                           : xdnorm.obj (.text)
                  20007e66    00000002     --HOLE-- [fill = 0]
                  20007e68    000000a8     driverlib.a : interrupt.obj (.text:IntEnable)
                  20007f10    000000a0                 : spi.obj (.text:SPIConfigSetExpClk)
                  20007fb0    0000009c     rtsv7M4_T_le_eabi.lib : memcpy_t2.obj (.text)
                  2000804c    00000094     driverlib.a : prcm.obj (.text:PRCMPeripheralClockGet)
                  200080e0    00000088                 : pin.obj (.text:PinConfigSet)
                  20008168    00000088     rtsv7M4_T_le_eabi.lib : vsnprintf.obj (.text)
                  200081f0    00000086                           : fd_cmp_t2.obj (.text:__aeabi_cdcmple)
                  20008276    00000086                           : fd_cmp_t2.obj (.text:__aeabi_cdrcmple)
                  200082fc    00000084     driverlib.a : i2c.obj (.text:I2CMasterInitExpClk)
                  20008380    0000007a     rtsv7M4_T_le_eabi.lib : memset_t2.obj (.text)
                  200083fa    00000076     driverlib.a : uart.obj (.text:UARTConfigSetExpClk)
                  20008470    00000070                 : timer.obj (.text:TimerIntRegister)
                  200084e0    0000006c     rtsv7M4_T_le_eabi.lib : autoinit.obj (.text)
                  2000854c    0000006a                           : copy_decompress_rle.obj (.text)
                  200085b6    00000066                           : xdunscal.obj (.text)
                  2000861c    00000058     driverlib.a : prcm.obj (.text:PRCMPeripheralReset)
                  20008674    00000056     rtsv7M4_T_le_eabi.lib : ltoa.obj (.text)
                  200086ca    00000002     --HOLE-- [fill = 0]
                  200086cc    0000004c                           : atoi.obj (.text)
                  20008718    0000004c                           : cpy_tbl.obj (.text)
                  20008764    00000048                           : fd_toi_t2.obj (.text)
                  200087ac    00000046                           : ldexp.obj (.text)
                  200087f2    00000002     --HOLE-- [fill = 0]
                  200087f4    00000044     driverlib.a : timer.obj (.text:TimerConfigure)
                  20008838    00000044     rtsv7M4_T_le_eabi.lib : exit.obj (.text)
                  2000887c    00000040     driverlib.a : pin.obj (.text:PinModeSet)
                  200088bc    00000040     rtsv7M4_T_le_eabi.lib : signal.obj (.text)
                  200088fc    0000003c     driverlib.a : prcm.obj (.text:PRCMPeripheralClkEnable)
                  20008938    0000003c     rtsv7M4_T_le_eabi.lib : boot.obj (.text)
                  20008974    00000036     driverlib.a : gpio.obj (.text:GPIODirModeSet)
                  200089aa    00000002     --HOLE-- [fill = 0]
                  200089ac    00000034     rtsv7M4_T_le_eabi.lib : feraiseexcept.obj (.text)
                  200089e0    00000030     driverlib.a : pin.obj (.text:PinTypeGPIO)
                  20008a10    00000030                 : timer.obj (.text:TimerControlEvent)
                  20008a40    00000030                 : uart.obj (.text:UARTDisable)
                  20008a70    00000030     rtsv7M4_T_le_eabi.lib : xferaise.obj (.text)
                  20008aa0    0000002e                           : i_tofd_t2.obj (.text)
                  20008ace    0000002e                           : raise.obj (.text)
                  20008afc    0000002c     driverlib.a : i2c.obj (.text:I2CMasterErr)
                  20008b28    0000002c                 : prcm.obj (.text:PRCMSysResetCauseGet)
                  20008b54    0000002a                 : timer.obj (.text:TimerLoadSet)
                  20008b7e    0000002a                 : timer.obj (.text:TimerPrescaleSet)
                  20008ba8    0000002a     rtsv7M4_T_le_eabi.lib : xdclass.obj (.text)
                  20008bd2    00000002     --HOLE-- [fill = 0]
                  20008bd4    00000028     driverlib.a : prcm.obj (.text:PRCMPeripheralClkDisable)
                  20008bfc    00000024                 : uart.obj (.text:UARTEnable)
                  20008c20    00000024     rtsv7M4_T_le_eabi.lib : memmov.obj (.text)
                  20008c44    00000022     driverlib.a : i2c.obj (.text:I2CMasterSlaveAddrSet)
                  20008c66    00000022                 : spi.obj (.text:SPIReset)
                  20008c88    00000022     rtsv7M4_T_le_eabi.lib : frexp.obj (.text)
                  20008caa    00000020     driverlib.a : gpio.obj (.text:GPIOPinWrite)
                  20008cca    00000002     --HOLE-- [fill = 0]
                  20008ccc    00000020                 : interrupt.obj (.text:IntRegister)
                  20008cec    00000020                 : spi.obj (.text:SPIDataGet)
                  20008d0c    0000001e                 : i2c.obj (.text:I2CMasterIntStatusEx)
                  20008d2a    0000001e                 : spi.obj (.text:SPIDataPut)
                  20008d48    0000001e                 : timer.obj (.text:TimerEnable)
                  20008d66    0000001e                 : uart.obj (.text:UARTCharPut)
                  20008d84    0000001c                 : pin.obj (.text:PinTypeI2C)
                  20008da0    0000001c                 : timer.obj (.text:TimerValueGet)
                  20008dbc    0000001c                 : uart.obj (.text:UARTCharGetNonBlocking)
                  20008dd8    0000001c     rtsv7M4_T_le_eabi.lib : memccpy.obj (.text)
                  20008df4    0000001a     driverlib.a : pin.obj (.text:PinTypeSPI)
                  20008e0e    0000001a                 : pin.obj (.text:PinTypeTimer)
                  20008e28    0000001a                 : pin.obj (.text:PinTypeUART)
                  20008e42    00000018                 : spi.obj (.text:SPICSDisable)
                  20008e5a    00000018                 : spi.obj (.text:SPICSEnable)
                  20008e72    00000018                 : spi.obj (.text:SPIEnable)
                  20008e8a    00000018                 : timer.obj (.text:TimerIntEnable)
                  20008ea2    00000018                 : uart.obj (.text:UARTCharsAvail)
                  20008eba    00000002     --HOLE-- [fill = 0]
                  20008ebc    00000018     rtsv7M4_T_le_eabi.lib : args_main.obj (.text)
                  20008ed4    00000016     driverlib.a : i2c.obj (.text:I2CMasterDataPut)
                  20008eea    00000016                 : i2c.obj (.text:I2CMasterEnable)
                  20008f00    00000016                 : prcm.obj (.text:PRCMHIBRegRead)
                  20008f16    00000016                 : prcm.obj (.text:PRCMHIBRegWrite)
                  20008f2c    00000016     rtsv7M4_T_le_eabi.lib : strchr.obj (.text)
                  20008f42    00000014     driverlib.a : cpu.obj (.text:CPUcpsie)
                  20008f56    00000002     --HOLE-- [fill = 0]
                  20008f58    00000014                 : interrupt.obj (.text:IntVTableBaseSet)
                  20008f6c    00000014     rtsv7M4_T_le_eabi.lib : _lock.obj (.text)
                  20008f80    00000014                           : strlen.obj (.text)
                  20008f94    00000012     driverlib.a : i2c.obj (.text:I2CMasterControl)
                  20008fa6    00000012                 : i2c.obj (.text:I2CMasterIntClearEx)
                  20008fb8    00000012                 : i2c.obj (.text:I2CMasterTimeoutSet)
                  20008fca    00000012                 : timer.obj (.text:TimerIntClear)
                  20008fdc    0000000e                 : i2c.obj (.text:I2CMasterDataGet)
                  20008fea    0000000e     rtsv7M4_T_le_eabi.lib : copy_decompress_none.obj (.text:decompress:none)
                  20008ff8    0000000e     startup_ccs.obj (.text)
                  20009006    0000000c     rtsv7M4_T_le_eabi.lib : copy_zero_init.obj (.text:decompress:ZI)
                  20009012    0000000a     driverlib.a : interrupt.obj (.text:IntMasterEnable)
                  2000901c    00000006                 : utils.obj (.text:UtilsDelay)
                  20009022    00000006     rtsv7M4_T_le_eabi.lib : copy_decompress_rle.obj (.text:decompress:rle24)
                  20009028    00000004                           : pre_init.obj (.text)

.const     0    2000902c    00000824     
                  2000902c    000004fb     Adafruit_GFX.obj (.const:.string:font)
                  20009527    00000101     rtsv7M4_T_le_eabi.lib : ctype.obj (.const:.string:_ctypes_)
                  20009628    00000100     driverlib.a : pin.obj (.const:g_ulPinToPadMap)
                  20009728    000000a8                 : prcm.obj (.const:PRCM_PeriphRegsList)
                  200097d0    00000080                 : interrupt.obj (.const)

.cinit     0    20009850    000000b8     
                  20009850    00000091     (.cinit..data.load) [load image, compression = rle]
                  200098e1    00000003     --HOLE-- [fill = 0]
                  200098e4    0000000c     (__TI_handler_table)
                  200098f0    00000008     (.cinit..bss.load) [load image, compression = zero_init]
                  200098f8    00000010     (__TI_cinit_table)

.sysmem    0    20017000    00000800     UNINITIALIZED
                  20017000    00000008     rtsv7M4_T_le_eabi.lib : memory.obj (.sysmem)
                  20017008    000007f8     --HOLE--

.data      0    20017800    000001ac     UNINITIALIZED
                  20017800    000000b0     rtsv7M4_T_le_eabi.lib : signal.obj (.data:sigtable)
                  200178b0    00000080                           : xvalues.obj (.data)
                  20017930    00000028     main.obj (.data:g_iButtonCycle)
                  20017958    00000015     Adafruit_GFX.obj (.data)
                  2001796d    00000003     --HOLE--
                  20017970    00000010     main.obj (.data)
                  20017980    0000000c     rtsv7M4_T_le_eabi.lib : memory.obj (.data)
                  2001798c    00000008                           : _lock.obj (.data)
                  20017994    00000008                           : exit.obj (.data)
                  2001799c    00000008                           : feraiseexcept.obj (.data)
                  200179a4    00000004                           : errno.obj (.data)
                  200179a8    00000004                           : stkdepth_vars.obj (.data)

.TI.persistent 
*          0    20017800    00000000     UNINITIALIZED

.bss       0    200179ac    00000050     UNINITIALIZED
                  200179ac    00000034     main.obj (.bss:g_ucCharArray)
                  200179e0    00000008     (.common:g_ulSamples)
                  200179e8    00000004     (.common:__Errorlog)
                  200179ec    00000004     (.common:g_cCurrentChar)
                  200179f0    00000004     (.common:g_uiIR_Code)
                  200179f4    00000004     (.common:g_ulA3A_IR_IntCount)
                  200179f8    00000004     (.common:g_ulInterval)

.TI.noinit 
*          0    200179ac    00000000     UNINITIALIZED

.stack     0    2002f000    00001000     UNINITIALIZED
                  2002f000    00001000     --HOLE--


LINKER GENERATED COPY TABLES

__TI_cinit_table @ 200098f8 records: 2, size/record: 8, table size: 16
	.data: load addr=20009850, load size=00000091 bytes, run addr=20017800, run size=000001ac bytes, compression=rle
	.bss: load addr=200098f0, load size=00000008 bytes, run addr=200179ac, run size=00000050 bytes, compression=zero_init


LINKER GENERATED HANDLER TABLE

__TI_handler_table @ 200098e4 records: 3, size/record: 4, table size: 12
	index: 0, handler: __TI_decompress_rle24
	index: 1, handler: __TI_decompress_none
	index: 2, handler: __TI_zero_init


GLOBAL SYMBOLS: SORTED ALPHABETICALLY BY Name 

address   name                      
-------   ----                      
20006725  Adafruit_Init             
20006497  BoardInit                 
20008839  C$$EXIT                   
20008f43  CPUcpsie                  
200071ed  ClearTerm                 
2000689b  Color565                  
20006411  DisplayBanner             
20006437  DisplayBuffer             
200071f7  Error                     
20008975  GPIODirModeSet            
20008cab  GPIOPinWrite              
2000722f  GetCmd                    
20008f95  I2CMasterControl          
20008fdd  I2CMasterDataGet          
20008ed5  I2CMasterDataPut          
20008eeb  I2CMasterEnable           
20008afd  I2CMasterErr              
200082fd  I2CMasterInitExpClk       
20008fa7  I2CMasterIntClearEx       
20008d0d  I2CMasterIntStatusEx      
20008c45  I2CMasterSlaveAddrSet     
20008fb9  I2CMasterTimeoutSet       
20007195  I2C_IF_Close              
2000714d  I2C_IF_Open               
20007047  I2C_IF_Read               
20007103  I2C_IF_ReadFrom           
20006f91  I2C_IF_Write              
20005f5d  InitCharArray             
200071ad  InitTerm                  
20007e69  IntEnable                 
20009013  IntMasterEnable           
20008ccd  IntRegister               
20008f59  IntVTableBaseSet          
200071cb  Message                   
200060ab  OLED_CursorNext           
20006069  OLED_Delete               
2000603d  OLED_PrintSingleChar      
20005e53  Outstr                    
200077d9  PRCMCC3200MCUInit         
20008f01  PRCMHIBRegRead            
20008f17  PRCMHIBRegWrite           
20008bd5  PRCMPeripheralClkDisable  
200088fd  PRCMPeripheralClkEnable   
2000804d  PRCMPeripheralClockGet    
2000861d  PRCMPeripheralReset       
20008b29  PRCMSysResetCauseGet      
200080e1  PinConfigSet              
2000887d  PinModeSet                
20007a89  PinMuxConfig              
200089e1  PinTypeGPIO               
20008d85  PinTypeI2C                
20008df5  PinTypeSPI                
20008e0f  PinTypeTimer              
20008e29  PinTypeUART               
2000736d  Report                    
20008ff9  ResetISR                  
UNDEFED   SHT$$INIT_ARRAY$$Base     
UNDEFED   SHT$$INIT_ARRAY$$Limit    
20008e43  SPICSDisable              
20008e5b  SPICSEnable               
20007f11  SPIConfigSetExpClk        
20008ced  SPIDataGet                
20008d2b  SPIDataPut                
20008e73  SPIEnable                 
20008c67  SPIReset                  
200087f5  TimerConfigure            
20008a11  TimerControlEvent         
20008d49  TimerEnable               
20008fcb  TimerIntClear             
20008e8b  TimerIntEnable            
20008471  TimerIntRegister          
20008b55  TimerLoadSet              
20008b7f  TimerPrescaleSet          
20008da1  TimerValueGet             
200072d5  TrimSpace                 
20008dbd  UARTCharGetNonBlocking    
20008d67  UARTCharPut               
20008ea3  UARTCharsAvail            
200083fb  UARTConfigSetExpClk       
20008a41  UARTDisable               
20008bfd  UARTEnable                
2000901d  UtilsDelay                
20008ba9  _Dclass                   
200178b0  _Denorm                   
20007da9  _Dnorm                    
20007b9d  _Dscale                   
200085b7  _Dunscale                 
200178c0  _Eps                      
200179a4  _Errno                    
2001799c  _Fenv                     
20008a71  _Feraise                  
200178d0  _Hugeval                  
200178e0  _Inf                      
200178f0  _Nan                      
20017910  _Rteps                    
20017900  _Snan                     
200179a0  _Tls_setup__Fenv          
20017920  _Xbig                     
20017928  _Zero                     
20030000  __STACK_END               
00001000  __STACK_SIZE              
00000800  __SYSMEM_SIZE             
200098f8  __TI_CINIT_Base           
20009908  __TI_CINIT_Limit          
200098e4  __TI_Handler_Table_Base   
200098f0  __TI_Handler_Table_Limit  
200084e1  __TI_auto_init            
20017994  __TI_cleanup_ptr          
20008feb  __TI_decompress_none      
20009023  __TI_decompress_rle24     
20017998  __TI_dtors_ptr            
200051a1  __TI_printfi              
20009850  __TI_static_base__        
20009007  __TI_zero_init            
200081f1  __aeabi_cdcmpeq           
200081f1  __aeabi_cdcmple           
20008277  __aeabi_cdrcmple          
20008765  __aeabi_d2iz              
2000762b  __aeabi_dadd              
20007951  __aeabi_ddiv              
20007cad  __aeabi_dmul              
20007621  __aeabi_dsub              
20008aa1  __aeabi_i2d               
20008381  __aeabi_memclr            
20008381  __aeabi_memclr4           
20008381  __aeabi_memclr8           
20007fb1  __aeabi_memcpy            
20007fb1  __aeabi_memcpy4           
20007fb1  __aeabi_memcpy8           
20008383  __aeabi_memset            
20008383  __aeabi_memset4           
20008383  __aeabi_memset8           
2000742d  __aeabi_uldivmod          
ffffffff  __binit__                 
ffffffff  __c_args__                
2002f000  __stack                   
20008ebd  _args_main                
20008939  _c_int00                  
20009527  _ctypes_                  
2001798c  _lock                     
20008f7b  _nop                      
20008f73  _register_lock            
20008f6d  _register_unlock          
20017000  _sys_memory               
20009029  _system_pre_init          
20017990  _unlock                   
2000883d  abort                     
200086cd  atoi                      
ffffffff  binit                     
20006ee9  calloc                    
20008719  copy_in                   
20017958  cursor_x                  
2001795c  cursor_y                  
20005f29  delay                     
20005d07  drawChar                  
200054a9  drawCircle                
200055dd  drawCircleHelper          
20006a49  drawFastHLine             
200069a9  drawFastVLine             
20005823  drawLine                  
20006ae5  drawPixel                 
2000590f  drawRect                  
2000595d  drawRoundRect             
20005ac5  drawTriangle              
20008845  exit                      
200089ad  feraiseexcept             
200056fb  fillCircle                
20005735  fillCircleHelper          
200068f3  fillRect                  
20005a4b  fillRoundRect             
200068dd  fillScreen                
20005b07  fillTriangle              
20006c37  free                      
20008c89  frexp                     
20004000  g_pfnVectors              
20006857  goTo                      
20005f07  height                    
20006b23  invert                    
200087ad  ldexp                     
20008675  ltoa                      
200064cd  main                      
200179a8  main_func_sp              
20006bcf  malloc                    
20006e05  memalign                  
20008dd9  memccpy                   
20007fb1  memcpy                    
20008c21  memmove                   
20008389  memset                    
20006b41  minit                     
20017970  p                         
20008acf  raise                     
20006cf9  realloc                   
20005e9f  setCursor                 
20005ed7  setTextColor              
20005eb7  setTextSize               
20005eef  setTextWrap               
200088bd  signal                    
20006235  signalHandler             
20006195  signalHandlerENTER        
200060d5  signalHandlerForNum_helper
2000619f  signalHandlerMUTE         
20008f2d  strchr                    
20008f81  strlen                    
20017968  textbgcolor               
20017964  textcolor                 
20017960  textsize                  
20008169  vsnprintf                 
20005f03  width                     
2001796c  wrap                      
200066c5  writeCommand              
200066f5  writeData                 


GLOBAL SYMBOLS: SORTED BY Symbol Address 

address   name                      
-------   ----                      
00000800  __SYSMEM_SIZE             
00001000  __STACK_SIZE              
20004000  g_pfnVectors              
200051a1  __TI_printfi              
200054a9  drawCircle                
200055dd  drawCircleHelper          
200056fb  fillCircle                
20005735  fillCircleHelper          
20005823  drawLine                  
2000590f  drawRect                  
2000595d  drawRoundRect             
20005a4b  fillRoundRect             
20005ac5  drawTriangle              
20005b07  fillTriangle              
20005d07  drawChar                  
20005e53  Outstr                    
20005e9f  setCursor                 
20005eb7  setTextSize               
20005ed7  setTextColor              
20005eef  setTextWrap               
20005f03  width                     
20005f07  height                    
20005f29  delay                     
20005f5d  InitCharArray             
2000603d  OLED_PrintSingleChar      
20006069  OLED_Delete               
200060ab  OLED_CursorNext           
200060d5  signalHandlerForNum_helper
20006195  signalHandlerENTER        
2000619f  signalHandlerMUTE         
20006235  signalHandler             
20006411  DisplayBanner             
20006437  DisplayBuffer             
20006497  BoardInit                 
200064cd  main                      
200066c5  writeCommand              
200066f5  writeData                 
20006725  Adafruit_Init             
20006857  goTo                      
2000689b  Color565                  
200068dd  fillScreen                
200068f3  fillRect                  
200069a9  drawFastVLine             
20006a49  drawFastHLine             
20006ae5  drawPixel                 
20006b23  invert                    
20006b41  minit                     
20006bcf  malloc                    
20006c37  free                      
20006cf9  realloc                   
20006e05  memalign                  
20006ee9  calloc                    
20006f91  I2C_IF_Write              
20007047  I2C_IF_Read               
20007103  I2C_IF_ReadFrom           
2000714d  I2C_IF_Open               
20007195  I2C_IF_Close              
200071ad  InitTerm                  
200071cb  Message                   
200071ed  ClearTerm                 
200071f7  Error                     
2000722f  GetCmd                    
200072d5  TrimSpace                 
2000736d  Report                    
2000742d  __aeabi_uldivmod          
20007621  __aeabi_dsub              
2000762b  __aeabi_dadd              
200077d9  PRCMCC3200MCUInit         
20007951  __aeabi_ddiv              
20007a89  PinMuxConfig              
20007b9d  _Dscale                   
20007cad  __aeabi_dmul              
20007da9  _Dnorm                    
20007e69  IntEnable                 
20007f11  SPIConfigSetExpClk        
20007fb1  __aeabi_memcpy            
20007fb1  __aeabi_memcpy4           
20007fb1  __aeabi_memcpy8           
20007fb1  memcpy                    
2000804d  PRCMPeripheralClockGet    
200080e1  PinConfigSet              
20008169  vsnprintf                 
200081f1  __aeabi_cdcmpeq           
200081f1  __aeabi_cdcmple           
20008277  __aeabi_cdrcmple          
200082fd  I2CMasterInitExpClk       
20008381  __aeabi_memclr            
20008381  __aeabi_memclr4           
20008381  __aeabi_memclr8           
20008383  __aeabi_memset            
20008383  __aeabi_memset4           
20008383  __aeabi_memset8           
20008389  memset                    
200083fb  UARTConfigSetExpClk       
20008471  TimerIntRegister          
200084e1  __TI_auto_init            
200085b7  _Dunscale                 
2000861d  PRCMPeripheralReset       
20008675  ltoa                      
200086cd  atoi                      
20008719  copy_in                   
20008765  __aeabi_d2iz              
200087ad  ldexp                     
200087f5  TimerConfigure            
20008839  C$$EXIT                   
2000883d  abort                     
20008845  exit                      
2000887d  PinModeSet                
200088bd  signal                    
200088fd  PRCMPeripheralClkEnable   
20008939  _c_int00                  
20008975  GPIODirModeSet            
200089ad  feraiseexcept             
200089e1  PinTypeGPIO               
20008a11  TimerControlEvent         
20008a41  UARTDisable               
20008a71  _Feraise                  
20008aa1  __aeabi_i2d               
20008acf  raise                     
20008afd  I2CMasterErr              
20008b29  PRCMSysResetCauseGet      
20008b55  TimerLoadSet              
20008b7f  TimerPrescaleSet          
20008ba9  _Dclass                   
20008bd5  PRCMPeripheralClkDisable  
20008bfd  UARTEnable                
20008c21  memmove                   
20008c45  I2CMasterSlaveAddrSet     
20008c67  SPIReset                  
20008c89  frexp                     
20008cab  GPIOPinWrite              
20008ccd  IntRegister               
20008ced  SPIDataGet                
20008d0d  I2CMasterIntStatusEx      
20008d2b  SPIDataPut                
20008d49  TimerEnable               
20008d67  UARTCharPut               
20008d85  PinTypeI2C                
20008da1  TimerValueGet             
20008dbd  UARTCharGetNonBlocking    
20008dd9  memccpy                   
20008df5  PinTypeSPI                
20008e0f  PinTypeTimer              
20008e29  PinTypeUART               
20008e43  SPICSDisable              
20008e5b  SPICSEnable               
20008e73  SPIEnable                 
20008e8b  TimerIntEnable            
20008ea3  UARTCharsAvail            
20008ebd  _args_main                
20008ed5  I2CMasterDataPut          
20008eeb  I2CMasterEnable           
20008f01  PRCMHIBRegRead            
20008f17  PRCMHIBRegWrite           
20008f2d  strchr                    
20008f43  CPUcpsie                  
20008f59  IntVTableBaseSet          
20008f6d  _register_unlock          
20008f73  _register_lock            
20008f7b  _nop                      
20008f81  strlen                    
20008f95  I2CMasterControl          
20008fa7  I2CMasterIntClearEx       
20008fb9  I2CMasterTimeoutSet       
20008fcb  TimerIntClear             
20008fdd  I2CMasterDataGet          
20008feb  __TI_decompress_none      
20008ff9  ResetISR                  
20009007  __TI_zero_init            
20009013  IntMasterEnable           
2000901d  UtilsDelay                
20009023  __TI_decompress_rle24     
20009029  _system_pre_init          
20009527  _ctypes_                  
20009850  __TI_static_base__        
200098e4  __TI_Handler_Table_Base   
200098f0  __TI_Handler_Table_Limit  
200098f8  __TI_CINIT_Base           
20009908  __TI_CINIT_Limit          
20017000  _sys_memory               
200178b0  _Denorm                   
200178c0  _Eps                      
200178d0  _Hugeval                  
200178e0  _Inf                      
200178f0  _Nan                      
20017900  _Snan                     
20017910  _Rteps                    
20017920  _Xbig                     
20017928  _Zero                     
20017958  cursor_x                  
2001795c  cursor_y                  
20017960  textsize                  
20017964  textcolor                 
20017968  textbgcolor               
2001796c  wrap                      
20017970  p                         
2001798c  _lock                     
20017990  _unlock                   
20017994  __TI_cleanup_ptr          
20017998  __TI_dtors_ptr            
2001799c  _Fenv                     
200179a0  _Tls_setup__Fenv          
200179a4  _Errno                    
200179a8  main_func_sp              
2002f000  __stack                   
20030000  __STACK_END               
ffffffff  __binit__                 
ffffffff  __c_args__                
ffffffff  binit                     
UNDEFED   SHT$$INIT_ARRAY$$Base     
UNDEFED   SHT$$INIT_ARRAY$$Limit    

[211 symbols]
