<?xml version="1.0"?>
<link_info>
   <banner>TI ARM Linker Unix v5.2.7</banner>
   <copyright>Copyright (c) 1996-2015 Texas Instruments Incorporated</copyright>
   <link_time>0x57206ce8</link_time>
   <link_errors>0x0</link_errors>
   <output_file>Lab2_Part2_2.out</output_file>
   <entry_point>
      <name>_c_int00</name>
      <address>0x20008939</address>
   </entry_point>
   <input_file_list>
      <input_file id="fl-2">
         <path>./</path>
         <kind>object</kind>
         <file>Adafruit_GFX.obj</file>
         <name>Adafruit_GFX.obj</name>
      </input_file>
      <input_file id="fl-3">
         <path>./</path>
         <kind>object</kind>
         <file>Adafruit_OLED.obj</file>
         <name>Adafruit_OLED.obj</name>
      </input_file>
      <input_file id="fl-4">
         <path>./</path>
         <kind>object</kind>
         <file>i2c_if.obj</file>
         <name>i2c_if.obj</name>
      </input_file>
      <input_file id="fl-5">
         <path>./</path>
         <kind>object</kind>
         <file>main.obj</file>
         <name>main.obj</name>
      </input_file>
      <input_file id="fl-6">
         <path>./</path>
         <kind>object</kind>
         <file>pin_mux_config.obj</file>
         <name>pin_mux_config.obj</name>
      </input_file>
      <input_file id="fl-7">
         <path>./</path>
         <kind>object</kind>
         <file>startup_ccs.obj</file>
         <name>startup_ccs.obj</name>
      </input_file>
      <input_file id="fl-8">
         <path>./</path>
         <kind>object</kind>
         <file>uart_if.obj</file>
         <name>uart_if.obj</name>
      </input_file>
      <input_file id="fl-12f">
         <path>/home/chen/ti/ccsv6/tools/compiler/ti-cgt-arm_5.2.7/lib/</path>
         <kind>archive</kind>
         <file>rtsv7M4_T_le_eabi.lib</file>
         <name>boot.obj</name>
      </input_file>
      <input_file id="fl-130">
         <path>/home/chen/ti/ccsv6/tools/compiler/ti-cgt-arm_5.2.7/lib/</path>
         <kind>archive</kind>
         <file>rtsv7M4_T_le_eabi.lib</file>
         <name>copy_decompress_none.obj</name>
      </input_file>
      <input_file id="fl-131">
         <path>/home/chen/ti/ccsv6/tools/compiler/ti-cgt-arm_5.2.7/lib/</path>
         <kind>archive</kind>
         <file>rtsv7M4_T_le_eabi.lib</file>
         <name>copy_decompress_rle.obj</name>
      </input_file>
      <input_file id="fl-132">
         <path>/home/chen/ti/ccsv6/tools/compiler/ti-cgt-arm_5.2.7/lib/</path>
         <kind>archive</kind>
         <file>rtsv7M4_T_le_eabi.lib</file>
         <name>copy_zero_init.obj</name>
      </input_file>
      <input_file id="fl-133">
         <path>/home/chen/ti/ccsv6/tools/compiler/ti-cgt-arm_5.2.7/lib/</path>
         <kind>archive</kind>
         <file>rtsv7M4_T_le_eabi.lib</file>
         <name>exit.obj</name>
      </input_file>
      <input_file id="fl-134">
         <path>/home/chen/ti/ccsv6/tools/compiler/ti-cgt-arm_5.2.7/lib/</path>
         <kind>archive</kind>
         <file>rtsv7M4_T_le_eabi.lib</file>
         <name>memcpy_t2.obj</name>
      </input_file>
      <input_file id="fl-135">
         <path>/home/chen/ti/ccsv6/tools/compiler/ti-cgt-arm_5.2.7/lib/</path>
         <kind>archive</kind>
         <file>rtsv7M4_T_le_eabi.lib</file>
         <name>memmov.obj</name>
      </input_file>
      <input_file id="fl-136">
         <path>/home/chen/ti/ccsv6/tools/compiler/ti-cgt-arm_5.2.7/lib/</path>
         <kind>archive</kind>
         <file>rtsv7M4_T_le_eabi.lib</file>
         <name>memory.obj</name>
      </input_file>
      <input_file id="fl-137">
         <path>/home/chen/ti/ccsv6/tools/compiler/ti-cgt-arm_5.2.7/lib/</path>
         <kind>archive</kind>
         <file>rtsv7M4_T_le_eabi.lib</file>
         <name>memset_t2.obj</name>
      </input_file>
      <input_file id="fl-138">
         <path>/home/chen/ti/ccsv6/tools/compiler/ti-cgt-arm_5.2.7/lib/</path>
         <kind>archive</kind>
         <file>rtsv7M4_T_le_eabi.lib</file>
         <name>pre_init.obj</name>
      </input_file>
      <input_file id="fl-139">
         <path>/home/chen/ti/ccsv6/tools/compiler/ti-cgt-arm_5.2.7/lib/</path>
         <kind>archive</kind>
         <file>rtsv7M4_T_le_eabi.lib</file>
         <name>stkdepth_vars.obj</name>
      </input_file>
      <input_file id="fl-13a">
         <path>/home/chen/ti/ccsv6/tools/compiler/ti-cgt-arm_5.2.7/lib/</path>
         <kind>archive</kind>
         <file>rtsv7M4_T_le_eabi.lib</file>
         <name>strlen.obj</name>
      </input_file>
      <input_file id="fl-13b">
         <path>/home/chen/ti/ccsv6/tools/compiler/ti-cgt-arm_5.2.7/lib/</path>
         <kind>archive</kind>
         <file>rtsv7M4_T_le_eabi.lib</file>
         <name>vsnprintf.obj</name>
      </input_file>
      <input_file id="fl-13c">
         <path>/home/chen/ti/ccsv6/tools/compiler/ti-cgt-arm_5.2.7/lib/</path>
         <kind>archive</kind>
         <file>rtsv7M4_T_le_eabi.lib</file>
         <name>_lock.obj</name>
      </input_file>
      <input_file id="fl-13d">
         <path>/home/chen/ti/ccsv6/tools/compiler/ti-cgt-arm_5.2.7/lib/</path>
         <kind>archive</kind>
         <file>rtsv7M4_T_le_eabi.lib</file>
         <name>_printfi.obj</name>
      </input_file>
      <input_file id="fl-13e">
         <path>/home/chen/ti/ccsv6/tools/compiler/ti-cgt-arm_5.2.7/lib/</path>
         <kind>archive</kind>
         <file>rtsv7M4_T_le_eabi.lib</file>
         <name>args_main.obj</name>
      </input_file>
      <input_file id="fl-13f">
         <path>/home/chen/ti/ccsv6/tools/compiler/ti-cgt-arm_5.2.7/lib/</path>
         <kind>archive</kind>
         <file>rtsv7M4_T_le_eabi.lib</file>
         <name>atoi.obj</name>
      </input_file>
      <input_file id="fl-140">
         <path>/home/chen/ti/ccsv6/tools/compiler/ti-cgt-arm_5.2.7/lib/</path>
         <kind>archive</kind>
         <file>rtsv7M4_T_le_eabi.lib</file>
         <name>autoinit.obj</name>
      </input_file>
      <input_file id="fl-141">
         <path>/home/chen/ti/ccsv6/tools/compiler/ti-cgt-arm_5.2.7/lib/</path>
         <kind>archive</kind>
         <file>rtsv7M4_T_le_eabi.lib</file>
         <name>cpy_tbl.obj</name>
      </input_file>
      <input_file id="fl-142">
         <path>/home/chen/ti/ccsv6/tools/compiler/ti-cgt-arm_5.2.7/lib/</path>
         <kind>archive</kind>
         <file>rtsv7M4_T_le_eabi.lib</file>
         <name>ctype.obj</name>
      </input_file>
      <input_file id="fl-143">
         <path>/home/chen/ti/ccsv6/tools/compiler/ti-cgt-arm_5.2.7/lib/</path>
         <kind>archive</kind>
         <file>rtsv7M4_T_le_eabi.lib</file>
         <name>fd_add_t2.obj</name>
      </input_file>
      <input_file id="fl-144">
         <path>/home/chen/ti/ccsv6/tools/compiler/ti-cgt-arm_5.2.7/lib/</path>
         <kind>archive</kind>
         <file>rtsv7M4_T_le_eabi.lib</file>
         <name>fd_cmp_t2.obj</name>
      </input_file>
      <input_file id="fl-145">
         <path>/home/chen/ti/ccsv6/tools/compiler/ti-cgt-arm_5.2.7/lib/</path>
         <kind>archive</kind>
         <file>rtsv7M4_T_le_eabi.lib</file>
         <name>fd_div_t2.obj</name>
      </input_file>
      <input_file id="fl-146">
         <path>/home/chen/ti/ccsv6/tools/compiler/ti-cgt-arm_5.2.7/lib/</path>
         <kind>archive</kind>
         <file>rtsv7M4_T_le_eabi.lib</file>
         <name>fd_mul_t2.obj</name>
      </input_file>
      <input_file id="fl-147">
         <path>/home/chen/ti/ccsv6/tools/compiler/ti-cgt-arm_5.2.7/lib/</path>
         <kind>archive</kind>
         <file>rtsv7M4_T_le_eabi.lib</file>
         <name>fd_toi_t2.obj</name>
      </input_file>
      <input_file id="fl-148">
         <path>/home/chen/ti/ccsv6/tools/compiler/ti-cgt-arm_5.2.7/lib/</path>
         <kind>archive</kind>
         <file>rtsv7M4_T_le_eabi.lib</file>
         <name>frexp.obj</name>
      </input_file>
      <input_file id="fl-149">
         <path>/home/chen/ti/ccsv6/tools/compiler/ti-cgt-arm_5.2.7/lib/</path>
         <kind>archive</kind>
         <file>rtsv7M4_T_le_eabi.lib</file>
         <name>i_tofd_t2.obj</name>
      </input_file>
      <input_file id="fl-14a">
         <path>/home/chen/ti/ccsv6/tools/compiler/ti-cgt-arm_5.2.7/lib/</path>
         <kind>archive</kind>
         <file>rtsv7M4_T_le_eabi.lib</file>
         <name>ldexp.obj</name>
      </input_file>
      <input_file id="fl-14b">
         <path>/home/chen/ti/ccsv6/tools/compiler/ti-cgt-arm_5.2.7/lib/</path>
         <kind>archive</kind>
         <file>rtsv7M4_T_le_eabi.lib</file>
         <name>ltoa.obj</name>
      </input_file>
      <input_file id="fl-14c">
         <path>/home/chen/ti/ccsv6/tools/compiler/ti-cgt-arm_5.2.7/lib/</path>
         <kind>archive</kind>
         <file>rtsv7M4_T_le_eabi.lib</file>
         <name>memccpy.obj</name>
      </input_file>
      <input_file id="fl-14d">
         <path>/home/chen/ti/ccsv6/tools/compiler/ti-cgt-arm_5.2.7/lib/</path>
         <kind>archive</kind>
         <file>rtsv7M4_T_le_eabi.lib</file>
         <name>strchr.obj</name>
      </input_file>
      <input_file id="fl-14e">
         <path>/home/chen/ti/ccsv6/tools/compiler/ti-cgt-arm_5.2.7/lib/</path>
         <kind>archive</kind>
         <file>rtsv7M4_T_le_eabi.lib</file>
         <name>ull_div_t2.obj</name>
      </input_file>
      <input_file id="fl-14f">
         <path>/home/chen/ti/ccsv6/tools/compiler/ti-cgt-arm_5.2.7/lib/</path>
         <kind>archive</kind>
         <file>rtsv7M4_T_le_eabi.lib</file>
         <name>xdclass.obj</name>
      </input_file>
      <input_file id="fl-150">
         <path>/home/chen/ti/ccsv6/tools/compiler/ti-cgt-arm_5.2.7/lib/</path>
         <kind>archive</kind>
         <file>rtsv7M4_T_le_eabi.lib</file>
         <name>xdscale.obj</name>
      </input_file>
      <input_file id="fl-151">
         <path>/home/chen/ti/ccsv6/tools/compiler/ti-cgt-arm_5.2.7/lib/</path>
         <kind>archive</kind>
         <file>rtsv7M4_T_le_eabi.lib</file>
         <name>xdunscal.obj</name>
      </input_file>
      <input_file id="fl-152">
         <path>/home/chen/ti/ccsv6/tools/compiler/ti-cgt-arm_5.2.7/lib/</path>
         <kind>archive</kind>
         <file>rtsv7M4_T_le_eabi.lib</file>
         <name>xferaise.obj</name>
      </input_file>
      <input_file id="fl-153">
         <path>/home/chen/ti/ccsv6/tools/compiler/ti-cgt-arm_5.2.7/lib/</path>
         <kind>archive</kind>
         <file>rtsv7M4_T_le_eabi.lib</file>
         <name>xvalues.obj</name>
      </input_file>
      <input_file id="fl-154">
         <path>/home/chen/ti/ccsv6/tools/compiler/ti-cgt-arm_5.2.7/lib/</path>
         <kind>archive</kind>
         <file>rtsv7M4_T_le_eabi.lib</file>
         <name>errno.obj</name>
      </input_file>
      <input_file id="fl-155">
         <path>/home/chen/ti/ccsv6/tools/compiler/ti-cgt-arm_5.2.7/lib/</path>
         <kind>archive</kind>
         <file>rtsv7M4_T_le_eabi.lib</file>
         <name>feraiseexcept.obj</name>
      </input_file>
      <input_file id="fl-156">
         <path>/home/chen/ti/ccsv6/tools/compiler/ti-cgt-arm_5.2.7/lib/</path>
         <kind>archive</kind>
         <file>rtsv7M4_T_le_eabi.lib</file>
         <name>raise.obj</name>
      </input_file>
      <input_file id="fl-157">
         <path>/home/chen/ti/ccsv6/tools/compiler/ti-cgt-arm_5.2.7/lib/</path>
         <kind>archive</kind>
         <file>rtsv7M4_T_le_eabi.lib</file>
         <name>signal.obj</name>
      </input_file>
      <input_file id="fl-158">
         <path>/home/chen/ti/ccsv6/tools/compiler/ti-cgt-arm_5.2.7/lib/</path>
         <kind>archive</kind>
         <file>rtsv7M4_T_le_eabi.lib</file>
         <name>xdnorm.obj</name>
      </input_file>
      <input_file id="fl-159">
         <path>/home/chen/ti/CC3200SDK_1.2.0/cc3200-sdk/driverlib/ccs/Release/</path>
         <kind>archive</kind>
         <file>driverlib.a</file>
         <name>gpio.obj</name>
      </input_file>
      <input_file id="fl-15a">
         <path>/home/chen/ti/CC3200SDK_1.2.0/cc3200-sdk/driverlib/ccs/Release/</path>
         <kind>archive</kind>
         <file>driverlib.a</file>
         <name>i2c.obj</name>
      </input_file>
      <input_file id="fl-15b">
         <path>/home/chen/ti/CC3200SDK_1.2.0/cc3200-sdk/driverlib/ccs/Release/</path>
         <kind>archive</kind>
         <file>driverlib.a</file>
         <name>interrupt.obj</name>
      </input_file>
      <input_file id="fl-15c">
         <path>/home/chen/ti/CC3200SDK_1.2.0/cc3200-sdk/driverlib/ccs/Release/</path>
         <kind>archive</kind>
         <file>driverlib.a</file>
         <name>pin.obj</name>
      </input_file>
      <input_file id="fl-15d">
         <path>/home/chen/ti/CC3200SDK_1.2.0/cc3200-sdk/driverlib/ccs/Release/</path>
         <kind>archive</kind>
         <file>driverlib.a</file>
         <name>prcm.obj</name>
      </input_file>
      <input_file id="fl-15e">
         <path>/home/chen/ti/CC3200SDK_1.2.0/cc3200-sdk/driverlib/ccs/Release/</path>
         <kind>archive</kind>
         <file>driverlib.a</file>
         <name>spi.obj</name>
      </input_file>
      <input_file id="fl-15f">
         <path>/home/chen/ti/CC3200SDK_1.2.0/cc3200-sdk/driverlib/ccs/Release/</path>
         <kind>archive</kind>
         <file>driverlib.a</file>
         <name>timer.obj</name>
      </input_file>
      <input_file id="fl-160">
         <path>/home/chen/ti/CC3200SDK_1.2.0/cc3200-sdk/driverlib/ccs/Release/</path>
         <kind>archive</kind>
         <file>driverlib.a</file>
         <name>uart.obj</name>
      </input_file>
      <input_file id="fl-161">
         <path>/home/chen/ti/CC3200SDK_1.2.0/cc3200-sdk/driverlib/ccs/Release/</path>
         <kind>archive</kind>
         <file>driverlib.a</file>
         <name>utils.obj</name>
      </input_file>
      <input_file id="fl-162">
         <path>/home/chen/ti/CC3200SDK_1.2.0/cc3200-sdk/driverlib/ccs/Release/</path>
         <kind>archive</kind>
         <file>driverlib.a</file>
         <name>cpu.obj</name>
      </input_file>
      <input_file id="fl-163">
         <path>/home/chen/ti/CC3200SDK_1.2.0/cc3200-sdk/driverlib/ccs/Release/</path>
         <kind>archive</kind>
         <file>driverlib.a</file>
         <name>flash.obj</name>
      </input_file>
   </input_file_list>
   <object_component_list>
      <object_component id="oc-f">
         <name>.intvecs</name>
         <load_address>0x20004000</load_address>
         <run_address>0x20004000</run_address>
         <size>0x400</size>
         <input_file_ref idref="fl-7"/>
      </object_component>
      <object_component id="oc-2cd">
         <name>.text</name>
         <load_address>0x20004400</load_address>
         <run_address>0x20004400</run_address>
         <size>0x10a6</size>
         <input_file_ref idref="fl-13d"/>
      </object_component>
      <object_component id="oc-cc">
         <name>.text</name>
         <load_address>0x200054a8</load_address>
         <run_address>0x200054a8</run_address>
         <size>0xa80</size>
         <input_file_ref idref="fl-2"/>
      </object_component>
      <object_component id="oc-9f">
         <name>.text</name>
         <load_address>0x20005f28</load_address>
         <run_address>0x20005f28</run_address>
         <size>0x79c</size>
         <input_file_ref idref="fl-5"/>
      </object_component>
      <object_component id="oc-d2">
         <name>.text</name>
         <load_address>0x200066c4</load_address>
         <run_address>0x200066c4</run_address>
         <size>0x47a</size>
         <input_file_ref idref="fl-3"/>
      </object_component>
      <object_component id="oc-1e2">
         <name>.text</name>
         <load_address>0x20006b40</load_address>
         <run_address>0x20006b40</run_address>
         <size>0x3dc</size>
         <input_file_ref idref="fl-136"/>
      </object_component>
      <object_component id="oc-13b">
         <name>.text</name>
         <load_address>0x20006f1c</load_address>
         <run_address>0x20006f1c</run_address>
         <size>0x290</size>
         <input_file_ref idref="fl-4"/>
      </object_component>
      <object_component id="oc-d8">
         <name>.text</name>
         <load_address>0x200071ac</load_address>
         <run_address>0x200071ac</run_address>
         <size>0x280</size>
         <input_file_ref idref="fl-8"/>
      </object_component>
      <object_component id="oc-323">
         <name>.text</name>
         <load_address>0x2000742c</load_address>
         <run_address>0x2000742c</run_address>
         <size>0x1f4</size>
         <input_file_ref idref="fl-14e"/>
      </object_component>
      <object_component id="oc-34c">
         <name>.text</name>
         <load_address>0x20007620</load_address>
         <run_address>0x20007620</run_address>
         <size>0x1b6</size>
         <input_file_ref idref="fl-143"/>
      </object_component>
      <object_component id="oc-10b">
         <name>.text:PRCMCC3200MCUInit</name>
         <load_address>0x200077d8</load_address>
         <run_address>0x200077d8</run_address>
         <size>0x178</size>
         <input_file_ref idref="fl-15d"/>
      </object_component>
      <object_component id="oc-332">
         <name>.text</name>
         <load_address>0x20007950</load_address>
         <run_address>0x20007950</run_address>
         <size>0x136</size>
         <input_file_ref idref="fl-145"/>
      </object_component>
      <object_component id="oc-111">
         <name>.text</name>
         <load_address>0x20007a88</load_address>
         <run_address>0x20007a88</run_address>
         <size>0x114</size>
         <input_file_ref idref="fl-6"/>
      </object_component>
      <object_component id="oc-3a0">
         <name>.text</name>
         <load_address>0x20007b9c</load_address>
         <run_address>0x20007b9c</run_address>
         <size>0x110</size>
         <input_file_ref idref="fl-150"/>
      </object_component>
      <object_component id="oc-32d">
         <name>.text</name>
         <load_address>0x20007cac</load_address>
         <run_address>0x20007cac</run_address>
         <size>0xfc</size>
         <input_file_ref idref="fl-146"/>
      </object_component>
      <object_component id="oc-3c2">
         <name>.text</name>
         <load_address>0x20007da8</load_address>
         <run_address>0x20007da8</run_address>
         <size>0xbe</size>
         <input_file_ref idref="fl-158"/>
      </object_component>
      <object_component id="oc-105">
         <name>.text:IntEnable</name>
         <load_address>0x20007e68</load_address>
         <run_address>0x20007e68</run_address>
         <size>0xa8</size>
         <input_file_ref idref="fl-15b"/>
      </object_component>
      <object_component id="oc-12f">
         <name>.text:SPIConfigSetExpClk</name>
         <load_address>0x20007f10</load_address>
         <run_address>0x20007f10</run_address>
         <size>0xa0</size>
         <input_file_ref idref="fl-15e"/>
      </object_component>
      <object_component id="oc-36">
         <name>.text</name>
         <load_address>0x20007fb0</load_address>
         <run_address>0x20007fb0</run_address>
         <size>0x9c</size>
         <input_file_ref idref="fl-134"/>
      </object_component>
      <object_component id="oc-129">
         <name>.text:PRCMPeripheralClockGet</name>
         <load_address>0x2000804c</load_address>
         <run_address>0x2000804c</run_address>
         <size>0x94</size>
         <input_file_ref idref="fl-15d"/>
      </object_component>
      <object_component id="oc-141">
         <name>.text:PinConfigSet</name>
         <load_address>0x200080e0</load_address>
         <run_address>0x200080e0</run_address>
         <size>0x88</size>
         <input_file_ref idref="fl-15c"/>
      </object_component>
      <object_component id="oc-1c4">
         <name>.text</name>
         <load_address>0x20008168</load_address>
         <run_address>0x20008168</run_address>
         <size>0x88</size>
         <input_file_ref idref="fl-13b"/>
      </object_component>
      <object_component id="oc-328">
         <name>.text:__aeabi_cdcmple</name>
         <load_address>0x200081f0</load_address>
         <run_address>0x200081f0</run_address>
         <size>0x86</size>
         <input_file_ref idref="fl-144"/>
      </object_component>
      <object_component id="oc-337">
         <name>.text:__aeabi_cdrcmple</name>
         <load_address>0x20008276</load_address>
         <run_address>0x20008276</run_address>
         <size>0x86</size>
         <input_file_ref idref="fl-144"/>
      </object_component>
      <object_component id="oc-291">
         <name>.text:I2CMasterInitExpClk</name>
         <load_address>0x200082fc</load_address>
         <run_address>0x200082fc</run_address>
         <size>0x84</size>
         <input_file_ref idref="fl-15a"/>
      </object_component>
      <object_component id="oc-4f">
         <name>.text</name>
         <load_address>0x20008380</load_address>
         <run_address>0x20008380</run_address>
         <size>0x7a</size>
         <input_file_ref idref="fl-137"/>
      </object_component>
      <object_component id="oc-1b8">
         <name>.text:UARTConfigSetExpClk</name>
         <load_address>0x200083fa</load_address>
         <run_address>0x200083fa</run_address>
         <size>0x76</size>
         <input_file_ref idref="fl-160"/>
      </object_component>
      <object_component id="oc-147">
         <name>.text:TimerIntRegister</name>
         <load_address>0x20008470</load_address>
         <run_address>0x20008470</run_address>
         <size>0x70</size>
         <input_file_ref idref="fl-15f"/>
      </object_component>
      <object_component id="oc-61">
         <name>.text</name>
         <load_address>0x200084e0</load_address>
         <run_address>0x200084e0</run_address>
         <size>0x6c</size>
         <input_file_ref idref="fl-140"/>
      </object_component>
      <object_component id="oc-42">
         <name>.text</name>
         <load_address>0x2000854c</load_address>
         <run_address>0x2000854c</run_address>
         <size>0x6a</size>
         <input_file_ref idref="fl-131"/>
      </object_component>
      <object_component id="oc-398">
         <name>.text</name>
         <load_address>0x200085b6</load_address>
         <run_address>0x200085b6</run_address>
         <size>0x66</size>
         <input_file_ref idref="fl-151"/>
      </object_component>
      <object_component id="oc-11d">
         <name>.text:PRCMPeripheralReset</name>
         <load_address>0x2000861c</load_address>
         <run_address>0x2000861c</run_address>
         <size>0x58</size>
         <input_file_ref idref="fl-15d"/>
      </object_component>
      <object_component id="oc-341">
         <name>.text</name>
         <load_address>0x20008674</load_address>
         <run_address>0x20008674</run_address>
         <size>0x56</size>
         <input_file_ref idref="fl-14b"/>
      </object_component>
      <object_component id="oc-36f">
         <name>.text</name>
         <load_address>0x200086cc</load_address>
         <run_address>0x200086cc</run_address>
         <size>0x4c</size>
         <input_file_ref idref="fl-13f"/>
      </object_component>
      <object_component id="oc-97">
         <name>.text</name>
         <load_address>0x20008718</load_address>
         <run_address>0x20008718</run_address>
         <size>0x4c</size>
         <input_file_ref idref="fl-141"/>
      </object_component>
      <object_component id="oc-33c">
         <name>.text</name>
         <load_address>0x20008764</load_address>
         <run_address>0x20008764</run_address>
         <size>0x48</size>
         <input_file_ref idref="fl-147"/>
      </object_component>
      <object_component id="oc-357">
         <name>.text</name>
         <load_address>0x200087ac</load_address>
         <run_address>0x200087ac</run_address>
         <size>0x46</size>
         <input_file_ref idref="fl-14a"/>
      </object_component>
      <object_component id="oc-14d">
         <name>.text:TimerConfigure</name>
         <load_address>0x200087f4</load_address>
         <run_address>0x200087f4</run_address>
         <size>0x44</size>
         <input_file_ref idref="fl-15f"/>
      </object_component>
      <object_component id="oc-6d">
         <name>.text</name>
         <load_address>0x20008838</load_address>
         <run_address>0x20008838</run_address>
         <size>0x44</size>
         <input_file_ref idref="fl-133"/>
      </object_component>
      <object_component id="oc-22c">
         <name>.text:PinModeSet</name>
         <load_address>0x2000887c</load_address>
         <run_address>0x2000887c</run_address>
         <size>0x40</size>
         <input_file_ref idref="fl-15c"/>
      </object_component>
      <object_component id="oc-405">
         <name>.text</name>
         <load_address>0x200088bc</load_address>
         <run_address>0x200088bc</run_address>
         <size>0x40</size>
         <input_file_ref idref="fl-157"/>
      </object_component>
      <object_component id="oc-117">
         <name>.text:PRCMPeripheralClkEnable</name>
         <load_address>0x200088fc</load_address>
         <run_address>0x200088fc</run_address>
         <size>0x3c</size>
         <input_file_ref idref="fl-15d"/>
      </object_component>
      <object_component id="oc-24">
         <name>.text</name>
         <load_address>0x20008938</load_address>
         <run_address>0x20008938</run_address>
         <size>0x3c</size>
         <input_file_ref idref="fl-12f"/>
      </object_component>
      <object_component id="oc-244">
         <name>.text:GPIODirModeSet</name>
         <load_address>0x20008974</load_address>
         <run_address>0x20008974</run_address>
         <size>0x36</size>
         <input_file_ref idref="fl-159"/>
      </object_component>
      <object_component id="oc-3d1">
         <name>.text</name>
         <load_address>0x200089ac</load_address>
         <run_address>0x200089ac</run_address>
         <size>0x34</size>
         <input_file_ref idref="fl-155"/>
      </object_component>
      <object_component id="oc-23e">
         <name>.text:PinTypeGPIO</name>
         <load_address>0x200089e0</load_address>
         <run_address>0x200089e0</run_address>
         <size>0x30</size>
         <input_file_ref idref="fl-15c"/>
      </object_component>
      <object_component id="oc-153">
         <name>.text:TimerControlEvent</name>
         <load_address>0x20008a10</load_address>
         <run_address>0x20008a10</run_address>
         <size>0x30</size>
         <input_file_ref idref="fl-15f"/>
      </object_component>
      <object_component id="oc-2bf">
         <name>.text:UARTDisable</name>
         <load_address>0x20008a40</load_address>
         <run_address>0x20008a40</run_address>
         <size>0x30</size>
         <input_file_ref idref="fl-160"/>
      </object_component>
      <object_component id="oc-3a6">
         <name>.text</name>
         <load_address>0x20008a70</load_address>
         <run_address>0x20008a70</run_address>
         <size>0x30</size>
         <input_file_ref idref="fl-152"/>
      </object_component>
      <object_component id="oc-347">
         <name>.text</name>
         <load_address>0x20008aa0</load_address>
         <run_address>0x20008aa0</run_address>
         <size>0x2e</size>
         <input_file_ref idref="fl-149"/>
      </object_component>
      <object_component id="oc-3f5">
         <name>.text</name>
         <load_address>0x20008ace</load_address>
         <run_address>0x20008ace</run_address>
         <size>0x2e</size>
         <input_file_ref idref="fl-156"/>
      </object_component>
      <object_component id="oc-279">
         <name>.text:I2CMasterErr</name>
         <load_address>0x20008afc</load_address>
         <run_address>0x20008afc</run_address>
         <size>0x2c</size>
         <input_file_ref idref="fl-15a"/>
      </object_component>
      <object_component id="oc-213">
         <name>.text:PRCMSysResetCauseGet</name>
         <load_address>0x20008b28</load_address>
         <run_address>0x20008b28</run_address>
         <size>0x2c</size>
         <input_file_ref idref="fl-15d"/>
      </object_component>
      <object_component id="oc-159">
         <name>.text:TimerLoadSet</name>
         <load_address>0x20008b54</load_address>
         <run_address>0x20008b54</run_address>
         <size>0x2a</size>
         <input_file_ref idref="fl-15f"/>
      </object_component>
      <object_component id="oc-15f">
         <name>.text:TimerPrescaleSet</name>
         <load_address>0x20008b7e</load_address>
         <run_address>0x20008b7e</run_address>
         <size>0x2a</size>
         <input_file_ref idref="fl-15f"/>
      </object_component>
      <object_component id="oc-363">
         <name>.text</name>
         <load_address>0x20008ba8</load_address>
         <run_address>0x20008ba8</run_address>
         <size>0x2a</size>
         <input_file_ref idref="fl-14f"/>
      </object_component>
      <object_component id="oc-225">
         <name>.text:PRCMPeripheralClkDisable</name>
         <load_address>0x20008bd4</load_address>
         <run_address>0x20008bd4</run_address>
         <size>0x28</size>
         <input_file_ref idref="fl-15d"/>
      </object_component>
      <object_component id="oc-2c5">
         <name>.text:UARTEnable</name>
         <load_address>0x20008bfc</load_address>
         <run_address>0x20008bfc</run_address>
         <size>0x24</size>
         <input_file_ref idref="fl-160"/>
      </object_component>
      <object_component id="oc-1dc">
         <name>.text</name>
         <load_address>0x20008c20</load_address>
         <run_address>0x20008c20</run_address>
         <size>0x24</size>
         <input_file_ref idref="fl-135"/>
      </object_component>
      <object_component id="oc-27f">
         <name>.text:I2CMasterSlaveAddrSet</name>
         <load_address>0x20008c44</load_address>
         <run_address>0x20008c44</run_address>
         <size>0x22</size>
         <input_file_ref idref="fl-15a"/>
      </object_component>
      <object_component id="oc-123">
         <name>.text:SPIReset</name>
         <load_address>0x20008c66</load_address>
         <run_address>0x20008c66</run_address>
         <size>0x22</size>
         <input_file_ref idref="fl-15e"/>
      </object_component>
      <object_component id="oc-351">
         <name>.text</name>
         <load_address>0x20008c88</load_address>
         <run_address>0x20008c88</run_address>
         <size>0x22</size>
         <input_file_ref idref="fl-148"/>
      </object_component>
      <object_component id="oc-198">
         <name>.text:GPIOPinWrite</name>
         <load_address>0x20008caa</load_address>
         <run_address>0x20008caa</run_address>
         <size>0x20</size>
         <input_file_ref idref="fl-159"/>
      </object_component>
      <object_component id="oc-2a2">
         <name>.text:IntRegister</name>
         <load_address>0x20008ccc</load_address>
         <run_address>0x20008ccc</run_address>
         <size>0x20</size>
         <input_file_ref idref="fl-15b"/>
      </object_component>
      <object_component id="oc-1aa">
         <name>.text:SPIDataGet</name>
         <load_address>0x20008cec</load_address>
         <run_address>0x20008cec</run_address>
         <size>0x20</size>
         <input_file_ref idref="fl-15e"/>
      </object_component>
      <object_component id="oc-261">
         <name>.text:I2CMasterIntStatusEx</name>
         <load_address>0x20008d0c</load_address>
         <run_address>0x20008d0c</run_address>
         <size>0x1e</size>
         <input_file_ref idref="fl-15a"/>
      </object_component>
      <object_component id="oc-1a4">
         <name>.text:SPIDataPut</name>
         <load_address>0x20008d2a</load_address>
         <run_address>0x20008d2a</run_address>
         <size>0x1e</size>
         <input_file_ref idref="fl-15e"/>
      </object_component>
      <object_component id="oc-16b">
         <name>.text:TimerEnable</name>
         <load_address>0x20008d48</load_address>
         <run_address>0x20008d48</run_address>
         <size>0x1e</size>
         <input_file_ref idref="fl-15f"/>
      </object_component>
      <object_component id="oc-1be">
         <name>.text:UARTCharPut</name>
         <load_address>0x20008d66</load_address>
         <run_address>0x20008d66</run_address>
         <size>0x1e</size>
         <input_file_ref idref="fl-160"/>
      </object_component>
      <object_component id="oc-238">
         <name>.text:PinTypeI2C</name>
         <load_address>0x20008d84</load_address>
         <run_address>0x20008d84</run_address>
         <size>0x1c</size>
         <input_file_ref idref="fl-15c"/>
      </object_component>
      <object_component id="oc-ed">
         <name>.text:TimerValueGet</name>
         <load_address>0x20008da0</load_address>
         <run_address>0x20008da0</run_address>
         <size>0x1c</size>
         <input_file_ref idref="fl-15f"/>
      </object_component>
      <object_component id="oc-1d0">
         <name>.text:UARTCharGetNonBlocking</name>
         <load_address>0x20008dbc</load_address>
         <run_address>0x20008dbc</run_address>
         <size>0x1c</size>
         <input_file_ref idref="fl-160"/>
      </object_component>
      <object_component id="oc-369">
         <name>.text</name>
         <load_address>0x20008dd8</load_address>
         <run_address>0x20008dd8</run_address>
         <size>0x1c</size>
         <input_file_ref idref="fl-14c"/>
      </object_component>
      <object_component id="oc-24a">
         <name>.text:PinTypeSPI</name>
         <load_address>0x20008df4</load_address>
         <run_address>0x20008df4</run_address>
         <size>0x1a</size>
         <input_file_ref idref="fl-15c"/>
      </object_component>
      <object_component id="oc-250">
         <name>.text:PinTypeTimer</name>
         <load_address>0x20008e0e</load_address>
         <run_address>0x20008e0e</run_address>
         <size>0x1a</size>
         <input_file_ref idref="fl-15c"/>
      </object_component>
      <object_component id="oc-232">
         <name>.text:PinTypeUART</name>
         <load_address>0x20008e28</load_address>
         <run_address>0x20008e28</run_address>
         <size>0x1a</size>
         <input_file_ref idref="fl-15c"/>
      </object_component>
      <object_component id="oc-1b0">
         <name>.text:SPICSDisable</name>
         <load_address>0x20008e42</load_address>
         <run_address>0x20008e42</run_address>
         <size>0x18</size>
         <input_file_ref idref="fl-15e"/>
      </object_component>
      <object_component id="oc-19e">
         <name>.text:SPICSEnable</name>
         <load_address>0x20008e5a</load_address>
         <run_address>0x20008e5a</run_address>
         <size>0x18</size>
         <input_file_ref idref="fl-15e"/>
      </object_component>
      <object_component id="oc-135">
         <name>.text:SPIEnable</name>
         <load_address>0x20008e72</load_address>
         <run_address>0x20008e72</run_address>
         <size>0x18</size>
         <input_file_ref idref="fl-15e"/>
      </object_component>
      <object_component id="oc-165">
         <name>.text:TimerIntEnable</name>
         <load_address>0x20008e8a</load_address>
         <run_address>0x20008e8a</run_address>
         <size>0x18</size>
         <input_file_ref idref="fl-15f"/>
      </object_component>
      <object_component id="oc-1ca">
         <name>.text:UARTCharsAvail</name>
         <load_address>0x20008ea2</load_address>
         <run_address>0x20008ea2</run_address>
         <size>0x18</size>
         <input_file_ref idref="fl-160"/>
      </object_component>
      <object_component id="oc-67">
         <name>.text</name>
         <load_address>0x20008ebc</load_address>
         <run_address>0x20008ebc</run_address>
         <size>0x18</size>
         <input_file_ref idref="fl-13e"/>
      </object_component>
      <object_component id="oc-285">
         <name>.text:I2CMasterDataPut</name>
         <load_address>0x20008ed4</load_address>
         <run_address>0x20008ed4</run_address>
         <size>0x16</size>
         <input_file_ref idref="fl-15a"/>
      </object_component>
      <object_component id="oc-310">
         <name>.text:I2CMasterEnable</name>
         <load_address>0x20008eea</load_address>
         <run_address>0x20008eea</run_address>
         <size>0x16</size>
         <input_file_ref idref="fl-15a"/>
      </object_component>
      <object_component id="oc-219">
         <name>.text:PRCMHIBRegRead</name>
         <load_address>0x20008f00</load_address>
         <run_address>0x20008f00</run_address>
         <size>0x16</size>
         <input_file_ref idref="fl-15d"/>
      </object_component>
      <object_component id="oc-21f">
         <name>.text:PRCMHIBRegWrite</name>
         <load_address>0x20008f16</load_address>
         <run_address>0x20008f16</run_address>
         <size>0x16</size>
         <input_file_ref idref="fl-15d"/>
      </object_component>
      <object_component id="oc-35d">
         <name>.text</name>
         <load_address>0x20008f2c</load_address>
         <run_address>0x20008f2c</run_address>
         <size>0x16</size>
         <input_file_ref idref="fl-14d"/>
      </object_component>
      <object_component id="oc-208">
         <name>.text:CPUcpsie</name>
         <load_address>0x20008f42</load_address>
         <run_address>0x20008f42</run_address>
         <size>0x14</size>
         <input_file_ref idref="fl-162"/>
      </object_component>
      <object_component id="oc-f9">
         <name>.text:IntVTableBaseSet</name>
         <load_address>0x20008f58</load_address>
         <run_address>0x20008f58</run_address>
         <size>0x14</size>
         <input_file_ref idref="fl-15b"/>
      </object_component>
      <object_component id="oc-17e">
         <name>.text</name>
         <load_address>0x20008f6c</load_address>
         <run_address>0x20008f6c</run_address>
         <size>0x14</size>
         <input_file_ref idref="fl-13c"/>
      </object_component>
      <object_component id="oc-1d6">
         <name>.text</name>
         <load_address>0x20008f80</load_address>
         <run_address>0x20008f80</run_address>
         <size>0x14</size>
         <input_file_ref idref="fl-13a"/>
      </object_component>
      <object_component id="oc-273">
         <name>.text:I2CMasterControl</name>
         <load_address>0x20008f94</load_address>
         <run_address>0x20008f94</run_address>
         <size>0x12</size>
         <input_file_ref idref="fl-15a"/>
      </object_component>
      <object_component id="oc-267">
         <name>.text:I2CMasterIntClearEx</name>
         <load_address>0x20008fa6</load_address>
         <run_address>0x20008fa6</run_address>
         <size>0x12</size>
         <input_file_ref idref="fl-15a"/>
      </object_component>
      <object_component id="oc-26d">
         <name>.text:I2CMasterTimeoutSet</name>
         <load_address>0x20008fb8</load_address>
         <run_address>0x20008fb8</run_address>
         <size>0x12</size>
         <input_file_ref idref="fl-15a"/>
      </object_component>
      <object_component id="oc-e7">
         <name>.text:TimerIntClear</name>
         <load_address>0x20008fca</load_address>
         <run_address>0x20008fca</run_address>
         <size>0x12</size>
         <input_file_ref idref="fl-15f"/>
      </object_component>
      <object_component id="oc-28b">
         <name>.text:I2CMasterDataGet</name>
         <load_address>0x20008fdc</load_address>
         <run_address>0x20008fdc</run_address>
         <size>0xe</size>
         <input_file_ref idref="fl-15a"/>
      </object_component>
      <object_component id="oc-12">
         <name>.text:decompress:none</name>
         <load_address>0x20008fea</load_address>
         <run_address>0x20008fea</run_address>
         <size>0xe</size>
         <input_file_ref idref="fl-130"/>
      </object_component>
      <object_component id="oc-2d">
         <name>.text</name>
         <load_address>0x20008ff8</load_address>
         <run_address>0x20008ff8</run_address>
         <size>0xe</size>
         <input_file_ref idref="fl-7"/>
      </object_component>
      <object_component id="oc-1e">
         <name>.text:decompress:ZI</name>
         <load_address>0x20009006</load_address>
         <run_address>0x20009006</run_address>
         <size>0xc</size>
         <input_file_ref idref="fl-132"/>
      </object_component>
      <object_component id="oc-ff">
         <name>.text:IntMasterEnable</name>
         <load_address>0x20009012</load_address>
         <run_address>0x20009012</run_address>
         <size>0xa</size>
         <input_file_ref idref="fl-15b"/>
      </object_component>
      <object_component id="oc-171">
         <name>.text:UtilsDelay</name>
         <load_address>0x2000901c</load_address>
         <run_address>0x2000901c</run_address>
         <size>0x6</size>
         <input_file_ref idref="fl-161"/>
      </object_component>
      <object_component id="oc-18">
         <name>.text:decompress:rle24</name>
         <load_address>0x20009022</load_address>
         <run_address>0x20009022</run_address>
         <size>0x6</size>
         <input_file_ref idref="fl-131"/>
      </object_component>
      <object_component id="oc-5b">
         <name>.text</name>
         <load_address>0x20009028</load_address>
         <run_address>0x20009028</run_address>
         <size>0x4</size>
         <input_file_ref idref="fl-138"/>
      </object_component>
      <object_component id="oc-193">
         <name>.const:.string:font</name>
         <load_address>0x2000902c</load_address>
         <run_address>0x2000902c</run_address>
         <size>0x4fb</size>
         <input_file_ref idref="fl-2"/>
      </object_component>
      <object_component id="oc-3b4">
         <name>.const:.string:_ctypes_</name>
         <load_address>0x20009527</load_address>
         <run_address>0x20009527</run_address>
         <size>0x101</size>
         <input_file_ref idref="fl-142"/>
      </object_component>
      <object_component id="oc-29e">
         <name>.const:g_ulPinToPadMap</name>
         <load_address>0x20009628</load_address>
         <run_address>0x20009628</run_address>
         <size>0x100</size>
         <input_file_ref idref="fl-15c"/>
      </object_component>
      <object_component id="oc-257">
         <name>.const:PRCM_PeriphRegsList</name>
         <load_address>0x20009728</load_address>
         <run_address>0x20009728</run_address>
         <size>0xa8</size>
         <input_file_ref idref="fl-15d"/>
      </object_component>
      <object_component id="oc-20f">
         <name>.const</name>
         <load_address>0x200097d0</load_address>
         <run_address>0x200097d0</run_address>
         <size>0x80</size>
         <input_file_ref idref="fl-15b"/>
      </object_component>
      <object_component id="oc-44b">
         <name>.cinit..data.load</name>
         <load_address>0x20009850</load_address>
         <run_address>0x20009850</run_address>
         <size>0x91</size>
      </object_component>
      <object_component id="oc-449">
         <name>__TI_handler_table</name>
         <load_address>0x200098e4</load_address>
         <run_address>0x200098e4</run_address>
         <size>0xc</size>
      </object_component>
      <object_component id="oc-44c">
         <name>.cinit..bss.load</name>
         <load_address>0x200098f0</load_address>
         <run_address>0x200098f0</run_address>
         <size>0x8</size>
      </object_component>
      <object_component id="oc-44a">
         <name>__TI_cinit_table</name>
         <load_address>0x200098f8</load_address>
         <run_address>0x200098f8</run_address>
         <size>0x10</size>
      </object_component>
      <object_component id="oc-2a">
         <name>.sysmem</name>
         <uninitialized>true</uninitialized>
         <run_address>0x20017000</run_address>
         <size>0x8</size>
         <input_file_ref idref="fl-136"/>
      </object_component>
      <object_component id="oc-44e">
         <name>.sysmem</name>
         <uninitialized>true</uninitialized>
         <run_address>0x20017000</run_address>
         <size>0x0</size>
      </object_component>
      <object_component id="oc-29">
         <name>.stack</name>
         <uninitialized>true</uninitialized>
         <run_address>0x2002f000</run_address>
         <size>0x0</size>
         <input_file_ref idref="fl-12f"/>
      </object_component>
      <object_component id="oc-44d">
         <name>.stack</name>
         <uninitialized>true</uninitialized>
         <run_address>0x2002f000</run_address>
         <size>0x0</size>
      </object_component>
      <object_component id="oc-de">
         <name>.bss:g_ucCharArray</name>
         <uninitialized>true</uninitialized>
         <run_address>0x200179ac</run_address>
         <size>0x34</size>
         <input_file_ref idref="fl-5"/>
      </object_component>
      <object_component id="oc-174">
         <name>.common:g_ulA3A_IR_IntCount</name>
         <uninitialized>true</uninitialized>
         <run_address>0x200179f4</run_address>
         <size>0x4</size>
      </object_component>
      <object_component id="oc-175">
         <name>.common:g_uiIR_Code</name>
         <uninitialized>true</uninitialized>
         <run_address>0x200179f0</run_address>
         <size>0x4</size>
      </object_component>
      <object_component id="oc-f6">
         <name>.common:g_cCurrentChar</name>
         <uninitialized>true</uninitialized>
         <run_address>0x200179ec</run_address>
         <size>0x4</size>
      </object_component>
      <object_component id="oc-172">
         <name>.common:g_ulSamples</name>
         <uninitialized>true</uninitialized>
         <run_address>0x200179e0</run_address>
         <size>0x8</size>
      </object_component>
      <object_component id="oc-173">
         <name>.common:g_ulInterval</name>
         <uninitialized>true</uninitialized>
         <run_address>0x200179f8</run_address>
         <size>0x4</size>
      </object_component>
      <object_component id="oc-1e8">
         <name>.common:__Errorlog</name>
         <uninitialized>true</uninitialized>
         <run_address>0x200179e8</run_address>
         <size>0x4</size>
      </object_component>
      <object_component id="oc-e1">
         <name>.data</name>
         <load_address>0x20017958</load_address>
         <run_address>0x20017958</run_address>
         <size>0x15</size>
         <input_file_ref idref="fl-2"/>
      </object_component>
      <object_component id="oc-e4">
         <name>.data</name>
         <load_address>0x20017970</load_address>
         <run_address>0x20017970</run_address>
         <size>0x10</size>
         <input_file_ref idref="fl-5"/>
      </object_component>
      <object_component id="oc-f3">
         <name>.data:g_iButtonCycle</name>
         <load_address>0x20017930</load_address>
         <run_address>0x20017930</run_address>
         <size>0x28</size>
         <input_file_ref idref="fl-5"/>
      </object_component>
      <object_component id="oc-aa">
         <name>.data</name>
         <load_address>0x20017994</load_address>
         <run_address>0x20017994</run_address>
         <size>0x8</size>
         <input_file_ref idref="fl-133"/>
      </object_component>
      <object_component id="oc-2e5">
         <name>.data</name>
         <load_address>0x20017980</load_address>
         <run_address>0x20017980</run_address>
         <size>0xc</size>
         <input_file_ref idref="fl-136"/>
      </object_component>
      <object_component id="oc-73">
         <name>.data</name>
         <load_address>0x200179a8</load_address>
         <run_address>0x200179a8</run_address>
         <size>0x4</size>
         <input_file_ref idref="fl-139"/>
      </object_component>
      <object_component id="oc-a7">
         <name>.data</name>
         <load_address>0x2001798c</load_address>
         <run_address>0x2001798c</run_address>
         <size>0x8</size>
         <input_file_ref idref="fl-13c"/>
      </object_component>
      <object_component id="oc-3cc">
         <name>.data</name>
         <load_address>0x200178b0</load_address>
         <run_address>0x200178b0</run_address>
         <size>0x80</size>
         <input_file_ref idref="fl-153"/>
      </object_component>
      <object_component id="oc-3d7">
         <name>.data</name>
         <load_address>0x200179a4</load_address>
         <run_address>0x200179a4</run_address>
         <size>0x4</size>
         <input_file_ref idref="fl-154"/>
      </object_component>
      <object_component id="oc-3fb">
         <name>.data</name>
         <load_address>0x2001799c</load_address>
         <run_address>0x2001799c</run_address>
         <size>0x8</size>
         <input_file_ref idref="fl-155"/>
      </object_component>
      <object_component id="oc-416">
         <name>.data:sigtable</name>
         <load_address>0x20017800</load_address>
         <run_address>0x20017800</run_address>
         <size>0xb0</size>
         <input_file_ref idref="fl-157"/>
      </object_component>
      <object_component id="oc-197">
         <name>.debug_info</name>
         <load_address>0x0</load_address>
         <run_address>0x0</run_address>
         <size>0x1c7</size>
         <input_file_ref idref="fl-2"/>
      </object_component>
      <object_component id="oc-194">
         <name>.debug_info</name>
         <load_address>0x1c7</load_address>
         <run_address>0x1c7</run_address>
         <size>0xcc</size>
         <input_file_ref idref="fl-2"/>
      </object_component>
      <object_component id="oc-e2">
         <name>.debug_info</name>
         <load_address>0x293</load_address>
         <run_address>0x293</run_address>
         <size>0x17a</size>
         <input_file_ref idref="fl-2"/>
      </object_component>
      <object_component id="oc-cd">
         <name>.debug_info</name>
         <load_address>0x40d</load_address>
         <run_address>0x40d</run_address>
         <size>0x14d6</size>
         <input_file_ref idref="fl-2"/>
      </object_component>
      <object_component id="oc-7e">
         <name>.debug_info</name>
         <load_address>0x18e3</load_address>
         <run_address>0x18e3</run_address>
         <size>0x84</size>
         <input_file_ref idref="fl-2"/>
      </object_component>
      <object_component id="oc-1b7">
         <name>.debug_info</name>
         <load_address>0x1967</load_address>
         <run_address>0x1967</run_address>
         <size>0x1af</size>
         <input_file_ref idref="fl-3"/>
      </object_component>
      <object_component id="oc-d3">
         <name>.debug_info</name>
         <load_address>0x1b16</load_address>
         <run_address>0x1b16</run_address>
         <size>0xe12</size>
         <input_file_ref idref="fl-3"/>
      </object_component>
      <object_component id="oc-2fe">
         <name>.debug_info</name>
         <load_address>0x2928</load_address>
         <run_address>0x2928</run_address>
         <size>0x62</size>
         <input_file_ref idref="fl-3"/>
      </object_component>
      <object_component id="oc-202">
         <name>.debug_info</name>
         <load_address>0x298a</load_address>
         <run_address>0x298a</run_address>
         <size>0x2c</size>
         <input_file_ref idref="fl-3"/>
      </object_component>
      <object_component id="oc-8e">
         <name>.debug_info</name>
         <load_address>0x29b6</load_address>
         <run_address>0x29b6</run_address>
         <size>0x2c</size>
         <input_file_ref idref="fl-3"/>
      </object_component>
      <object_component id="oc-29d">
         <name>.debug_info</name>
         <load_address>0x29e2</load_address>
         <run_address>0x29e2</run_address>
         <size>0x407</size>
         <input_file_ref idref="fl-4"/>
      </object_component>
      <object_component id="oc-13c">
         <name>.debug_info</name>
         <load_address>0x2de9</load_address>
         <run_address>0x2de9</run_address>
         <size>0xbd1</size>
         <input_file_ref idref="fl-4"/>
      </object_component>
      <object_component id="oc-1f1">
         <name>.debug_info</name>
         <load_address>0x39ba</load_address>
         <run_address>0x39ba</run_address>
         <size>0x110</size>
         <input_file_ref idref="fl-4"/>
      </object_component>
      <object_component id="oc-298">
         <name>.debug_info</name>
         <load_address>0x3aca</load_address>
         <run_address>0x3aca</run_address>
         <size>0x8b</size>
         <input_file_ref idref="fl-4"/>
      </object_component>
      <object_component id="oc-304">
         <name>.debug_info</name>
         <load_address>0x3b55</load_address>
         <run_address>0x3b55</run_address>
         <size>0x18b</size>
         <input_file_ref idref="fl-4"/>
      </object_component>
      <object_component id="oc-1ec">
         <name>.debug_info</name>
         <load_address>0x3ce0</load_address>
         <run_address>0x3ce0</run_address>
         <size>0x4e</size>
         <input_file_ref idref="fl-4"/>
      </object_component>
      <object_component id="oc-f7">
         <name>.debug_info</name>
         <load_address>0x3d2e</load_address>
         <run_address>0x3d2e</run_address>
         <size>0x7ff</size>
         <input_file_ref idref="fl-5"/>
      </object_component>
      <object_component id="oc-e5">
         <name>.debug_info</name>
         <load_address>0x452d</load_address>
         <run_address>0x452d</run_address>
         <size>0x12d</size>
         <input_file_ref idref="fl-5"/>
      </object_component>
      <object_component id="oc-df">
         <name>.debug_info</name>
         <load_address>0x465a</load_address>
         <run_address>0x465a</run_address>
         <size>0xd6</size>
         <input_file_ref idref="fl-5"/>
      </object_component>
      <object_component id="oc-f4">
         <name>.debug_info</name>
         <load_address>0x4730</load_address>
         <run_address>0x4730</run_address>
         <size>0xd8</size>
         <input_file_ref idref="fl-5"/>
      </object_component>
      <object_component id="oc-a0">
         <name>.debug_info</name>
         <load_address>0x4808</load_address>
         <run_address>0x4808</run_address>
         <size>0xc8d</size>
         <input_file_ref idref="fl-5"/>
      </object_component>
      <object_component id="oc-112">
         <name>.debug_info</name>
         <load_address>0x5495</load_address>
         <run_address>0x5495</run_address>
         <size>0x399</size>
         <input_file_ref idref="fl-6"/>
      </object_component>
      <object_component id="oc-35">
         <name>.debug_info</name>
         <load_address>0x582e</load_address>
         <run_address>0x582e</run_address>
         <size>0x12c</size>
         <input_file_ref idref="fl-7"/>
      </object_component>
      <object_component id="oc-10">
         <name>.debug_info</name>
         <load_address>0x595a</load_address>
         <run_address>0x595a</run_address>
         <size>0x111</size>
         <input_file_ref idref="fl-7"/>
      </object_component>
      <object_component id="oc-2e">
         <name>.debug_info</name>
         <load_address>0x5a6b</load_address>
         <run_address>0x5a6b</run_address>
         <size>0x482</size>
         <input_file_ref idref="fl-7"/>
      </object_component>
      <object_component id="oc-1e9">
         <name>.debug_info</name>
         <load_address>0x5eed</load_address>
         <run_address>0x5eed</run_address>
         <size>0x3ac</size>
         <input_file_ref idref="fl-8"/>
      </object_component>
      <object_component id="oc-d9">
         <name>.debug_info</name>
         <load_address>0x6299</load_address>
         <run_address>0x6299</run_address>
         <size>0x955</size>
         <input_file_ref idref="fl-8"/>
      </object_component>
      <object_component id="oc-25">
         <name>.debug_info</name>
         <load_address>0x6bee</load_address>
         <run_address>0x6bee</run_address>
         <size>0x169</size>
         <input_file_ref idref="fl-12f"/>
      </object_component>
      <object_component id="oc-41">
         <name>.debug_info</name>
         <load_address>0x6d57</load_address>
         <run_address>0x6d57</run_address>
         <size>0x156</size>
         <input_file_ref idref="fl-130"/>
      </object_component>
      <object_component id="oc-14">
         <name>.debug_info</name>
         <load_address>0x6ead</load_address>
         <run_address>0x6ead</run_address>
         <size>0x1f5</size>
         <input_file_ref idref="fl-130"/>
      </object_component>
      <object_component id="oc-3c">
         <name>.debug_info</name>
         <load_address>0x70a2</load_address>
         <run_address>0x70a2</run_address>
         <size>0x46</size>
         <input_file_ref idref="fl-130"/>
      </object_component>
      <object_component id="oc-84">
         <name>.debug_info</name>
         <load_address>0x70e8</load_address>
         <run_address>0x70e8</run_address>
         <size>0x2c</size>
         <input_file_ref idref="fl-130"/>
      </object_component>
      <object_component id="oc-49">
         <name>.debug_info</name>
         <load_address>0x7114</load_address>
         <run_address>0x7114</run_address>
         <size>0x14a</size>
         <input_file_ref idref="fl-131"/>
      </object_component>
      <object_component id="oc-45">
         <name>.debug_info</name>
         <load_address>0x725e</load_address>
         <run_address>0x725e</run_address>
         <size>0x25d</size>
         <input_file_ref idref="fl-131"/>
      </object_component>
      <object_component id="oc-1b">
         <name>.debug_info</name>
         <load_address>0x74bb</load_address>
         <run_address>0x74bb</run_address>
         <size>0x1c7</size>
         <input_file_ref idref="fl-131"/>
      </object_component>
      <object_component id="oc-4a">
         <name>.debug_info</name>
         <load_address>0x7682</load_address>
         <run_address>0x7682</run_address>
         <size>0x39</size>
         <input_file_ref idref="fl-131"/>
      </object_component>
      <object_component id="oc-5a">
         <name>.debug_info</name>
         <load_address>0x76bb</load_address>
         <run_address>0x76bb</run_address>
         <size>0x145</size>
         <input_file_ref idref="fl-132"/>
      </object_component>
      <object_component id="oc-1f">
         <name>.debug_info</name>
         <load_address>0x7800</load_address>
         <run_address>0x7800</run_address>
         <size>0x1c0</size>
         <input_file_ref idref="fl-132"/>
      </object_component>
      <object_component id="oc-55">
         <name>.debug_info</name>
         <load_address>0x79c0</load_address>
         <run_address>0x79c0</run_address>
         <size>0x46</size>
         <input_file_ref idref="fl-132"/>
      </object_component>
      <object_component id="oc-ae">
         <name>.debug_info</name>
         <load_address>0x7a06</load_address>
         <run_address>0x7a06</run_address>
         <size>0x1a7</size>
         <input_file_ref idref="fl-133"/>
      </object_component>
      <object_component id="oc-ab">
         <name>.debug_info</name>
         <load_address>0x7bad</load_address>
         <run_address>0x7bad</run_address>
         <size>0x14c</size>
         <input_file_ref idref="fl-133"/>
      </object_component>
      <object_component id="oc-6e">
         <name>.debug_info</name>
         <load_address>0x7cf9</load_address>
         <run_address>0x7cf9</run_address>
         <size>0x223</size>
         <input_file_ref idref="fl-133"/>
      </object_component>
      <object_component id="oc-37">
         <name>.debug_info</name>
         <load_address>0x7f1c</load_address>
         <run_address>0x7f1c</run_address>
         <size>0x12b</size>
         <input_file_ref idref="fl-134"/>
      </object_component>
      <object_component id="oc-2e4">
         <name>.debug_info</name>
         <load_address>0x8047</load_address>
         <run_address>0x8047</run_address>
         <size>0x142</size>
         <input_file_ref idref="fl-135"/>
      </object_component>
      <object_component id="oc-1dd">
         <name>.debug_info</name>
         <load_address>0x8189</load_address>
         <run_address>0x8189</run_address>
         <size>0x1c1</size>
         <input_file_ref idref="fl-135"/>
      </object_component>
      <object_component id="oc-79">
         <name>.debug_info</name>
         <load_address>0x834a</load_address>
         <run_address>0x834a</run_address>
         <size>0x238</size>
         <input_file_ref idref="fl-136"/>
      </object_component>
      <object_component id="oc-2b">
         <name>.debug_info</name>
         <load_address>0x8582</load_address>
         <run_address>0x8582</run_address>
         <size>0x117</size>
         <input_file_ref idref="fl-136"/>
      </object_component>
      <object_component id="oc-2e6">
         <name>.debug_info</name>
         <load_address>0x8699</load_address>
         <run_address>0x8699</run_address>
         <size>0x162</size>
         <input_file_ref idref="fl-136"/>
      </object_component>
      <object_component id="oc-1e3">
         <name>.debug_info</name>
         <load_address>0x87fb</load_address>
         <run_address>0x87fb</run_address>
         <size>0x8a1</size>
         <input_file_ref idref="fl-136"/>
      </object_component>
      <object_component id="oc-b4">
         <name>.debug_info</name>
         <load_address>0x909c</load_address>
         <run_address>0x909c</run_address>
         <size>0x2c</size>
         <input_file_ref idref="fl-136"/>
      </object_component>
      <object_component id="oc-b9">
         <name>.debug_info</name>
         <load_address>0x90c8</load_address>
         <run_address>0x90c8</run_address>
         <size>0x62</size>
         <input_file_ref idref="fl-136"/>
      </object_component>
      <object_component id="oc-50">
         <name>.debug_info</name>
         <load_address>0x912a</load_address>
         <run_address>0x912a</run_address>
         <size>0x159</size>
         <input_file_ref idref="fl-137"/>
      </object_component>
      <object_component id="oc-5c">
         <name>.debug_info</name>
         <load_address>0x9283</load_address>
         <run_address>0x9283</run_address>
         <size>0x15e</size>
         <input_file_ref idref="fl-138"/>
      </object_component>
      <object_component id="oc-74">
         <name>.debug_info</name>
         <load_address>0x93e1</load_address>
         <run_address>0x93e1</run_address>
         <size>0x11f</size>
         <input_file_ref idref="fl-139"/>
      </object_component>
      <object_component id="oc-2e2">
         <name>.debug_info</name>
         <load_address>0x9500</load_address>
         <run_address>0x9500</run_address>
         <size>0x100</size>
         <input_file_ref idref="fl-13a"/>
      </object_component>
      <object_component id="oc-1d7">
         <name>.debug_info</name>
         <load_address>0x9600</load_address>
         <run_address>0x9600</run_address>
         <size>0x276</size>
         <input_file_ref idref="fl-13a"/>
      </object_component>
      <object_component id="oc-2d4">
         <name>.debug_info</name>
         <load_address>0x9876</load_address>
         <run_address>0x9876</run_address>
         <size>0x1de</size>
         <input_file_ref idref="fl-13b"/>
      </object_component>
      <object_component id="oc-1c5">
         <name>.debug_info</name>
         <load_address>0x9a54</load_address>
         <run_address>0x9a54</run_address>
         <size>0x372</size>
         <input_file_ref idref="fl-13b"/>
      </object_component>
      <object_component id="oc-2d5">
         <name>.debug_info</name>
         <load_address>0x9dc6</load_address>
         <run_address>0x9dc6</run_address>
         <size>0x2c</size>
         <input_file_ref idref="fl-13b"/>
      </object_component>
      <object_component id="oc-2da">
         <name>.debug_info</name>
         <load_address>0x9df2</load_address>
         <run_address>0x9df2</run_address>
         <size>0x69</size>
         <input_file_ref idref="fl-13b"/>
      </object_component>
      <object_component id="oc-186">
         <name>.debug_info</name>
         <load_address>0x9e5b</load_address>
         <run_address>0x9e5b</run_address>
         <size>0x13a</size>
         <input_file_ref idref="fl-13c"/>
      </object_component>
      <object_component id="oc-a8">
         <name>.debug_info</name>
         <load_address>0x9f95</load_address>
         <run_address>0x9f95</run_address>
         <size>0x129</size>
         <input_file_ref idref="fl-13c"/>
      </object_component>
      <object_component id="oc-17f">
         <name>.debug_info</name>
         <load_address>0xa0be</load_address>
         <run_address>0xa0be</run_address>
         <size>0x235</size>
         <input_file_ref idref="fl-13c"/>
      </object_component>
      <object_component id="oc-376">
         <name>.debug_info</name>
         <load_address>0xa2f3</load_address>
         <run_address>0xa2f3</run_address>
         <size>0x36d</size>
         <input_file_ref idref="fl-13d"/>
      </object_component>
      <object_component id="oc-2ce">
         <name>.debug_info</name>
         <load_address>0xa660</load_address>
         <run_address>0xa660</run_address>
         <size>0x181d</size>
         <input_file_ref idref="fl-13d"/>
      </object_component>
      <object_component id="oc-377">
         <name>.debug_info</name>
         <load_address>0xbe7d</load_address>
         <run_address>0xbe7d</run_address>
         <size>0x86</size>
         <input_file_ref idref="fl-13d"/>
      </object_component>
      <object_component id="oc-3bb">
         <name>.debug_info</name>
         <load_address>0xbf03</load_address>
         <run_address>0xbf03</run_address>
         <size>0x46</size>
         <input_file_ref idref="fl-13d"/>
      </object_component>
      <object_component id="oc-37c">
         <name>.debug_info</name>
         <load_address>0xbf49</load_address>
         <run_address>0xbf49</run_address>
         <size>0x39</size>
         <input_file_ref idref="fl-13d"/>
      </object_component>
      <object_component id="oc-a6">
         <name>.debug_info</name>
         <load_address>0xbf82</load_address>
         <run_address>0xbf82</run_address>
         <size>0x17c</size>
         <input_file_ref idref="fl-13e"/>
      </object_component>
      <object_component id="oc-68">
         <name>.debug_info</name>
         <load_address>0xc0fe</load_address>
         <run_address>0xc0fe</run_address>
         <size>0x17d</size>
         <input_file_ref idref="fl-13e"/>
      </object_component>
      <object_component id="oc-179">
         <name>.debug_info</name>
         <load_address>0xc27b</load_address>
         <run_address>0xc27b</run_address>
         <size>0x5e</size>
         <input_file_ref idref="fl-13e"/>
      </object_component>
      <object_component id="oc-3b8">
         <name>.debug_info</name>
         <load_address>0xc2d9</load_address>
         <run_address>0xc2d9</run_address>
         <size>0x12a</size>
         <input_file_ref idref="fl-13f"/>
      </object_component>
      <object_component id="oc-370">
         <name>.debug_info</name>
         <load_address>0xc403</load_address>
         <run_address>0xc403</run_address>
         <size>0x187</size>
         <input_file_ref idref="fl-13f"/>
      </object_component>
      <object_component id="oc-9e">
         <name>.debug_info</name>
         <load_address>0xc58a</load_address>
         <run_address>0xc58a</run_address>
         <size>0x2d3</size>
         <input_file_ref idref="fl-140"/>
      </object_component>
      <object_component id="oc-62">
         <name>.debug_info</name>
         <load_address>0xc85d</load_address>
         <run_address>0xc85d</run_address>
         <size>0x18d</size>
         <input_file_ref idref="fl-140"/>
      </object_component>
      <object_component id="oc-c2">
         <name>.debug_info</name>
         <load_address>0xc9ea</load_address>
         <run_address>0xc9ea</run_address>
         <size>0x39</size>
         <input_file_ref idref="fl-140"/>
      </object_component>
      <object_component id="oc-c7">
         <name>.debug_info</name>
         <load_address>0xca23</load_address>
         <run_address>0xca23</run_address>
         <size>0xcd</size>
         <input_file_ref idref="fl-140"/>
      </object_component>
      <object_component id="oc-bf">
         <name>.debug_info</name>
         <load_address>0xcaf0</load_address>
         <run_address>0xcaf0</run_address>
         <size>0x1f6</size>
         <input_file_ref idref="fl-141"/>
      </object_component>
      <object_component id="oc-98">
         <name>.debug_info</name>
         <load_address>0xcce6</load_address>
         <run_address>0xcce6</run_address>
         <size>0x199</size>
         <input_file_ref idref="fl-141"/>
      </object_component>
      <object_component id="oc-18e">
         <name>.debug_info</name>
         <load_address>0xce7f</load_address>
         <run_address>0xce7f</run_address>
         <size>0x2c</size>
         <input_file_ref idref="fl-141"/>
      </object_component>
      <object_component id="oc-3e5">
         <name>.debug_info</name>
         <load_address>0xceab</load_address>
         <run_address>0xceab</run_address>
         <size>0x104</size>
         <input_file_ref idref="fl-142"/>
      </object_component>
      <object_component id="oc-3b5">
         <name>.debug_info</name>
         <load_address>0xcfaf</load_address>
         <run_address>0xcfaf</run_address>
         <size>0x110</size>
         <input_file_ref idref="fl-142"/>
      </object_component>
      <object_component id="oc-34d">
         <name>.debug_info</name>
         <load_address>0xd0bf</load_address>
         <run_address>0xd0bf</run_address>
         <size>0x15e</size>
         <input_file_ref idref="fl-143"/>
      </object_component>
      <object_component id="oc-329">
         <name>.debug_info</name>
         <load_address>0xd21d</load_address>
         <run_address>0xd21d</run_address>
         <size>0x13a</size>
         <input_file_ref idref="fl-144"/>
      </object_component>
      <object_component id="oc-338">
         <name>.debug_info</name>
         <load_address>0xd357</load_address>
         <run_address>0xd357</run_address>
         <size>0x13c</size>
         <input_file_ref idref="fl-144"/>
      </object_component>
      <object_component id="oc-333">
         <name>.debug_info</name>
         <load_address>0xd493</load_address>
         <run_address>0xd493</run_address>
         <size>0x14c</size>
         <input_file_ref idref="fl-145"/>
      </object_component>
      <object_component id="oc-32e">
         <name>.debug_info</name>
         <load_address>0xd5df</load_address>
         <run_address>0xd5df</run_address>
         <size>0x14c</size>
         <input_file_ref idref="fl-146"/>
      </object_component>
      <object_component id="oc-33d">
         <name>.debug_info</name>
         <load_address>0xd72b</load_address>
         <run_address>0xd72b</run_address>
         <size>0x140</size>
         <input_file_ref idref="fl-147"/>
      </object_component>
      <object_component id="oc-39f">
         <name>.debug_info</name>
         <load_address>0xd86b</load_address>
         <run_address>0xd86b</run_address>
         <size>0x133</size>
         <input_file_ref idref="fl-148"/>
      </object_component>
      <object_component id="oc-352">
         <name>.debug_info</name>
         <load_address>0xd99e</load_address>
         <run_address>0xd99e</run_address>
         <size>0x1a2</size>
         <input_file_ref idref="fl-148"/>
      </object_component>
      <object_component id="oc-348">
         <name>.debug_info</name>
         <load_address>0xdb40</load_address>
         <run_address>0xdb40</run_address>
         <size>0x13e</size>
         <input_file_ref idref="fl-149"/>
      </object_component>
      <object_component id="oc-3ad">
         <name>.debug_info</name>
         <load_address>0xdc7e</load_address>
         <run_address>0xdc7e</run_address>
         <size>0x177</size>
         <input_file_ref idref="fl-14a"/>
      </object_component>
      <object_component id="oc-358">
         <name>.debug_info</name>
         <load_address>0xddf5</load_address>
         <run_address>0xddf5</run_address>
         <size>0x199</size>
         <input_file_ref idref="fl-14a"/>
      </object_component>
      <object_component id="oc-395">
         <name>.debug_info</name>
         <load_address>0xdf8e</load_address>
         <run_address>0xdf8e</run_address>
         <size>0x162</size>
         <input_file_ref idref="fl-14b"/>
      </object_component>
      <object_component id="oc-342">
         <name>.debug_info</name>
         <load_address>0xe0f0</load_address>
         <run_address>0xe0f0</run_address>
         <size>0x1d8</size>
         <input_file_ref idref="fl-14b"/>
      </object_component>
      <object_component id="oc-3b3">
         <name>.debug_info</name>
         <load_address>0xe2c8</load_address>
         <run_address>0xe2c8</run_address>
         <size>0x107</size>
         <input_file_ref idref="fl-14c"/>
      </object_component>
      <object_component id="oc-36a">
         <name>.debug_info</name>
         <load_address>0xe3cf</load_address>
         <run_address>0xe3cf</run_address>
         <size>0x1c1</size>
         <input_file_ref idref="fl-14c"/>
      </object_component>
      <object_component id="oc-3af">
         <name>.debug_info</name>
         <load_address>0xe590</load_address>
         <run_address>0xe590</run_address>
         <size>0x10b</size>
         <input_file_ref idref="fl-14d"/>
      </object_component>
      <object_component id="oc-35e">
         <name>.debug_info</name>
         <load_address>0xe69b</load_address>
         <run_address>0xe69b</run_address>
         <size>0x290</size>
         <input_file_ref idref="fl-14d"/>
      </object_component>
      <object_component id="oc-324">
         <name>.debug_info</name>
         <load_address>0xe92b</load_address>
         <run_address>0xe92b</run_address>
         <size>0x197</size>
         <input_file_ref idref="fl-14e"/>
      </object_component>
      <object_component id="oc-3b1">
         <name>.debug_info</name>
         <load_address>0xeac2</load_address>
         <run_address>0xeac2</run_address>
         <size>0x128</size>
         <input_file_ref idref="fl-14f"/>
      </object_component>
      <object_component id="oc-364">
         <name>.debug_info</name>
         <load_address>0xebea</load_address>
         <run_address>0xebea</run_address>
         <size>0x169</size>
         <input_file_ref idref="fl-14f"/>
      </object_component>
      <object_component id="oc-3d0">
         <name>.debug_info</name>
         <load_address>0xed53</load_address>
         <run_address>0xed53</run_address>
         <size>0x146</size>
         <input_file_ref idref="fl-150"/>
      </object_component>
      <object_component id="oc-3a1">
         <name>.debug_info</name>
         <load_address>0xee99</load_address>
         <run_address>0xee99</run_address>
         <size>0x1c7</size>
         <input_file_ref idref="fl-150"/>
      </object_component>
      <object_component id="oc-3ee">
         <name>.debug_info</name>
         <load_address>0xf060</load_address>
         <run_address>0xf060</run_address>
         <size>0x86</size>
         <input_file_ref idref="fl-150"/>
      </object_component>
      <object_component id="oc-3c9">
         <name>.debug_info</name>
         <load_address>0xf0e6</load_address>
         <run_address>0xf0e6</run_address>
         <size>0x130</size>
         <input_file_ref idref="fl-151"/>
      </object_component>
      <object_component id="oc-399">
         <name>.debug_info</name>
         <load_address>0xf216</load_address>
         <run_address>0xf216</run_address>
         <size>0x1a8</size>
         <input_file_ref idref="fl-151"/>
      </object_component>
      <object_component id="oc-3a7">
         <name>.debug_info</name>
         <load_address>0xf3be</load_address>
         <run_address>0xf3be</run_address>
         <size>0x188</size>
         <input_file_ref idref="fl-152"/>
      </object_component>
      <object_component id="oc-3cd">
         <name>.debug_info</name>
         <load_address>0xf546</load_address>
         <run_address>0xf546</run_address>
         <size>0x1ea</size>
         <input_file_ref idref="fl-153"/>
      </object_component>
      <object_component id="oc-3d8">
         <name>.debug_info</name>
         <load_address>0xf730</load_address>
         <run_address>0xf730</run_address>
         <size>0x10b</size>
         <input_file_ref idref="fl-154"/>
      </object_component>
      <object_component id="oc-414">
         <name>.debug_info</name>
         <load_address>0xf83b</load_address>
         <run_address>0xf83b</run_address>
         <size>0x173</size>
         <input_file_ref idref="fl-155"/>
      </object_component>
      <object_component id="oc-3fc">
         <name>.debug_info</name>
         <load_address>0xf9ae</load_address>
         <run_address>0xf9ae</run_address>
         <size>0x143</size>
         <input_file_ref idref="fl-155"/>
      </object_component>
      <object_component id="oc-3d2">
         <name>.debug_info</name>
         <load_address>0xfaf1</load_address>
         <run_address>0xfaf1</run_address>
         <size>0x1a4</size>
         <input_file_ref idref="fl-155"/>
      </object_component>
      <object_component id="oc-40f">
         <name>.debug_info</name>
         <load_address>0xfc95</load_address>
         <run_address>0xfc95</run_address>
         <size>0x6f</size>
         <input_file_ref idref="fl-155"/>
      </object_component>
      <object_component id="oc-40c">
         <name>.debug_info</name>
         <load_address>0xfd04</load_address>
         <run_address>0xfd04</run_address>
         <size>0x132</size>
         <input_file_ref idref="fl-156"/>
      </object_component>
      <object_component id="oc-3f6">
         <name>.debug_info</name>
         <load_address>0xfe36</load_address>
         <run_address>0xfe36</run_address>
         <size>0x189</size>
         <input_file_ref idref="fl-156"/>
      </object_component>
      <object_component id="oc-41d">
         <name>.debug_info</name>
         <load_address>0xffbf</load_address>
         <run_address>0xffbf</run_address>
         <size>0x2c</size>
         <input_file_ref idref="fl-156"/>
      </object_component>
      <object_component id="oc-41a">
         <name>.debug_info</name>
         <load_address>0xffeb</load_address>
         <run_address>0xffeb</run_address>
         <size>0x152</size>
         <input_file_ref idref="fl-157"/>
      </object_component>
      <object_component id="oc-417">
         <name>.debug_info</name>
         <load_address>0x1013d</load_address>
         <run_address>0x1013d</run_address>
         <size>0x110</size>
         <input_file_ref idref="fl-157"/>
      </object_component>
      <object_component id="oc-406">
         <name>.debug_info</name>
         <load_address>0x1024d</load_address>
         <run_address>0x1024d</run_address>
         <size>0x19f</size>
         <input_file_ref idref="fl-157"/>
      </object_component>
      <object_component id="oc-3e9">
         <name>.debug_info</name>
         <load_address>0x103ec</load_address>
         <run_address>0x103ec</run_address>
         <size>0xfb</size>
         <input_file_ref idref="fl-158"/>
      </object_component>
      <object_component id="oc-3c3">
         <name>.debug_info</name>
         <load_address>0x104e7</load_address>
[...]
      </symbol>
      <symbol id="sm-31c">
         <name>__aeabi_memcpy8</name>
         <value>0x20007fb1</value>
         <object_component_ref idref="oc-36"/>
      </symbol>
      <symbol id="sm-31d">
         <name>__aeabi_memcpy4</name>
         <value>0x20007fb1</value>
         <object_component_ref idref="oc-36"/>
      </symbol>
      <symbol id="sm-32d">
         <name>memmove</name>
         <value>0x20008c21</value>
         <object_component_ref idref="oc-1dc"/>
      </symbol>
      <symbol id="sm-3a4">
         <name>_sys_memory</name>
         <value>0x20017000</value>
         <object_component_ref idref="oc-2a"/>
      </symbol>
      <symbol id="sm-3a5">
         <name>free</name>
         <value>0x20006c37</value>
         <object_component_ref idref="oc-1e2"/>
      </symbol>
      <symbol id="sm-3a6">
         <name>realloc</name>
         <value>0x20006cf9</value>
         <object_component_ref idref="oc-1e2"/>
      </symbol>
      <symbol id="sm-3a7">
         <name>memalign</name>
         <value>0x20006e05</value>
         <object_component_ref idref="oc-1e2"/>
      </symbol>
      <symbol id="sm-3a8">
         <name>calloc</name>
         <value>0x20006ee9</value>
         <object_component_ref idref="oc-1e2"/>
      </symbol>
      <symbol id="sm-3a9">
         <name>malloc</name>
         <value>0x20006bcf</value>
         <object_component_ref idref="oc-1e2"/>
      </symbol>
      <symbol id="sm-3aa">
         <name>minit</name>
         <value>0x20006b41</value>
         <object_component_ref idref="oc-1e2"/>
      </symbol>
      <symbol id="sm-3b9">
         <name>__aeabi_memset</name>
         <value>0x20008383</value>
         <object_component_ref idref="oc-4f"/>
      </symbol>
      <symbol id="sm-3ba">
         <name>memset</name>
         <value>0x20008389</value>
         <object_component_ref idref="oc-4f"/>
      </symbol>
      <symbol id="sm-3bb">
         <name>__aeabi_memset8</name>
         <value>0x20008383</value>
         <object_component_ref idref="oc-4f"/>
      </symbol>
      <symbol id="sm-3bc">
         <name>__aeabi_memset4</name>
         <value>0x20008383</value>
         <object_component_ref idref="oc-4f"/>
      </symbol>
      <symbol id="sm-3bd">
         <name>__aeabi_memclr8</name>
         <value>0x20008381</value>
         <object_component_ref idref="oc-4f"/>
      </symbol>
      <symbol id="sm-3be">
         <name>__aeabi_memclr4</name>
         <value>0x20008381</value>
         <object_component_ref idref="oc-4f"/>
      </symbol>
      <symbol id="sm-3bf">
         <name>__aeabi_memclr</name>
         <value>0x20008381</value>
         <object_component_ref idref="oc-4f"/>
      </symbol>
      <symbol id="sm-3c9">
         <name>_system_pre_init</name>
         <value>0x20009029</value>
         <object_component_ref idref="oc-5b"/>
      </symbol>
      <symbol id="sm-3d1">
         <name>main_func_sp</name>
         <value>0x200179a8</value>
         <object_component_ref idref="oc-73"/>
      </symbol>
      <symbol id="sm-3df">
         <name>strlen</name>
         <value>0x20008f81</value>
         <object_component_ref idref="oc-1d6"/>
      </symbol>
      <symbol id="sm-400">
         <name>vsnprintf</name>
         <value>0x20008169</value>
         <object_component_ref idref="oc-1c4"/>
      </symbol>
      <symbol id="sm-419">
         <name>_nop</name>
         <value>0x20008f7b</value>
         <object_component_ref idref="oc-17e"/>
      </symbol>
      <symbol id="sm-41a">
         <name>_lock</name>
         <value>0x2001798c</value>
         <object_component_ref idref="oc-a7"/>
      </symbol>
      <symbol id="sm-41b">
         <name>_unlock</name>
         <value>0x20017990</value>
         <object_component_ref idref="oc-a7"/>
      </symbol>
      <symbol id="sm-41c">
         <name>_register_lock</name>
         <value>0x20008f73</value>
         <object_component_ref idref="oc-17e"/>
      </symbol>
      <symbol id="sm-41d">
         <name>_register_unlock</name>
         <value>0x20008f6d</value>
         <object_component_ref idref="oc-17e"/>
      </symbol>
      <symbol id="sm-522">
         <name>__TI_printfi</name>
         <value>0x200051a1</value>
         <object_component_ref idref="oc-2cd"/>
      </symbol>
      <symbol id="sm-537">
         <name>_args_main</name>
         <value>0x20008ebd</value>
         <object_component_ref idref="oc-67"/>
      </symbol>
      <symbol id="sm-54d">
         <name>atoi</name>
         <value>0x200086cd</value>
         <object_component_ref idref="oc-36f"/>
      </symbol>
      <symbol id="sm-573">
         <name>__TI_auto_init</name>
         <value>0x200084e1</value>
         <object_component_ref idref="oc-61"/>
      </symbol>
      <symbol id="sm-58d">
         <name>copy_in</name>
         <value>0x20008719</value>
         <object_component_ref idref="oc-97"/>
      </symbol>
      <symbol id="sm-598">
         <name>_ctypes_</name>
         <value>0x20009527</value>
         <object_component_ref idref="oc-3b4"/>
      </symbol>
      <symbol id="sm-5bc">
         <name>__aeabi_dsub</name>
         <value>0x20007621</value>
         <object_component_ref idref="oc-34c"/>
      </symbol>
      <symbol id="sm-5bd">
         <name>__aeabi_dadd</name>
         <value>0x2000762b</value>
         <object_component_ref idref="oc-34c"/>
      </symbol>
      <symbol id="sm-5e4">
         <name>__aeabi_cdcmpeq</name>
         <value>0x200081f1</value>
         <object_component_ref idref="oc-328"/>
      </symbol>
      <symbol id="sm-5e5">
         <name>__aeabi_cdcmple</name>
         <value>0x200081f1</value>
         <object_component_ref idref="oc-328"/>
      </symbol>
      <symbol id="sm-5e6">
         <name>__aeabi_cdrcmple</name>
         <value>0x20008277</value>
         <object_component_ref idref="oc-337"/>
      </symbol>
      <symbol id="sm-606">
         <name>__aeabi_ddiv</name>
         <value>0x20007951</value>
         <object_component_ref idref="oc-332"/>
      </symbol>
      <symbol id="sm-61d">
         <name>__aeabi_dmul</name>
         <value>0x20007cad</value>
         <object_component_ref idref="oc-32d"/>
      </symbol>
      <symbol id="sm-62b">
         <name>__aeabi_d2iz</name>
         <value>0x20008765</value>
         <object_component_ref idref="oc-33c"/>
      </symbol>
      <symbol id="sm-638">
         <name>frexp</name>
         <value>0x20008c89</value>
         <object_component_ref idref="oc-351"/>
      </symbol>
      <symbol id="sm-644">
         <name>__aeabi_i2d</name>
         <value>0x20008aa1</value>
         <object_component_ref idref="oc-347"/>
      </symbol>
      <symbol id="sm-655">
         <name>ldexp</name>
         <value>0x200087ad</value>
         <object_component_ref idref="oc-357"/>
      </symbol>
      <symbol id="sm-664">
         <name>ltoa</name>
         <value>0x20008675</value>
         <object_component_ref idref="oc-341"/>
      </symbol>
      <symbol id="sm-674">
         <name>memccpy</name>
         <value>0x20008dd9</value>
         <object_component_ref idref="oc-369"/>
      </symbol>
      <symbol id="sm-684">
         <name>strchr</name>
         <value>0x20008f2d</value>
         <object_component_ref idref="oc-35d"/>
      </symbol>
      <symbol id="sm-6ae">
         <name>__aeabi_uldivmod</name>
         <value>0x2000742d</value>
         <object_component_ref idref="oc-323"/>
      </symbol>
      <symbol id="sm-6bc">
         <name>_Dclass</name>
         <value>0x20008ba9</value>
         <object_component_ref idref="oc-363"/>
      </symbol>
      <symbol id="sm-6dd">
         <name>_Dscale</name>
         <value>0x20007b9d</value>
         <object_component_ref idref="oc-3a0"/>
      </symbol>
      <symbol id="sm-6f1">
         <name>_Dunscale</name>
         <value>0x200085b7</value>
         <object_component_ref idref="oc-398"/>
      </symbol>
      <symbol id="sm-700">
         <name>_Feraise</name>
         <value>0x20008a71</value>
         <object_component_ref idref="oc-3a6"/>
      </symbol>
      <symbol id="sm-710">
         <name>_Rteps</name>
         <value>0x20017910</value>
         <object_component_ref idref="oc-3cc"/>
      </symbol>
      <symbol id="sm-711">
         <name>_Zero</name>
         <value>0x20017928</value>
         <object_component_ref idref="oc-3cc"/>
      </symbol>
      <symbol id="sm-712">
         <name>_Hugeval</name>
         <value>0x200178d0</value>
         <object_component_ref idref="oc-3cc"/>
      </symbol>
      <symbol id="sm-713">
         <name>_Snan</name>
         <value>0x20017900</value>
         <object_component_ref idref="oc-3cc"/>
      </symbol>
      <symbol id="sm-714">
         <name>_Nan</name>
         <value>0x200178f0</value>
         <object_component_ref idref="oc-3cc"/>
      </symbol>
      <symbol id="sm-715">
         <name>_Inf</name>
         <value>0x200178e0</value>
         <object_component_ref idref="oc-3cc"/>
      </symbol>
      <symbol id="sm-716">
         <name>_Xbig</name>
         <value>0x20017920</value>
         <object_component_ref idref="oc-3cc"/>
      </symbol>
      <symbol id="sm-717">
         <name>_Eps</name>
         <value>0x200178c0</value>
         <object_component_ref idref="oc-3cc"/>
      </symbol>
      <symbol id="sm-718">
         <name>_Denorm</name>
         <value>0x200178b0</value>
         <object_component_ref idref="oc-3cc"/>
      </symbol>
      <symbol id="sm-720">
         <name>_Errno</name>
         <value>0x200179a4</value>
         <object_component_ref idref="oc-3d7"/>
      </symbol>
      <symbol id="sm-73e">
         <name>feraiseexcept</name>
         <value>0x200089ad</value>
         <object_component_ref idref="oc-3d1"/>
      </symbol>
      <symbol id="sm-73f">
         <name>_Tls_setup__Fenv</name>
         <value>0x200179a0</value>
         <object_component_ref idref="oc-3fb"/>
      </symbol>
      <symbol id="sm-740">
         <name>_Fenv</name>
         <value>0x2001799c</value>
         <object_component_ref idref="oc-3fb"/>
      </symbol>
      <symbol id="sm-754">
         <name>raise</name>
         <value>0x20008acf</value>
         <object_component_ref idref="oc-3f5"/>
      </symbol>
      <symbol id="sm-76e">
         <name>signal</name>
         <value>0x200088bd</value>
         <object_component_ref idref="oc-405"/>
      </symbol>
      <symbol id="sm-783">
         <name>_Dnorm</name>
         <value>0x20007da9</value>
         <object_component_ref idref="oc-3c2"/>
      </symbol>
      <symbol id="sm-797">
         <name>GPIODirModeSet</name>
         <value>0x20008975</value>
         <object_component_ref idref="oc-244"/>
      </symbol>
      <symbol id="sm-798">
         <name>GPIOPinWrite</name>
         <value>0x20008cab</value>
         <object_component_ref idref="oc-198"/>
      </symbol>
      <symbol id="sm-7f7">
         <name>I2CMasterDataPut</name>
         <value>0x20008ed5</value>
         <object_component_ref idref="oc-285"/>
      </symbol>
      <symbol id="sm-7f8">
         <name>I2CMasterInitExpClk</name>
         <value>0x200082fd</value>
         <object_component_ref idref="oc-291"/>
      </symbol>
      <symbol id="sm-7f9">
         <name>I2CMasterIntClearEx</name>
         <value>0x20008fa7</value>
         <object_component_ref idref="oc-267"/>
      </symbol>
      <symbol id="sm-7fa">
         <name>I2CMasterSlaveAddrSet</name>
         <value>0x20008c45</value>
         <object_component_ref idref="oc-27f"/>
      </symbol>
      <symbol id="sm-7fb">
         <name>I2CMasterDataGet</name>
         <value>0x20008fdd</value>
         <object_component_ref idref="oc-28b"/>
      </symbol>
      <symbol id="sm-7fc">
         <name>I2CMasterErr</name>
         <value>0x20008afd</value>
         <object_component_ref idref="oc-279"/>
      </symbol>
      <symbol id="sm-7fd">
         <name>I2CMasterTimeoutSet</name>
         <value>0x20008fb9</value>
         <object_component_ref idref="oc-26d"/>
      </symbol>
      <symbol id="sm-7fe">
         <name>I2CMasterControl</name>
         <value>0x20008f95</value>
         <object_component_ref idref="oc-273"/>
      </symbol>
      <symbol id="sm-7ff">
         <name>I2CMasterEnable</name>
         <value>0x20008eeb</value>
         <object_component_ref idref="oc-310"/>
      </symbol>
      <symbol id="sm-800">
         <name>I2CMasterIntStatusEx</name>
         <value>0x20008d0d</value>
         <object_component_ref idref="oc-261"/>
      </symbol>
      <symbol id="sm-841">
         <name>IntVTableBaseSet</name>
         <value>0x20008f59</value>
         <object_component_ref idref="oc-f9"/>
      </symbol>
      <symbol id="sm-842">
         <name>IntEnable</name>
         <value>0x20007e69</value>
         <object_component_ref idref="oc-105"/>
      </symbol>
      <symbol id="sm-843">
         <name>IntRegister</name>
         <value>0x20008ccd</value>
         <object_component_ref idref="oc-2a2"/>
      </symbol>
      <symbol id="sm-844">
         <name>IntMasterEnable</name>
         <value>0x20009013</value>
         <object_component_ref idref="oc-ff"/>
      </symbol>
      <symbol id="sm-893">
         <name>PinTypeI2C</name>
         <value>0x20008d85</value>
         <object_component_ref idref="oc-238"/>
      </symbol>
      <symbol id="sm-894">
         <name>PinTypeUART</name>
         <value>0x20008e29</value>
         <object_component_ref idref="oc-232"/>
      </symbol>
      <symbol id="sm-895">
         <name>PinTypeTimer</name>
         <value>0x20008e0f</value>
         <object_component_ref idref="oc-250"/>
      </symbol>
      <symbol id="sm-896">
         <name>PinTypeGPIO</name>
         <value>0x200089e1</value>
         <object_component_ref idref="oc-23e"/>
      </symbol>
      <symbol id="sm-897">
         <name>PinConfigSet</name>
         <value>0x200080e1</value>
         <object_component_ref idref="oc-141"/>
      </symbol>
      <symbol id="sm-898">
         <name>PinTypeSPI</name>
         <value>0x20008df5</value>
         <object_component_ref idref="oc-24a"/>
      </symbol>
      <symbol id="sm-899">
         <name>PinModeSet</name>
         <value>0x2000887d</value>
         <object_component_ref idref="oc-22c"/>
      </symbol>
      <symbol id="sm-91f">
         <name>PRCMPeripheralReset</name>
         <value>0x2000861d</value>
         <object_component_ref idref="oc-11d"/>
      </symbol>
      <symbol id="sm-920">
         <name>PRCMPeripheralClkEnable</name>
         <value>0x200088fd</value>
         <object_component_ref idref="oc-117"/>
      </symbol>
      <symbol id="sm-921">
         <name>PRCMPeripheralClockGet</name>
         <value>0x2000804d</value>
         <object_component_ref idref="oc-129"/>
      </symbol>
      <symbol id="sm-922">
         <name>PRCMCC3200MCUInit</name>
         <value>0x200077d9</value>
         <object_component_ref idref="oc-10b"/>
      </symbol>
      <symbol id="sm-923">
         <name>PRCMHIBRegWrite</name>
         <value>0x20008f17</value>
         <object_component_ref idref="oc-21f"/>
      </symbol>
      <symbol id="sm-924">
         <name>PRCMSysResetCauseGet</name>
         <value>0x20008b29</value>
         <object_component_ref idref="oc-213"/>
      </symbol>
      <symbol id="sm-925">
         <name>PRCMPeripheralClkDisable</name>
         <value>0x20008bd5</value>
         <object_component_ref idref="oc-225"/>
      </symbol>
      <symbol id="sm-926">
         <name>PRCMHIBRegRead</name>
         <value>0x20008f01</value>
         <object_component_ref idref="oc-219"/>
      </symbol>
      <symbol id="sm-96b">
         <name>SPICSEnable</name>
         <value>0x20008e5b</value>
         <object_component_ref idref="oc-19e"/>
      </symbol>
      <symbol id="sm-96c">
         <name>SPIDataPut</name>
         <value>0x20008d2b</value>
         <object_component_ref idref="oc-1a4"/>
      </symbol>
      <symbol id="sm-96d">
         <name>SPIEnable</name>
         <value>0x20008e73</value>
         <object_component_ref idref="oc-135"/>
      </symbol>
      <symbol id="sm-96e">
         <name>SPIDataGet</name>
         <value>0x20008ced</value>
         <object_component_ref idref="oc-1aa"/>
      </symbol>
      <symbol id="sm-96f">
         <name>SPIConfigSetExpClk</name>
         <value>0x20007f11</value>
         <object_component_ref idref="oc-12f"/>
      </symbol>
      <symbol id="sm-970">
         <name>SPIReset</name>
         <value>0x20008c67</value>
         <object_component_ref idref="oc-123"/>
      </symbol>
      <symbol id="sm-971">
         <name>SPICSDisable</name>
         <value>0x20008e43</value>
         <object_component_ref idref="oc-1b0"/>
      </symbol>
      <symbol id="sm-9d3">
         <name>TimerLoadSet</name>
         <value>0x20008b55</value>
         <object_component_ref idref="oc-159"/>
      </symbol>
      <symbol id="sm-9d4">
         <name>TimerIntRegister</name>
         <value>0x20008471</value>
         <object_component_ref idref="oc-147"/>
      </symbol>
      <symbol id="sm-9d5">
         <name>TimerEnable</name>
         <value>0x20008d49</value>
         <object_component_ref idref="oc-16b"/>
      </symbol>
      <symbol id="sm-9d6">
         <name>TimerValueGet</name>
         <value>0x20008da1</value>
         <object_component_ref idref="oc-ed"/>
      </symbol>
      <symbol id="sm-9d7">
         <name>TimerPrescaleSet</name>
         <value>0x20008b7f</value>
         <object_component_ref idref="oc-15f"/>
      </symbol>
      <symbol id="sm-9d8">
         <name>TimerIntEnable</name>
         <value>0x20008e8b</value>
         <object_component_ref idref="oc-165"/>
      </symbol>
      <symbol id="sm-9d9">
         <name>TimerConfigure</name>
         <value>0x200087f5</value>
         <object_component_ref idref="oc-14d"/>
      </symbol>
      <symbol id="sm-9da">
         <name>TimerControlEvent</name>
         <value>0x20008a11</value>
         <object_component_ref idref="oc-153"/>
      </symbol>
      <symbol id="sm-9db">
         <name>TimerIntClear</name>
         <value>0x20008fcb</value>
         <object_component_ref idref="oc-e7"/>
      </symbol>
      <symbol id="sm-a17">
         <name>UARTConfigSetExpClk</name>
         <value>0x200083fb</value>
         <object_component_ref idref="oc-1b8"/>
      </symbol>
      <symbol id="sm-a18">
         <name>UARTDisable</name>
         <value>0x20008a41</value>
         <object_component_ref idref="oc-2bf"/>
      </symbol>
      <symbol id="sm-a19">
         <name>UARTCharsAvail</name>
         <value>0x20008ea3</value>
         <object_component_ref idref="oc-1ca"/>
      </symbol>
      <symbol id="sm-a1a">
         <name>UARTCharGetNonBlocking</name>
         <value>0x20008dbd</value>
         <object_component_ref idref="oc-1d0"/>
      </symbol>
      <symbol id="sm-a1b">
         <name>UARTCharPut</name>
         <value>0x20008d67</value>
         <object_component_ref idref="oc-1be"/>
      </symbol>
      <symbol id="sm-a1c">
         <name>UARTEnable</name>
         <value>0x20008bfd</value>
         <object_component_ref idref="oc-2c5"/>
      </symbol>
      <symbol id="sm-a20">
         <name>UtilsDelay</name>
         <value>0x2000901d</value>
         <object_component_ref idref="oc-171"/>
      </symbol>
      <symbol id="sm-a2a">
         <name>CPUcpsie</name>
         <value>0x20008f43</value>
         <object_component_ref idref="oc-208"/>
      </symbol>
      <symbol id="sm-a2c">
         <name>__TI_static_base__</name>
         <value>0x20009850</value>
      </symbol>
      <symbol id="sm-a2f">
         <name>SHT$$INIT_ARRAY$$Limit</name>
         <value>0x0</value>
      </symbol>
      <symbol id="sm-a30">
         <name>SHT$$INIT_ARRAY$$Base</name>
         <value>0x0</value>
      </symbol>
   </symbol_table>
   <title>Link successful</title>
</link_info>
