<?xml version="1.0"?>
<link_info>
   <banner>TI ARM Linker Unix v5.2.7</banner>
   <copyright>Copyright (c) 1996-2015 Texas Instruments Incorporated</copyright>
   <link_time>0x571ea710</link_time>
   <link_errors>0x0</link_errors>
   <output_file>timer_cc.out</output_file>
   <entry_point>
      <name>_c_int00</name>
      <address>0x20006f69</address>
   </entry_point>
   <input_file_list>
      <input_file id="fl-2">
         <path>./</path>
         <kind>object</kind>
         <file>main.obj</file>
         <name>main.obj</name>
      </input_file>
      <input_file id="fl-3">
         <path>./</path>
         <kind>object</kind>
         <file>pinmux.obj</file>
         <name>pinmux.obj</name>
      </input_file>
      <input_file id="fl-4">
         <path>./</path>
         <kind>object</kind>
         <file>startup_ccs.obj</file>
         <name>startup_ccs.obj</name>
      </input_file>
      <input_file id="fl-5">
         <path>./</path>
         <kind>object</kind>
         <file>uart_if.obj</file>
         <name>uart_if.obj</name>
      </input_file>
      <input_file id="fl-12c">
         <path>/home/chen/ti/ccsv6/tools/compiler/ti-cgt-arm_5.2.7/lib/</path>
         <kind>archive</kind>
         <file>rtsv7M4_T_le_eabi.lib</file>
         <name>boot.obj</name>
      </input_file>
      <input_file id="fl-12d">
         <path>/home/chen/ti/ccsv6/tools/compiler/ti-cgt-arm_5.2.7/lib/</path>
         <kind>archive</kind>
         <file>rtsv7M4_T_le_eabi.lib</file>
         <name>copy_decompress_none.obj</name>
      </input_file>
      <input_file id="fl-12e">
         <path>/home/chen/ti/ccsv6/tools/compiler/ti-cgt-arm_5.2.7/lib/</path>
         <kind>archive</kind>
         <file>rtsv7M4_T_le_eabi.lib</file>
         <name>copy_decompress_rle.obj</name>
      </input_file>
      <input_file id="fl-12f">
         <path>/home/chen/ti/ccsv6/tools/compiler/ti-cgt-arm_5.2.7/lib/</path>
         <kind>archive</kind>
         <file>rtsv7M4_T_le_eabi.lib</file>
         <name>copy_zero_init.obj</name>
      </input_file>
      <input_file id="fl-130">
         <path>/home/chen/ti/ccsv6/tools/compiler/ti-cgt-arm_5.2.7/lib/</path>
         <kind>archive</kind>
         <file>rtsv7M4_T_le_eabi.lib</file>
         <name>exit.obj</name>
      </input_file>
      <input_file id="fl-131">
         <path>/home/chen/ti/ccsv6/tools/compiler/ti-cgt-arm_5.2.7/lib/</path>
         <kind>archive</kind>
         <file>rtsv7M4_T_le_eabi.lib</file>
         <name>memcpy_t2.obj</name>
      </input_file>
      <input_file id="fl-132">
         <path>/home/chen/ti/ccsv6/tools/compiler/ti-cgt-arm_5.2.7/lib/</path>
         <kind>archive</kind>
         <file>rtsv7M4_T_le_eabi.lib</file>
         <name>memmov.obj</name>
      </input_file>
      <input_file id="fl-133">
         <path>/home/chen/ti/ccsv6/tools/compiler/ti-cgt-arm_5.2.7/lib/</path>
         <kind>archive</kind>
         <file>rtsv7M4_T_le_eabi.lib</file>
         <name>memory.obj</name>
      </input_file>
      <input_file id="fl-134">
         <path>/home/chen/ti/ccsv6/tools/compiler/ti-cgt-arm_5.2.7/lib/</path>
         <kind>archive</kind>
         <file>rtsv7M4_T_le_eabi.lib</file>
         <name>memset_t2.obj</name>
      </input_file>
      <input_file id="fl-135">
         <path>/home/chen/ti/ccsv6/tools/compiler/ti-cgt-arm_5.2.7/lib/</path>
         <kind>archive</kind>
         <file>rtsv7M4_T_le_eabi.lib</file>
         <name>pre_init.obj</name>
      </input_file>
      <input_file id="fl-136">
         <path>/home/chen/ti/ccsv6/tools/compiler/ti-cgt-arm_5.2.7/lib/</path>
         <kind>archive</kind>
         <file>rtsv7M4_T_le_eabi.lib</file>
         <name>stkdepth_vars.obj</name>
      </input_file>
      <input_file id="fl-137">
         <path>/home/chen/ti/ccsv6/tools/compiler/ti-cgt-arm_5.2.7/lib/</path>
         <kind>archive</kind>
         <file>rtsv7M4_T_le_eabi.lib</file>
         <name>strlen.obj</name>
      </input_file>
      <input_file id="fl-138">
         <path>/home/chen/ti/ccsv6/tools/compiler/ti-cgt-arm_5.2.7/lib/</path>
         <kind>archive</kind>
         <file>rtsv7M4_T_le_eabi.lib</file>
         <name>vsnprintf.obj</name>
      </input_file>
      <input_file id="fl-139">
         <path>/home/chen/ti/ccsv6/tools/compiler/ti-cgt-arm_5.2.7/lib/</path>
         <kind>archive</kind>
         <file>rtsv7M4_T_le_eabi.lib</file>
         <name>_lock.obj</name>
      </input_file>
      <input_file id="fl-13a">
         <path>/home/chen/ti/ccsv6/tools/compiler/ti-cgt-arm_5.2.7/lib/</path>
         <kind>archive</kind>
         <file>rtsv7M4_T_le_eabi.lib</file>
         <name>_printfi.obj</name>
      </input_file>
      <input_file id="fl-13b">
         <path>/home/chen/ti/ccsv6/tools/compiler/ti-cgt-arm_5.2.7/lib/</path>
         <kind>archive</kind>
         <file>rtsv7M4_T_le_eabi.lib</file>
         <name>args_main.obj</name>
      </input_file>
      <input_file id="fl-13c">
         <path>/home/chen/ti/ccsv6/tools/compiler/ti-cgt-arm_5.2.7/lib/</path>
         <kind>archive</kind>
         <file>rtsv7M4_T_le_eabi.lib</file>
         <name>atoi.obj</name>
      </input_file>
      <input_file id="fl-13d">
         <path>/home/chen/ti/ccsv6/tools/compiler/ti-cgt-arm_5.2.7/lib/</path>
         <kind>archive</kind>
         <file>rtsv7M4_T_le_eabi.lib</file>
         <name>autoinit.obj</name>
      </input_file>
      <input_file id="fl-13e">
         <path>/home/chen/ti/ccsv6/tools/compiler/ti-cgt-arm_5.2.7/lib/</path>
         <kind>archive</kind>
         <file>rtsv7M4_T_le_eabi.lib</file>
         <name>cpy_tbl.obj</name>
      </input_file>
      <input_file id="fl-13f">
         <path>/home/chen/ti/ccsv6/tools/compiler/ti-cgt-arm_5.2.7/lib/</path>
         <kind>archive</kind>
         <file>rtsv7M4_T_le_eabi.lib</file>
         <name>ctype.obj</name>
      </input_file>
      <input_file id="fl-140">
         <path>/home/chen/ti/ccsv6/tools/compiler/ti-cgt-arm_5.2.7/lib/</path>
         <kind>archive</kind>
         <file>rtsv7M4_T_le_eabi.lib</file>
         <name>fd_add_t2.obj</name>
      </input_file>
      <input_file id="fl-141">
         <path>/home/chen/ti/ccsv6/tools/compiler/ti-cgt-arm_5.2.7/lib/</path>
         <kind>archive</kind>
         <file>rtsv7M4_T_le_eabi.lib</file>
         <name>fd_cmp_t2.obj</name>
      </input_file>
      <input_file id="fl-142">
         <path>/home/chen/ti/ccsv6/tools/compiler/ti-cgt-arm_5.2.7/lib/</path>
         <kind>archive</kind>
         <file>rtsv7M4_T_le_eabi.lib</file>
         <name>fd_div_t2.obj</name>
      </input_file>
      <input_file id="fl-143">
         <path>/home/chen/ti/ccsv6/tools/compiler/ti-cgt-arm_5.2.7/lib/</path>
         <kind>archive</kind>
         <file>rtsv7M4_T_le_eabi.lib</file>
         <name>fd_mul_t2.obj</name>
      </input_file>
      <input_file id="fl-144">
         <path>/home/chen/ti/ccsv6/tools/compiler/ti-cgt-arm_5.2.7/lib/</path>
         <kind>archive</kind>
         <file>rtsv7M4_T_le_eabi.lib</file>
         <name>fd_toi_t2.obj</name>
      </input_file>
      <input_file id="fl-145">
         <path>/home/chen/ti/ccsv6/tools/compiler/ti-cgt-arm_5.2.7/lib/</path>
         <kind>archive</kind>
         <file>rtsv7M4_T_le_eabi.lib</file>
         <name>frexp.obj</name>
      </input_file>
      <input_file id="fl-146">
         <path>/home/chen/ti/ccsv6/tools/compiler/ti-cgt-arm_5.2.7/lib/</path>
         <kind>archive</kind>
         <file>rtsv7M4_T_le_eabi.lib</file>
         <name>i_tofd_t2.obj</name>
      </input_file>
      <input_file id="fl-147">
         <path>/home/chen/ti/ccsv6/tools/compiler/ti-cgt-arm_5.2.7/lib/</path>
         <kind>archive</kind>
         <file>rtsv7M4_T_le_eabi.lib</file>
         <name>ldexp.obj</name>
      </input_file>
      <input_file id="fl-148">
         <path>/home/chen/ti/ccsv6/tools/compiler/ti-cgt-arm_5.2.7/lib/</path>
         <kind>archive</kind>
         <file>rtsv7M4_T_le_eabi.lib</file>
         <name>ltoa.obj</name>
      </input_file>
      <input_file id="fl-149">
         <path>/home/chen/ti/ccsv6/tools/compiler/ti-cgt-arm_5.2.7/lib/</path>
         <kind>archive</kind>
         <file>rtsv7M4_T_le_eabi.lib</file>
         <name>memccpy.obj</name>
      </input_file>
      <input_file id="fl-14a">
         <path>/home/chen/ti/ccsv6/tools/compiler/ti-cgt-arm_5.2.7/lib/</path>
         <kind>archive</kind>
         <file>rtsv7M4_T_le_eabi.lib</file>
         <name>strchr.obj</name>
      </input_file>
      <input_file id="fl-14b">
         <path>/home/chen/ti/ccsv6/tools/compiler/ti-cgt-arm_5.2.7/lib/</path>
         <kind>archive</kind>
         <file>rtsv7M4_T_le_eabi.lib</file>
         <name>ull_div_t2.obj</name>
      </input_file>
      <input_file id="fl-14c">
         <path>/home/chen/ti/ccsv6/tools/compiler/ti-cgt-arm_5.2.7/lib/</path>
         <kind>archive</kind>
         <file>rtsv7M4_T_le_eabi.lib</file>
         <name>xdclass.obj</name>
      </input_file>
      <input_file id="fl-14d">
         <path>/home/chen/ti/ccsv6/tools/compiler/ti-cgt-arm_5.2.7/lib/</path>
         <kind>archive</kind>
         <file>rtsv7M4_T_le_eabi.lib</file>
         <name>xdscale.obj</name>
      </input_file>
      <input_file id="fl-14e">
         <path>/home/chen/ti/ccsv6/tools/compiler/ti-cgt-arm_5.2.7/lib/</path>
         <kind>archive</kind>
         <file>rtsv7M4_T_le_eabi.lib</file>
         <name>xdunscal.obj</name>
      </input_file>
      <input_file id="fl-14f">
         <path>/home/chen/ti/ccsv6/tools/compiler/ti-cgt-arm_5.2.7/lib/</path>
         <kind>archive</kind>
         <file>rtsv7M4_T_le_eabi.lib</file>
         <name>xferaise.obj</name>
      </input_file>
      <input_file id="fl-150">
         <path>/home/chen/ti/ccsv6/tools/compiler/ti-cgt-arm_5.2.7/lib/</path>
         <kind>archive</kind>
         <file>rtsv7M4_T_le_eabi.lib</file>
         <name>xvalues.obj</name>
      </input_file>
      <input_file id="fl-151">
         <path>/home/chen/ti/ccsv6/tools/compiler/ti-cgt-arm_5.2.7/lib/</path>
         <kind>archive</kind>
         <file>rtsv7M4_T_le_eabi.lib</file>
         <name>errno.obj</name>
      </input_file>
      <input_file id="fl-152">
         <path>/home/chen/ti/ccsv6/tools/compiler/ti-cgt-arm_5.2.7/lib/</path>
         <kind>archive</kind>
         <file>rtsv7M4_T_le_eabi.lib</file>
         <name>feraiseexcept.obj</name>
      </input_file>
      <input_file id="fl-153">
         <path>/home/chen/ti/ccsv6/tools/compiler/ti-cgt-arm_5.2.7/lib/</path>
         <kind>archive</kind>
         <file>rtsv7M4_T_le_eabi.lib</file>
         <name>raise.obj</name>
      </input_file>
      <input_file id="fl-154">
         <path>/home/chen/ti/ccsv6/tools/compiler/ti-cgt-arm_5.2.7/lib/</path>
         <kind>archive</kind>
         <file>rtsv7M4_T_le_eabi.lib</file>
         <name>signal.obj</name>
      </input_file>
      <input_file id="fl-155">
         <path>/home/chen/ti/ccsv6/tools/compiler/ti-cgt-arm_5.2.7/lib/</path>
         <kind>archive</kind>
         <file>rtsv7M4_T_le_eabi.lib</file>
         <name>xdnorm.obj</name>
      </input_file>
      <input_file id="fl-156">
         <path>/home/chen/ti/CC3200SDK_1.2.0/cc3200-sdk/driverlib/ccs/Release/</path>
         <kind>archive</kind>
         <file>driverlib.a</file>
         <name>interrupt.obj</name>
      </input_file>
      <input_file id="fl-157">
         <path>/home/chen/ti/CC3200SDK_1.2.0/cc3200-sdk/driverlib/ccs/Release/</path>
         <kind>archive</kind>
         <file>driverlib.a</file>
         <name>pin.obj</name>
      </input_file>
      <input_file id="fl-158">
         <path>/home/chen/ti/CC3200SDK_1.2.0/cc3200-sdk/driverlib/ccs/Release/</path>
         <kind>archive</kind>
         <file>driverlib.a</file>
         <name>prcm.obj</name>
      </input_file>
      <input_file id="fl-159">
         <path>/home/chen/ti/CC3200SDK_1.2.0/cc3200-sdk/driverlib/ccs/Release/</path>
         <kind>archive</kind>
         <file>driverlib.a</file>
         <name>timer.obj</name>
      </input_file>
      <input_file id="fl-15a">
         <path>/home/chen/ti/CC3200SDK_1.2.0/cc3200-sdk/driverlib/ccs/Release/</path>
         <kind>archive</kind>
         <file>driverlib.a</file>
         <name>uart.obj</name>
      </input_file>
      <input_file id="fl-15b">
         <path>/home/chen/ti/CC3200SDK_1.2.0/cc3200-sdk/driverlib/ccs/Release/</path>
         <kind>archive</kind>
         <file>driverlib.a</file>
         <name>utils.obj</name>
      </input_file>
      <input_file id="fl-15c">
         <path>/home/chen/ti/CC3200SDK_1.2.0/cc3200-sdk/driverlib/ccs/Release/</path>
         <kind>archive</kind>
         <file>driverlib.a</file>
         <name>cpu.obj</name>
      </input_file>
      <input_file id="fl-15d">
         <path>/home/chen/ti/CC3200SDK_1.2.0/cc3200-sdk/driverlib/ccs/Release/</path>
         <kind>archive</kind>
         <file>driverlib.a</file>
         <name>flash.obj</name>
      </input_file>
   </input_file_list>
   <object_component_list>
      <object_component id="oc-f">
         <name>.intvecs</name>
         <load_address>0x20004000</load_address>
         <run_address>0x20004000</run_address>
         <size>0x400</size>
         <input_file_ref idref="fl-4"/>
      </object_component>
      <object_component id="oc-1f6">
         <name>.text</name>
         <load_address>0x20004400</load_address>
         <run_address>0x20004400</run_address>
         <size>0x10a6</size>
         <input_file_ref idref="fl-13a"/>
      </object_component>
      <object_component id="oc-17a">
         <name>.text</name>
         <load_address>0x200054a8</load_address>
         <run_address>0x200054a8</run_address>
         <size>0x3dc</size>
         <input_file_ref idref="fl-133"/>
      </object_component>
      <object_component id="oc-d8">
         <name>.text</name>
         <load_address>0x20005884</load_address>
         <run_address>0x20005884</run_address>
         <size>0x280</size>
         <input_file_ref idref="fl-5"/>
      </object_component>
      <object_component id="oc-232">
         <name>.text</name>
         <load_address>0x20005b04</load_address>
         <run_address>0x20005b04</run_address>
         <size>0x1f4</size>
         <input_file_ref idref="fl-14b"/>
      </object_component>
      <object_component id="oc-25b">
         <name>.text</name>
         <load_address>0x20005cf8</load_address>
         <run_address>0x20005cf8</run_address>
         <size>0x1b6</size>
         <input_file_ref idref="fl-140"/>
      </object_component>
      <object_component id="oc-9f">
         <name>.text</name>
         <load_address>0x20005eb0</load_address>
         <run_address>0x20005eb0</run_address>
         <size>0x190</size>
         <input_file_ref idref="fl-2"/>
      </object_component>
      <object_component id="oc-f0">
         <name>.text:PRCMCC3200MCUInit</name>
         <load_address>0x20006040</load_address>
         <run_address>0x20006040</run_address>
         <size>0x178</size>
         <input_file_ref idref="fl-158"/>
      </object_component>
      <object_component id="oc-241">
         <name>.text</name>
         <load_address>0x200061b8</load_address>
         <run_address>0x200061b8</run_address>
         <size>0x136</size>
         <input_file_ref idref="fl-142"/>
      </object_component>
      <object_component id="oc-2b8">
         <name>.text</name>
         <load_address>0x200062f0</load_address>
         <run_address>0x200062f0</run_address>
         <size>0x110</size>
         <input_file_ref idref="fl-14d"/>
      </object_component>
      <object_component id="oc-23c">
         <name>.text</name>
         <load_address>0x20006400</load_address>
         <run_address>0x20006400</run_address>
         <size>0xfc</size>
         <input_file_ref idref="fl-143"/>
      </object_component>
      <object_component id="oc-2da">
         <name>.text</name>
         <load_address>0x200064fc</load_address>
         <run_address>0x200064fc</run_address>
         <size>0xbe</size>
         <input_file_ref idref="fl-155"/>
      </object_component>
      <object_component id="oc-ea">
         <name>.text:IntEnable</name>
         <load_address>0x200065bc</load_address>
         <run_address>0x200065bc</run_address>
         <size>0xa8</size>
         <input_file_ref idref="fl-156"/>
      </object_component>
      <object_component id="oc-36">
         <name>.text</name>
         <load_address>0x20006664</load_address>
         <run_address>0x20006664</run_address>
         <size>0x9c</size>
         <input_file_ref idref="fl-131"/>
      </object_component>
      <object_component id="oc-14a">
         <name>.text:PRCMPeripheralClockGet</name>
         <load_address>0x20006700</load_address>
         <run_address>0x20006700</run_address>
         <size>0x94</size>
         <input_file_ref idref="fl-158"/>
      </object_component>
      <object_component id="oc-fc">
         <name>.text:PinConfigSet</name>
         <load_address>0x20006794</load_address>
         <run_address>0x20006794</run_address>
         <size>0x88</size>
         <input_file_ref idref="fl-157"/>
      </object_component>
      <object_component id="oc-15c">
         <name>.text</name>
         <load_address>0x2000681c</load_address>
         <run_address>0x2000681c</run_address>
         <size>0x88</size>
         <input_file_ref idref="fl-138"/>
      </object_component>
      <object_component id="oc-237">
         <name>.text:__aeabi_cdcmple</name>
         <load_address>0x200068a4</load_address>
         <run_address>0x200068a4</run_address>
         <size>0x86</size>
         <input_file_ref idref="fl-141"/>
      </object_component>
      <object_component id="oc-246">
         <name>.text:__aeabi_cdrcmple</name>
         <load_address>0x2000692a</load_address>
         <run_address>0x2000692a</run_address>
         <size>0x86</size>
         <input_file_ref idref="fl-141"/>
      </object_component>
      <object_component id="oc-4f">
         <name>.text</name>
         <load_address>0x200069b0</load_address>
         <run_address>0x200069b0</run_address>
         <size>0x7a</size>
         <input_file_ref idref="fl-134"/>
      </object_component>
      <object_component id="oc-150">
         <name>.text:UARTConfigSetExpClk</name>
         <load_address>0x20006a2a</load_address>
         <run_address>0x20006a2a</run_address>
         <size>0x76</size>
         <input_file_ref idref="fl-15a"/>
      </object_component>
      <object_component id="oc-102">
         <name>.text:TimerIntRegister</name>
         <load_address>0x20006aa0</load_address>
         <run_address>0x20006aa0</run_address>
         <size>0x70</size>
         <input_file_ref idref="fl-159"/>
      </object_component>
      <object_component id="oc-61">
         <name>.text</name>
         <load_address>0x20006b10</load_address>
         <run_address>0x20006b10</run_address>
         <size>0x6c</size>
         <input_file_ref idref="fl-13d"/>
      </object_component>
      <object_component id="oc-42">
         <name>.text</name>
         <load_address>0x20006b7c</load_address>
         <run_address>0x20006b7c</run_address>
         <size>0x6a</size>
         <input_file_ref idref="fl-12e"/>
      </object_component>
      <object_component id="oc-2b0">
         <name>.text</name>
         <load_address>0x20006be6</load_address>
         <run_address>0x20006be6</run_address>
         <size>0x66</size>
         <input_file_ref idref="fl-14e"/>
      </object_component>
      <object_component id="oc-1b7">
         <name>.text:PRCMPeripheralReset</name>
         <load_address>0x20006c4c</load_address>
         <run_address>0x20006c4c</run_address>
         <size>0x58</size>
         <input_file_ref idref="fl-158"/>
      </object_component>
      <object_component id="oc-250">
         <name>.text</name>
         <load_address>0x20006ca4</load_address>
         <run_address>0x20006ca4</run_address>
         <size>0x56</size>
         <input_file_ref idref="fl-148"/>
      </object_component>
      <object_component id="oc-27e">
         <name>.text</name>
         <load_address>0x20006cfc</load_address>
         <run_address>0x20006cfc</run_address>
         <size>0x4c</size>
         <input_file_ref idref="fl-13c"/>
      </object_component>
      <object_component id="oc-97">
         <name>.text</name>
         <load_address>0x20006d48</load_address>
         <run_address>0x20006d48</run_address>
         <size>0x4c</size>
         <input_file_ref idref="fl-13e"/>
      </object_component>
      <object_component id="oc-24b">
         <name>.text</name>
         <load_address>0x20006d94</load_address>
         <run_address>0x20006d94</run_address>
         <size>0x48</size>
         <input_file_ref idref="fl-144"/>
      </object_component>
      <object_component id="oc-266">
         <name>.text</name>
         <load_address>0x20006ddc</load_address>
         <run_address>0x20006ddc</run_address>
         <size>0x46</size>
         <input_file_ref idref="fl-147"/>
      </object_component>
      <object_component id="oc-108">
         <name>.text:TimerConfigure</name>
         <load_address>0x20006e24</load_address>
         <run_address>0x20006e24</run_address>
         <size>0x44</size>
         <input_file_ref idref="fl-159"/>
      </object_component>
      <object_component id="oc-6d">
         <name>.text</name>
         <load_address>0x20006e68</load_address>
         <run_address>0x20006e68</run_address>
         <size>0x44</size>
         <input_file_ref idref="fl-130"/>
      </object_component>
      <object_component id="oc-222">
         <name>.text:PinModeSet</name>
         <load_address>0x20006eac</load_address>
         <run_address>0x20006eac</run_address>
         <size>0x40</size>
         <input_file_ref idref="fl-157"/>
      </object_component>
      <object_component id="oc-31d">
         <name>.text</name>
         <load_address>0x20006eec</load_address>
         <run_address>0x20006eec</run_address>
         <size>0x40</size>
         <input_file_ref idref="fl-154"/>
      </object_component>
      <object_component id="oc-1b1">
         <name>.text:PRCMPeripheralClkEnable</name>
         <load_address>0x20006f2c</load_address>
         <run_address>0x20006f2c</run_address>
         <size>0x3c</size>
         <input_file_ref idref="fl-158"/>
      </object_component>
      <object_component id="oc-24">
         <name>.text</name>
         <load_address>0x20006f68</load_address>
         <run_address>0x20006f68</run_address>
         <size>0x3c</size>
         <input_file_ref idref="fl-12c"/>
      </object_component>
      <object_component id="oc-2e9">
         <name>.text</name>
         <load_address>0x20006fa4</load_address>
         <run_address>0x20006fa4</run_address>
         <size>0x34</size>
         <input_file_ref idref="fl-152"/>
      </object_component>
      <object_component id="oc-10e">
         <name>.text:TimerControlEvent</name>
         <load_address>0x20006fd8</load_address>
         <run_address>0x20006fd8</run_address>
         <size>0x30</size>
         <input_file_ref idref="fl-159"/>
      </object_component>
      <object_component id="oc-1e8">
         <name>.text:UARTDisable</name>
         <load_address>0x20007008</load_address>
         <run_address>0x20007008</run_address>
         <size>0x30</size>
         <input_file_ref idref="fl-15a"/>
      </object_component>
      <object_component id="oc-2be">
         <name>.text</name>
         <load_address>0x20007038</load_address>
         <run_address>0x20007038</run_address>
         <size>0x30</size>
         <input_file_ref idref="fl-14f"/>
      </object_component>
      <object_component id="oc-256">
         <name>.text</name>
         <load_address>0x20007068</load_address>
         <run_address>0x20007068</run_address>
         <size>0x2e</size>
         <input_file_ref idref="fl-146"/>
      </object_component>
      <object_component id="oc-30d">
         <name>.text</name>
         <load_address>0x20007096</load_address>
         <run_address>0x20007096</run_address>
         <size>0x2e</size>
         <input_file_ref idref="fl-153"/>
      </object_component>
      <object_component id="oc-19f">
         <name>.text:PRCMSysResetCauseGet</name>
         <load_address>0x200070c4</load_address>
         <run_address>0x200070c4</run_address>
         <size>0x2c</size>
         <input_file_ref idref="fl-158"/>
      </object_component>
      <object_component id="oc-f6">
         <name>.text</name>
         <load_address>0x200070f0</load_address>
         <run_address>0x200070f0</run_address>
         <size>0x2c</size>
         <input_file_ref idref="fl-3"/>
      </object_component>
      <object_component id="oc-114">
         <name>.text:TimerLoadSet</name>
         <load_address>0x2000711c</load_address>
         <run_address>0x2000711c</run_address>
         <size>0x2a</size>
         <input_file_ref idref="fl-159"/>
      </object_component>
      <object_component id="oc-272">
         <name>.text</name>
         <load_address>0x20007146</load_address>
         <run_address>0x20007146</run_address>
         <size>0x2a</size>
         <input_file_ref idref="fl-14c"/>
      </object_component>
      <object_component id="oc-1bd">
         <name>.text:PRCMPeripheralClkDisable</name>
         <load_address>0x20007170</load_address>
         <run_address>0x20007170</run_address>
         <size>0x28</size>
         <input_file_ref idref="fl-158"/>
      </object_component>
      <object_component id="oc-1ee">
         <name>.text:UARTEnable</name>
         <load_address>0x20007198</load_address>
         <run_address>0x20007198</run_address>
         <size>0x24</size>
         <input_file_ref idref="fl-15a"/>
      </object_component>
      <object_component id="oc-174">
         <name>.text</name>
         <load_address>0x200071bc</load_address>
         <run_address>0x200071bc</run_address>
         <size>0x24</size>
         <input_file_ref idref="fl-132"/>
      </object_component>
      <object_component id="oc-260">
         <name>.text</name>
         <load_address>0x200071e0</load_address>
         <run_address>0x200071e0</run_address>
         <size>0x22</size>
         <input_file_ref idref="fl-145"/>
      </object_component>
      <object_component id="oc-1d5">
         <name>.text:IntRegister</name>
         <load_address>0x20007204</load_address>
         <run_address>0x20007204</run_address>
         <size>0x20</size>
         <input_file_ref idref="fl-156"/>
      </object_component>
      <object_component id="oc-120">
         <name>.text:TimerEnable</name>
         <load_address>0x20007224</load_address>
         <run_address>0x20007224</run_address>
         <size>0x1e</size>
         <input_file_ref idref="fl-159"/>
      </object_component>
      <object_component id="oc-156">
         <name>.text:UARTCharPut</name>
         <load_address>0x20007242</load_address>
         <run_address>0x20007242</run_address>
         <size>0x1e</size>
         <input_file_ref idref="fl-15a"/>
      </object_component>
      <object_component id="oc-d2">
         <name>.text:TimerValueGet</name>
         <load_address>0x20007260</load_address>
         <run_address>0x20007260</run_address>
         <size>0x1c</size>
         <input_file_ref idref="fl-159"/>
      </object_component>
      <object_component id="oc-168">
         <name>.text:UARTCharGetNonBlocking</name>
         <load_address>0x2000727c</load_address>
         <run_address>0x2000727c</run_address>
         <size>0x1c</size>
         <input_file_ref idref="fl-15a"/>
      </object_component>
      <object_component id="oc-278">
         <name>.text</name>
         <load_address>0x20007298</load_address>
         <run_address>0x20007298</run_address>
         <size>0x1c</size>
         <input_file_ref idref="fl-149"/>
      </object_component>
      <object_component id="oc-1ca">
         <name>.text:PinTypeTimer</name>
         <load_address>0x200072b4</load_address>
         <run_address>0x200072b4</run_address>
         <size>0x1a</size>
         <input_file_ref idref="fl-157"/>
      </object_component>
      <object_component id="oc-1c4">
         <name>.text:PinTypeUART</name>
         <load_address>0x200072ce</load_address>
         <run_address>0x200072ce</run_address>
         <size>0x1a</size>
         <input_file_ref idref="fl-157"/>
      </object_component>
      <object_component id="oc-11a">
         <name>.text:TimerIntEnable</name>
         <load_address>0x200072e8</load_address>
         <run_address>0x200072e8</run_address>
         <size>0x18</size>
         <input_file_ref idref="fl-159"/>
      </object_component>
      <object_component id="oc-162">
         <name>.text:UARTCharsAvail</name>
         <load_address>0x20007300</load_address>
         <run_address>0x20007300</run_address>
         <size>0x18</size>
         <input_file_ref idref="fl-15a"/>
      </object_component>
      <object_component id="oc-67">
         <name>.text</name>
         <load_address>0x20007318</load_address>
         <run_address>0x20007318</run_address>
         <size>0x18</size>
         <input_file_ref idref="fl-13b"/>
      </object_component>
      <object_component id="oc-1a5">
         <name>.text:PRCMHIBRegRead</name>
         <load_address>0x20007330</load_address>
         <run_address>0x20007330</run_address>
         <size>0x16</size>
         <input_file_ref idref="fl-158"/>
      </object_component>
      <object_component id="oc-1ab">
         <name>.text:PRCMHIBRegWrite</name>
         <load_address>0x20007346</load_address>
         <run_address>0x20007346</run_address>
         <size>0x16</size>
         <input_file_ref idref="fl-158"/>
      </object_component>
      <object_component id="oc-26c">
         <name>.text</name>
         <load_address>0x2000735c</load_address>
         <run_address>0x2000735c</run_address>
         <size>0x16</size>
         <input_file_ref idref="fl-14a"/>
      </object_component>
      <object_component id="oc-18f">
         <name>.text:CPUcpsie</name>
         <load_address>0x20007372</load_address>
         <run_address>0x20007372</run_address>
         <size>0x14</size>
         <input_file_ref idref="fl-15c"/>
      </object_component>
      <object_component id="oc-de">
         <name>.text:IntVTableBaseSet</name>
         <load_address>0x20007388</load_address>
         <run_address>0x20007388</run_address>
         <size>0x14</size>
         <input_file_ref idref="fl-156"/>
      </object_component>
      <object_component id="oc-133">
         <name>.text</name>
         <load_address>0x2000739c</load_address>
         <run_address>0x2000739c</run_address>
         <size>0x14</size>
         <input_file_ref idref="fl-139"/>
      </object_component>
      <object_component id="oc-16e">
         <name>.text</name>
         <load_address>0x200073b0</load_address>
         <run_address>0x200073b0</run_address>
         <size>0x14</size>
         <input_file_ref idref="fl-137"/>
      </object_component>
      <object_component id="oc-cc">
         <name>.text:TimerIntClear</name>
         <load_address>0x200073c4</load_address>
         <run_address>0x200073c4</run_address>
         <size>0x12</size>
         <input_file_ref idref="fl-159"/>
      </object_component>
      <object_component id="oc-12">
         <name>.text:decompress:none</name>
         <load_address>0x200073d6</load_address>
         <run_address>0x200073d6</run_address>
         <size>0xe</size>
         <input_file_ref idref="fl-12d"/>
      </object_component>
      <object_component id="oc-2d">
         <name>.text</name>
         <load_address>0x200073e4</load_address>
         <run_address>0x200073e4</run_address>
         <size>0xe</size>
         <input_file_ref idref="fl-4"/>
      </object_component>
      <object_component id="oc-1e">
         <name>.text:decompress:ZI</name>
         <load_address>0x200073f2</load_address>
         <run_address>0x200073f2</run_address>
         <size>0xc</size>
         <input_file_ref idref="fl-12f"/>
      </object_component>
      <object_component id="oc-e4">
         <name>.text:IntMasterEnable</name>
         <load_address>0x200073fe</load_address>
         <run_address>0x200073fe</run_address>
         <size>0xa</size>
         <input_file_ref idref="fl-156"/>
      </object_component>
      <object_component id="oc-126">
         <name>.text:UtilsDelay</name>
         <load_address>0x20007408</load_address>
         <run_address>0x20007408</run_address>
         <size>0x6</size>
         <input_file_ref idref="fl-15b"/>
      </object_component>
      <object_component id="oc-18">
         <name>.text:decompress:rle24</name>
         <load_address>0x2000740e</load_address>
         <run_address>0x2000740e</run_address>
         <size>0x6</size>
         <input_file_ref idref="fl-12e"/>
      </object_component>
      <object_component id="oc-5b">
         <name>.text</name>
         <load_address>0x20007414</load_address>
         <run_address>0x20007414</run_address>
         <size>0x4</size>
         <input_file_ref idref="fl-135"/>
      </object_component>
      <object_component id="oc-2cc">
         <name>.const:.string:_ctypes_</name>
         <load_address>0x20007418</load_address>
         <run_address>0x20007418</run_address>
         <size>0x101</size>
         <input_file_ref idref="fl-13f"/>
      </object_component>
      <object_component id="oc-1d1">
         <name>.const:g_ulPinToPadMap</name>
         <load_address>0x2000751c</load_address>
         <run_address>0x2000751c</run_address>
         <size>0x100</size>
         <input_file_ref idref="fl-157"/>
      </object_component>
      <object_component id="oc-21b">
         <name>.const:PRCM_PeriphRegsList</name>
         <load_address>0x2000761c</load_address>
         <run_address>0x2000761c</run_address>
         <size>0xa8</size>
         <input_file_ref idref="fl-158"/>
      </object_component>
      <object_component id="oc-19b">
         <name>.const</name>
         <load_address>0x200076c4</load_address>
         <run_address>0x200076c4</run_address>
         <size>0x80</size>
         <input_file_ref idref="fl-156"/>
      </object_component>
      <object_component id="oc-363">
         <name>.cinit..data.load</name>
         <load_address>0x20007748</load_address>
         <run_address>0x20007748</run_address>
         <size>0x4e</size>
      </object_component>
      <object_component id="oc-361">
         <name>__TI_handler_table</name>
         <load_address>0x20007798</load_address>
         <run_address>0x20007798</run_address>
         <size>0xc</size>
      </object_component>
      <object_component id="oc-364">
         <name>.cinit..bss.load</name>
         <load_address>0x200077a8</load_address>
         <run_address>0x200077a8</run_address>
         <size>0x8</size>
      </object_component>
      <object_component id="oc-362">
         <name>__TI_cinit_table</name>
         <load_address>0x200077b0</load_address>
         <run_address>0x200077b0</run_address>
         <size>0x10</size>
      </object_component>
      <object_component id="oc-2a">
         <name>.sysmem</name>
         <uninitialized>true</uninitialized>
         <run_address>0x20017000</run_address>
         <size>0x8</size>
         <input_file_ref idref="fl-133"/>
      </object_component>
      <object_component id="oc-366">
         <name>.sysmem</name>
         <uninitialized>true</uninitialized>
         <run_address>0x20017000</run_address>
         <size>0x0</size>
      </object_component>
      <object_component id="oc-29">
         <name>.stack</name>
         <uninitialized>true</uninitialized>
         <run_address>0x2002f000</run_address>
         <size>0x0</size>
         <input_file_ref idref="fl-12c"/>
      </object_component>
      <object_component id="oc-365">
         <name>.stack</name>
         <uninitialized>true</uninitialized>
         <run_address>0x2002f000</run_address>
         <size>0x0</size>
      </object_component>
      <object_component id="oc-127">
         <name>.common:g_ulSamples</name>
         <uninitialized>true</uninitialized>
         <run_address>0x2001795c</run_address>
         <size>0x8</size>
      </object_component>
      <object_component id="oc-12a">
         <name>.common:g_ulFreq</name>
         <uninitialized>true</uninitialized>
         <run_address>0x20017968</run_address>
         <size>0x4</size>
      </object_component>
      <object_component id="oc-180">
         <name>.common:__Errorlog</name>
         <uninitialized>true</uninitialized>
         <run_address>0x20017964</run_address>
         <size>0x4</size>
      </object_component>
      <object_component id="oc-aa">
         <name>.data</name>
         <load_address>0x20017944</load_address>
         <run_address>0x20017944</run_address>
         <size>0x8</size>
         <input_file_ref idref="fl-130"/>
      </object_component>
      <object_component id="oc-20e">
         <name>.data</name>
         <load_address>0x20017930</load_address>
         <run_address>0x20017930</run_address>
         <size>0xc</size>
         <input_file_ref idref="fl-133"/>
      </object_component>
      <object_component id="oc-73">
         <name>.data</name>
         <load_address>0x20017958</load_address>
         <run_address>0x20017958</run_address>
         <size>0x4</size>
         <input_file_ref idref="fl-136"/>
      </object_component>
      <object_component id="oc-a7">
         <name>.data</name>
         <load_address>0x2001793c</load_address>
         <run_address>0x2001793c</run_address>
         <size>0x8</size>
         <input_file_ref idref="fl-139"/>
      </object_component>
      <object_component id="oc-2e4">
         <name>.data</name>
         <load_address>0x200178b0</load_address>
         <run_address>0x200178b0</run_address>
         <size>0x80</size>
         <input_file_ref idref="fl-150"/>
      </object_component>
      <object_component id="oc-2ef">
         <name>.data</name>
         <load_address>0x20017954</load_address>
         <run_address>0x20017954</run_address>
         <size>0x4</size>
         <input_file_ref idref="fl-151"/>
      </object_component>
      <object_component id="oc-313">
         <name>.data</name>
         <load_address>0x2001794c</load_address>
         <run_address>0x2001794c</run_address>
         <size>0x8</size>
         <input_file_ref idref="fl-152"/>
      </object_component>
      <object_component id="oc-32e">
         <name>.data:sigtable</name>
         <load_address>0x20017800</load_address>
         <run_address>0x20017800</run_address>
         <size>0xb0</size>
         <input_file_ref idref="fl-154"/>
      </object_component>
      <object_component id="oc-128">
         <name>.debug_info</name>
         <load_address>0x0</load_address>
         <run_address>0x0</run_address>
         <size>0x450</size>
         <input_file_ref idref="fl-2"/>
      </object_component>
      <object_component id="oc-a0">
         <name>.debug_info</name>
         <load_address>0x450</load_address>
         <run_address>0x450</run_address>
         <size>0x3ad</size>
         <input_file_ref idref="fl-2"/>
      </object_component>
      <object_component id="oc-29e">
         <name>.debug_info</name>
         <load_address>0x7fd</load_address>
         <run_address>0x7fd</run_address>
         <size>0x62</size>
         <input_file_ref idref="fl-2"/>
      </object_component>
      <object_component id="oc-7e">
         <name>.debug_info</name>
         <load_address>0x85f</load_address>
         <run_address>0x85f</run_address>
         <size>0x84</size>
         <input_file_ref idref="fl-2"/>
      </object_component>
      <object_component id="oc-196">
         <name>.debug_info</name>
         <load_address>0x8e3</load_address>
         <run_address>0x8e3</run_address>
         <size>0x2c</size>
         <input_file_ref idref="fl-2"/>
      </object_component>
      <object_component id="oc-f7">
         <name>.debug_info</name>
         <load_address>0x90f</load_address>
         <run_address>0x90f</run_address>
         <size>0x174</size>
         <input_file_ref idref="fl-3"/>
      </object_component>
      <object_component id="oc-35">
         <name>.debug_info</name>
         <load_address>0xa83</load_address>
         <run_address>0xa83</run_address>
         <size>0x128</size>
         <input_file_ref idref="fl-4"/>
      </object_component>
      <object_component id="oc-10">
         <name>.debug_info</name>
         <load_address>0xbab</load_address>
         <run_address>0xbab</run_address>
         <size>0x10d</size>
         <input_file_ref idref="fl-4"/>
      </object_component>
      <object_component id="oc-2e">
         <name>.debug_info</name>
         <load_address>0xcb8</load_address>
         <run_address>0xcb8</run_address>
         <size>0x47e</size>
         <input_file_ref idref="fl-4"/>
      </object_component>
      <object_component id="oc-181">
         <name>.debug_info</name>
         <load_address>0x1136</load_address>
         <run_address>0x1136</run_address>
         <size>0x3a8</size>
         <input_file_ref idref="fl-5"/>
      </object_component>
      <object_component id="oc-d9">
         <name>.debug_info</name>
         <load_address>0x14de</load_address>
         <run_address>0x14de</run_address>
         <size>0x951</size>
         <input_file_ref idref="fl-5"/>
      </object_component>
      <object_component id="oc-189">
         <name>.debug_info</name>
         <load_address>0x1e2f</load_address>
         <run_address>0x1e2f</run_address>
         <size>0x110</size>
         <input_file_ref idref="fl-5"/>
      </object_component>
      <object_component id="oc-184">
         <name>.debug_info</name>
         <load_address>0x1f3f</load_address>
         <run_address>0x1f3f</run_address>
         <size>0x4e</size>
         <input_file_ref idref="fl-5"/>
      </object_component>
      <object_component id="oc-25">
         <name>.debug_info</name>
         <load_address>0x1f8d</load_address>
         <run_address>0x1f8d</run_address>
         <size>0x169</size>
         <input_file_ref idref="fl-12c"/>
      </object_component>
      <object_component id="oc-41">
         <name>.debug_info</name>
         <load_address>0x20f6</load_address>
         <run_address>0x20f6</run_address>
         <size>0x156</size>
         <input_file_ref idref="fl-12d"/>
      </object_component>
      <object_component id="oc-16">
         <name>.debug_info</name>
         <load_address>0x224c</load_address>
         <run_address>0x224c</run_address>
         <size>0x1f5</size>
         <input_file_ref idref="fl-12d"/>
      </object_component>
      <object_component id="oc-3c">
         <name>.debug_info</name>
         <load_address>0x2441</load_address>
         <run_address>0x2441</run_address>
         <size>0x46</size>
         <input_file_ref idref="fl-12d"/>
      </object_component>
      <object_component id="oc-84">
         <name>.debug_info</name>
         <load_address>0x2487</load_address>
         <run_address>0x2487</run_address>
         <size>0x2c</size>
         <input_file_ref idref="fl-12d"/>
      </object_component>
      <object_component id="oc-49">
         <name>.debug_info</name>
         <load_address>0x24b3</load_address>
         <run_address>0x24b3</run_address>
         <size>0x14a</size>
         <input_file_ref idref="fl-12e"/>
      </object_component>
      <object_component id="oc-43">
         <name>.debug_info</name>
         <load_address>0x25fd</load_address>
         <run_address>0x25fd</run_address>
         <size>0x25d</size>
         <input_file_ref idref="fl-12e"/>
      </object_component>
      <object_component id="oc-19">
         <name>.debug_info</name>
         <load_address>0x285a</load_address>
         <run_address>0x285a</run_address>
         <size>0x1c7</size>
         <input_file_ref idref="fl-12e"/>
      </object_component>
      <object_component id="oc-4a">
         <name>.debug_info</name>
         <load_address>0x2a21</load_address>
         <run_address>0x2a21</run_address>
         <size>0x39</size>
         <input_file_ref idref="fl-12e"/>
      </object_component>
      <object_component id="oc-8e">
         <name>.debug_info</name>
         <load_address>0x2a5a</load_address>
         <run_address>0x2a5a</run_address>
         <size>0x2c</size>
         <input_file_ref idref="fl-12e"/>
      </object_component>
      <object_component id="oc-5a">
         <name>.debug_info</name>
         <load_address>0x2a86</load_address>
         <run_address>0x2a86</run_address>
         <size>0x145</size>
         <input_file_ref idref="fl-12f"/>
      </object_component>
      <object_component id="oc-1f">
         <name>.debug_info</name>
         <load_address>0x2bcb</load_address>
         <run_address>0x2bcb</run_address>
         <size>0x1c0</size>
         <input_file_ref idref="fl-12f"/>
      </object_component>
      <object_component id="oc-55">
         <name>.debug_info</name>
         <load_address>0x2d8b</load_address>
         <run_address>0x2d8b</run_address>
         <size>0x46</size>
         <input_file_ref idref="fl-12f"/>
      </object_component>
      <object_component id="oc-ae">
         <name>.debug_info</name>
         <load_address>0x2dd1</load_address>
         <run_address>0x2dd1</run_address>
         <size>0x1a7</size>
         <input_file_ref idref="fl-130"/>
      </object_component>
      <object_component id="oc-ab">
         <name>.debug_info</name>
         <load_address>0x2f78</load_address>
         <run_address>0x2f78</run_address>
         <size>0x14c</size>
         <input_file_ref idref="fl-130"/>
      </object_component>
      <object_component id="oc-6e">
         <name>.debug_info</name>
         <load_address>0x30c4</load_address>
         <run_address>0x30c4</run_address>
         <size>0x223</size>
         <input_file_ref idref="fl-130"/>
      </object_component>
      <object_component id="oc-37">
         <name>.debug_info</name>
         <load_address>0x32e7</load_address>
         <run_address>0x32e7</run_address>
         <size>0x12b</size>
         <input_file_ref idref="fl-131"/>
      </object_component>
      <object_component id="oc-20d">
         <name>.debug_info</name>
         <load_address>0x3412</load_address>
         <run_address>0x3412</run_address>
         <size>0x142</size>
         <input_file_ref idref="fl-132"/>
      </object_component>
      <object_component id="oc-175">
         <name>.debug_info</name>
         <load_address>0x3554</load_address>
         <run_address>0x3554</run_address>
         <size>0x1c1</size>
         <input_file_ref idref="fl-132"/>
      </object_component>
      <object_component id="oc-79">
         <name>.debug_info</name>
         <load_address>0x3715</load_address>
         <run_address>0x3715</run_address>
         <size>0x238</size>
         <input_file_ref idref="fl-133"/>
      </object_component>
      <object_component id="oc-2b">
         <name>.debug_info</name>
         <load_address>0x394d</load_address>
         <run_address>0x394d</run_address>
         <size>0x117</size>
         <input_file_ref idref="fl-133"/>
      </object_component>
      <object_component id="oc-20f">
         <name>.debug_info</name>
         <load_address>0x3a64</load_address>
         <run_address>0x3a64</run_address>
         <size>0x162</size>
         <input_file_ref idref="fl-133"/>
      </object_component>
      <object_component id="oc-17b">
         <name>.debug_info</name>
         <load_address>0x3bc6</load_address>
         <run_address>0x3bc6</run_address>
         <size>0x8a1</size>
         <input_file_ref idref="fl-133"/>
      </object_component>
      <object_component id="oc-b4">
         <name>.debug_info</name>
         <load_address>0x4467</load_address>
         <run_address>0x4467</run_address>
         <size>0x2c</size>
         <input_file_ref idref="fl-133"/>
      </object_component>
      <object_component id="oc-b9">
         <name>.debug_info</name>
         <load_address>0x4493</load_address>
         <run_address>0x4493</run_address>
         <size>0x62</size>
         <input_file_ref idref="fl-133"/>
      </object_component>
      <object_component id="oc-50">
         <name>.debug_info</name>
         <load_address>0x44f5</load_address>
         <run_address>0x44f5</run_address>
         <size>0x159</size>
         <input_file_ref idref="fl-134"/>
      </object_component>
      <object_component id="oc-5c">
         <name>.debug_info</name>
         <load_address>0x464e</load_address>
         <run_address>0x464e</run_address>
         <size>0x15e</size>
         <input_file_ref idref="fl-135"/>
      </object_component>
      <object_component id="oc-74">
         <name>.debug_info</name>
         <load_address>0x47ac</load_address>
         <run_address>0x47ac</run_address>
         <size>0x11f</size>
         <input_file_ref idref="fl-136"/>
      </object_component>
      <object_component id="oc-20b">
         <name>.debug_info</name>
         <load_address>0x48cb</load_address>
         <run_address>0x48cb</run_address>
         <size>0x100</size>
         <input_file_ref idref="fl-137"/>
      </object_component>
      <object_component id="oc-16f">
         <name>.debug_info</name>
         <load_address>0x49cb</load_address>
         <run_address>0x49cb</run_address>
         <size>0x276</size>
         <input_file_ref idref="fl-137"/>
      </object_component>
      <object_component id="oc-1fd">
         <name>.debug_info</name>
         <load_address>0x4c41</load_address>
         <run_address>0x4c41</run_address>
         <size>0x1de</size>
         <input_file_ref idref="fl-138"/>
      </object_component>
      <object_component id="oc-15d">
         <name>.debug_info</name>
         <load_address>0x4e1f</load_address>
         <run_address>0x4e1f</run_address>
         <size>0x372</size>
         <input_file_ref idref="fl-138"/>
      </object_component>
      <object_component id="oc-1fe">
         <name>.debug_info</name>
         <load_address>0x5191</load_address>
         <run_address>0x5191</run_address>
         <size>0x2c</size>
         <input_file_ref idref="fl-138"/>
      </object_component>
      <object_component id="oc-203">
         <name>.debug_info</name>
         <load_address>0x51bd</load_address>
         <run_address>0x51bd</run_address>
         <size>0x69</size>
         <input_file_ref idref="fl-138"/>
      </object_component>
      <object_component id="oc-13b">
         <name>.debug_info</name>
         <load_address>0x5226</load_address>
         <run_address>0x5226</run_address>
         <size>0x13a</size>
         <input_file_ref idref="fl-139"/>
      </object_component>
      <object_component id="oc-a8">
         <name>.debug_info</name>
         <load_address>0x5360</load_address>
         <run_address>0x5360</run_address>
         <size>0x129</size>
         <input_file_ref idref="fl-139"/>
      </object_component>
      <object_component id="oc-134">
         <name>.debug_info</name>
         <load_address>0x5489</load_address>
         <run_address>0x5489</run_address>
         <size>0x235</size>
         <input_file_ref idref="fl-139"/>
      </object_component>
      <object_component id="oc-285">
         <name>.debug_info</name>
         <load_address>0x56be</load_address>
         <run_address>0x56be</run_address>
         <size>0x36d</size>
         <input_file_ref idref="fl-13a"/>
      </object_component>
      <object_component id="oc-1f7">
         <name>.debug_info</name>
         <load_address>0x5a2b</load_address>
         <run_address>0x5a2b</run_address>
         <size>0x181d</size>
         <input_file_ref idref="fl-13a"/>
      </object_component>
      <object_component id="oc-286">
         <name>.debug_info</name>
         <load_address>0x7248</load_address>
         <run_address>0x7248</run_address>
         <size>0x86</size>
         <input_file_ref idref="fl-13a"/>
      </object_component>
      <object_component id="oc-2d3">
         <name>.debug_info</name>
         <load_address>0x72ce</load_address>
         <run_address>0x72ce</run_address>
         <size>0x46</size>
         <input_file_ref idref="fl-13a"/>
      </object_component>
      <object_component id="oc-28b">
         <name>.debug_info</name>
         <load_address>0x7314</load_address>
         <run_address>0x7314</run_address>
         <size>0x39</size>
         <input_file_ref idref="fl-13a"/>
      </object_component>
      <object_component id="oc-a6">
         <name>.debug_info</name>
         <load_address>0x734d</load_address>
         <run_address>0x734d</run_address>
         <size>0x17c</size>
         <input_file_ref idref="fl-13b"/>
      </object_component>
      <object_component id="oc-68">
         <name>.debug_info</name>
         <load_address>0x74c9</load_address>
         <run_address>0x74c9</run_address>
         <size>0x17d</size>
         <input_file_ref idref="fl-13b"/>
      </object_component>
      <object_component id="oc-12e">
         <name>.debug_info</name>
         <load_address>0x7646</load_address>
         <run_address>0x7646</run_address>
         <size>0x5e</size>
         <input_file_ref idref="fl-13b"/>
      </object_component>
      <object_component id="oc-2d0">
         <name>.debug_info</name>
         <load_address>0x76a4</load_address>
         <run_address>0x76a4</run_address>
         <size>0x12a</size>
         <input_file_ref idref="fl-13c"/>
      </object_component>
      <object_component id="oc-27f">
         <name>.debug_info</name>
         <load_address>0x77ce</load_address>
         <run_address>0x77ce</run_address>
         <size>0x187</size>
         <input_file_ref idref="fl-13c"/>
      </object_component>
      <object_component id="oc-9e">
         <name>.debug_info</name>
         <load_address>0x7955</load_address>
         <run_address>0x7955</run_address>
         <size>0x2d3</size>
         <input_file_ref idref="fl-13d"/>
      </object_component>
      <object_component id="oc-62">
         <name>.debug_info</name>
         <load_address>0x7c28</load_address>
         <run_address>0x7c28</run_address>
         <size>0x18d</size>
         <input_file_ref idref="fl-13d"/>
      </object_component>
      <object_component id="oc-c2">
         <name>.debug_info</name>
         <load_address>0x7db5</load_address>
         <run_address>0x7db5</run_address>
         <size>0x39</size>
         <input_file_ref idref="fl-13d"/>
      </object_component>
      <object_component id="oc-c7">
         <name>.debug_info</name>
         <load_address>0x7dee</load_address>
         <run_address>0x7dee</run_address>
         <size>0xcd</size>
         <input_file_ref idref="fl-13d"/>
      </object_component>
      <object_component id="oc-bf">
         <name>.debug_info</name>
         <load_address>0x7ebb</load_address>
         <run_address>0x7ebb</run_address>
         <size>0x1f6</size>
         <input_file_ref idref="fl-13e"/>
      </object_component>
      <object_component id="oc-98">
         <name>.debug_info</name>
         <load_address>0x80b1</load_address>
         <run_address>0x80b1</run_address>
         <size>0x199</size>
         <input_file_ref idref="fl-13e"/>
      </object_component>
      <object_component id="oc-143">
         <name>.debug_info</name>
         <load_address>0x824a</load_address>
         <run_address>0x824a</run_address>
         <size>0x2c</size>
         <input_file_ref idref="fl-13e"/>
      </object_component>
      <object_component id="oc-2fd">
         <name>.debug_info</name>
         <load_address>0x8276</load_address>
         <run_address>0x8276</run_address>
         <size>0x104</size>
         <input_file_ref idref="fl-13f"/>
      </object_component>
      <object_component id="oc-2cd">
         <name>.debug_info</name>
         <load_address>0x837a</load_address>
         <run_address>0x837a</run_address>
         <size>0x110</size>
         <input_file_ref idref="fl-13f"/>
      </object_component>
      <object_component id="oc-25c">
         <name>.debug_info</name>
         <load_address>0x848a</load_address>
         <run_address>0x848a</run_address>
         <size>0x15e</size>
         <input_file_ref idref="fl-140"/>
      </object_component>
      <object_component id="oc-238">
         <name>.debug_info</name>
         <load_address>0x85e8</load_address>
         <run_address>0x85e8</run_address>
         <size>0x13a</size>
         <input_file_ref idref="fl-141"/>
      </object_component>
      <object_component id="oc-247">
         <name>.debug_info</name>
         <load_address>0x8722</load_address>
         <run_address>0x8722</run_address>
         <size>0x13c</size>
         <input_file_ref idref="fl-141"/>
      </object_component>
      <object_component id="oc-242">
         <name>.debug_info</name>
         <load_address>0x885e</load_address>
         <run_address>0x885e</run_address>
         <size>0x14c</size>
         <input_file_ref idref="fl-142"/>
      </object_component>
      <object_component id="oc-23d">
         <name>.debug_info</name>
         <load_address>0x89aa</load_address>
         <run_address>0x89aa</run_address>
         <size>0x14c</size>
         <input_file_ref idref="fl-143"/>
      </object_component>
      <object_component id="oc-24c">
         <name>.debug_info</name>
         <load_address>0x8af6</load_address>
         <run_address>0x8af6</run_address>
         <size>0x140</size>
         <input_file_ref idref="fl-144"/>
      </object_component>
      <object_component id="oc-2b7">
         <name>.debug_info</name>
         <load_address>0x8c36</load_address>
         <run_address>0x8c36</run_address>
         <size>0x133</size>
         <input_file_ref idref="fl-145"/>
      </object_component>
      <object_component id="oc-261">
         <name>.debug_info</name>
         <load_address>0x8d69</load_address>
         <run_address>0x8d69</run_address>
         <size>0x1a2</size>
         <input_file_ref idref="fl-145"/>
      </object_component>
      <object_component id="oc-257">
         <name>.debug_info</name>
         <load_address>0x8f0b</load_address>
         <run_address>0x8f0b</run_address>
         <size>0x13e</size>
         <input_file_ref idref="fl-146"/>
      </object_component>
      <object_component id="oc-2c5">
         <name>.debug_info</name>
         <load_address>0x9049</load_address>
         <run_address>0x9049</run_address>
         <size>0x177</size>
         <input_file_ref idref="fl-147"/>
      </object_component>
      <object_component id="oc-267">
         <name>.debug_info</name>
         <load_address>0x91c0</load_address>
         <run_address>0x91c0</run_address>
         <size>0x199</size>
         <input_file_ref idref="fl-147"/>
      </object_component>
      <object_component id="oc-2ad">
         <name>.debug_info</name>
         <load_address>0x9359</load_address>
         <run_address>0x9359</run_address>
         <size>0x162</size>
         <input_file_ref idref="fl-148"/>
      </object_component>
      <object_component id="oc-251">
         <name>.debug_info</name>
         <load_address>0x94bb</load_address>
         <run_address>0x94bb</run_address>
         <size>0x1d8</size>
         <input_file_ref idref="fl-148"/>
      </object_component>
      <object_component id="oc-2cb">
         <name>.debug_info</name>
         <load_address>0x9693</load_address>
         <run_address>0x9693</run_address>
         <size>0x107</size>
         <input_file_ref idref="fl-149"/>
      </object_component>
      <object_component id="oc-279">
         <name>.debug_info</name>
         <load_address>0x979a</load_address>
         <run_address>0x979a</run_address>
         <size>0x1c1</size>
         <input_file_ref idref="fl-149"/>
      </object_component>
      <object_component id="oc-2c7">
         <name>.debug_info</name>
         <load_address>0x995b</load_address>
         <run_address>0x995b</run_address>
         <size>0x10b</size>
         <input_file_ref idref="fl-14a"/>
      </object_component>
      <object_component id="oc-26d">
         <name>.debug_info</name>
         <load_address>0x9a66</load_address>
         <run_address>0x9a66</run_address>
         <size>0x290</size>
         <input_file_ref idref="fl-14a"/>
      </object_component>
      <object_component id="oc-233">
         <name>.debug_info</name>
         <load_address>0x9cf6</load_address>
         <run_address>0x9cf6</run_address>
         <size>0x197</size>
         <input_file_ref idref="fl-14b"/>
      </object_component>
      <object_component id="oc-2c9">
         <name>.debug_info</name>
         <load_address>0x9e8d</load_address>
         <run_address>0x9e8d</run_address>
         <size>0x128</size>
         <input_file_ref idref="fl-14c"/>
      </object_component>
      <object_component id="oc-273">
         <name>.debug_info</name>
         <load_address>0x9fb5</load_address>
         <run_address>0x9fb5</run_address>
         <size>0x169</size>
         <input_file_ref idref="fl-14c"/>
      </object_component>
      <object_component id="oc-2e8">
         <name>.debug_info</name>
         <load_address>0xa11e</load_address>
         <run_address>0xa11e</run_address>
         <size>0x146</size>
         <input_file_ref idref="fl-14d"/>
      </object_component>
      <object_component id="oc-2b9">
         <name>.debug_info</name>
         <load_address>0xa264</load_address>
         <run_address>0xa264</run_address>
         <size>0x1c7</size>
         <input_file_ref idref="fl-14d"/>
      </object_component>
      <object_component id="oc-306">
         <name>.debug_info</name>
         <load_address>0xa42b</load_address>
         <run_address>0xa42b</run_address>
         <size>0x86</size>
         <input_file_ref idref="fl-14d"/>
      </object_component>
      <object_component id="oc-2e1">
         <name>.debug_info</name>
         <load_address>0xa4b1</load_address>
         <run_address>0xa4b1</run_address>
         <size>0x130</size>
         <input_file_ref idref="fl-14e"/>
      </object_component>
      <object_component id="oc-2b1">
         <name>.debug_info</name>
         <load_address>0xa5e1</load_address>
         <run_address>0xa5e1</run_address>
         <size>0x1a8</size>
         <input_file_ref idref="fl-14e"/>
      </object_component>
      <object_component id="oc-2bf">
         <name>.debug_info</name>
         <load_address>0xa789</load_address>
         <run_address>0xa789</run_address>
         <size>0x188</size>
         <input_file_ref idref="fl-14f"/>
      </object_component>
      <object_component id="oc-2e5">
         <name>.debug_info</name>
         <load_address>0xa911</load_address>
         <run_address>0xa911</run_address>
         <size>0x1ea</size>
         <input_file_ref idref="fl-150"/>
      </object_component>
      <object_component id="oc-2f0">
         <name>.debug_info</name>
         <load_address>0xaafb</load_address>
         <run_address>0xaafb</run_address>
         <size>0x10b</size>
         <input_file_ref idref="fl-151"/>
      </object_component>
      <object_component id="oc-32c">
         <name>.debug_info</name>
         <load_address>0xac06</load_address>
         <run_address>0xac06</run_address>
         <size>0x173</size>
         <input_file_ref idref="fl-152"/>
      </object_component>
      <object_component id="oc-314">
         <name>.debug_info</name>
         <load_address>0xad79</load_address>
         <run_address>0xad79</run_address>
         <size>0x143</size>
         <input_file_ref idref="fl-152"/>
      </object_component>
      <object_component id="oc-2ea">
         <name>.debug_info</name>
         <load_address>0xaebc</load_address>
         <run_address>0xaebc</run_address>
         <size>0x1a4</size>
         <input_file_ref idref="fl-152"/>
      </object_component>
      <object_component id="oc-327">
         <name>.debug_info</name>
         <load_address>0xb060</load_address>
         <run_address>0xb060</run_address>
         <size>0x6f</size>
         <input_file_ref idref="fl-152"/>
      </object_component>
      <object_component id="oc-324">
         <name>.debug_info</name>
         <load_address>0xb0cf</load_address>
         <run_address>0xb0cf</run_address>
         <size>0x132</size>
         <input_file_ref idref="fl-153"/>
      </object_component>
      <object_component id="oc-30e">
         <name>.debug_info</name>
         <load_address>0xb201</load_address>
         <run_address>0xb201</run_address>
         <size>0x189</size>
         <input_file_ref idref="fl-153"/>
      </object_component>
      <object_component id="oc-335">
         <name>.debug_info</name>
         <load_address>0xb38a</load_address>
         <run_address>0xb38a</run_address>
         <size>0x2c</size>
         <input_file_ref idref="fl-153"/>
      </object_component>
      <object_component id="oc-332">
         <name>.debug_info</name>
         <load_address>0xb3b6</load_address>
         <run_address>0xb3b6</run_address>
         <size>0x152</size>
         <input_file_ref idref="fl-154"/>
      </object_component>
      <object_component id="oc-32f">
         <name>.debug_info</name>
         <load_address>0xb508</load_address>
         <run_address>0xb508</run_address>
         <size>0x110</size>
         <input_file_ref idref="fl-154"/>
      </object_component>
      <object_component id="oc-31e">
         <name>.debug_info</name>
         <load_address>0xb618</load_address>
         <run_address>0xb618</run_address>
         <size>0x19f</size>
         <input_file_ref idref="fl-154"/>
      </object_component>
      <object_component id="oc-301">
         <name>.debug_info</name>
         <load_address>0xb7b7</load_address>
         <run_address>0xb7b7</run_address>
         <size>0xfb</size>
         <input_file_ref idref="fl-155"/>
      </object_component>
      <object_component id="oc-2db">
         <name>.debug_info</name>
         <load_address>0xb8b2</load_address>
         <run_address>0xb8b2</run_address>
         <size>0x182</size>
         <input_file_ref idref="fl-155"/>
      </object_component>
      <object_component id="oc-217">
         <name>.debug_info</name>
         <load_address>0xba34</load_address>
         <run_address>0xba34</run_address>
         <size>0x19b</size>
         <input_file_ref idref="fl-156"/>
      </object_component>
      <object_component id="oc-19c">
         <name>.debug_info</name>
         <load_address>0xbbcf</load_address>
         <run_address>0xbbcf</run_address>
         <size>0x19e</size>
         <input_file_ref idref="fl-156"/>
      </object_component>
      <object_component id="oc-e5">
         <name>.debug_info</name>
         <load_address>0xbd6d</load_address>
         <run_address>0xbd6d</run_address>
         <size>0x188</size>
         <input_file_ref idref="fl-156"/>
      </object_component>
      <object_component id="oc-df">
         <name>.debug_info</name>
         <load_address>0xbef5</load_address>
         <run_address>0xbef5</run_address>
         <size>0x1ba</size>
         <input_file_ref idref="fl-156"/>
      </object_component>
      <object_component id="oc-1d6">
         <name>.debug_info</name>
         <load_address>0xc0af</load_address>
         <run_address>0xc0af</run_address>
         <size>0x204</size>
         <input_file_ref idref="fl-156"/>
      </object_component>
      <object_component id="oc-eb">
         <name>.debug_info</name>
         <load_address>0xc2b3</load_address>
         <run_address>0xc2b3</run_address>
         <size>0x1ab</size>
         <input_file_ref idref="fl-156"/>
      </object_component>
      <object_component id="oc-22c">
         <name>.debug_info</name>
         <load_address>0xc45e</load_address>
         <run_address>0xc45e</run_address>
         <size>0xe8</size>
         <input_file_ref idref="fl-157"/>
      </object_component>
      <object_component id="oc-1d2">
         <name>.debug_info</name>
         <load_address>0xc546</load_address>
         <run_address>0xc546</run_address>
         <size>0xf6</size>
         <input_file_ref idref="fl-157"/>
      </object_component>
      <object_component id="oc-223">
         <name>.debug_info</name>
         <load_address>0xc63c</load_address>
         <run_address>0xc63c</run_address>
         <size>0x1cb</size>
         <input_file_ref idref="fl-157"/>
      </object_component>
      <object_component id="oc-fd">
         <name>.debug_info</name>
         <load_address>0xc807</load_address>
         <run_address>0xc807</run_address>
         <size>0x219</size>
         <input_file_ref idref="fl-157"/>
      </object_component>
      <object_component id="oc-1c5">
         <name>.debug_info</name>
         <load_address>0xca20</load_address>
         <run_address>0xca20</run_address>
         <size>0x1e0</size>
         <input_file_ref idref="fl-157"/>
      </object_component>
      <object_component id="oc-1cb">
         <name>.debug_info</name>
         <load_address>0xcc00</load_address>
         <run_address>0xcc00</run_address>
         <size>0x1e2</size>
         <input_file_ref idref="fl-157"/>
      </object_component>
      <object_component id="oc-220">
         <name>.debug_info</name>
         <load_address>0xcde2</load_address>
         <run_address>0xcde2</run_address>
         <size>0x1f8</size>
         <input_file_ref idref="fl-158"/>
      </object_component>
      <object_component id="oc-21c">
         <name>.debug_info</name>
         <load_address>0xcfda</load_address>
         <run_address>0xcfda</run_address>
         <size>0xff</size>
         <input_file_ref idref="fl-158"/>
      </object_component>
      <object_component id="oc-1a0">
         <name>.debug_info</name>
         <load_address>0xd0d9</load_address>
         <run_address>0xd0d9</run_address>
         <size>0x1b2</size>
         <input_file_ref idref="fl-158"/>
      </object_component>
      <object_component id="oc-1b2">
         <name>.debug_info</name>
         <load_address>0xd28b</load_address>
         <run_address>0xd28b</run_address>
         <size>0x1f7</size>
         <input_file_ref idref="fl-158"/>
      </object_component>
      <object_component id="oc-1be">
         <name>.debug_info</name>
         <load_address>0xd482</load_address>
         <run_address>0xd482</run_address>
         <size>0x1f9</size>
         <input_file_ref idref="fl-158"/>
      </object_component>
      <object_component id="oc-14b">
         <name>.debug_info</name>
         <load_address>0xd67b</load_address>
         <run_address>0xd67b</run_address>
         <size>0x222</size>
         <input_file_ref idref="fl-158"/>
      </object_component>
      <object_component id="oc-1b8">
         <name>.debug_info</name>
         <load_address>0xd89d</load_address>
         <run_address>0xd89d</run_address>
         <size>0x1cc</size>
         <input_file_ref idref="fl-158"/>
      </object_component>
      <object_component id="oc-f1">
         <name>.debug_info</name>
         <load_address>0xda69</load_address>
         <run_address>0xda69</run_address>
         <size>0x28f</size>
         <input_file_ref idref="fl-158"/>
      </object_component>
      <object_component id="oc-1a6">
         <name>.debug_info</name>
         <load_address>0xdcf8</load_address>
         <run_address>0xdcf8</run_address>
         <size>0x1cb</size>
         <input_file_ref idref="fl-158"/>
      </object_component>
      <object_component id="oc-1ac">
         <name>.debug_info</name>
         <load_address>0xdec3</load_address>
         <run_address>0xdec3</run_address>
         <size>0x1e0</size>
         <input_file_ref idref="fl-158"/>
      </object_component>
      <object_component id="oc-1dc">
         <name>.debug_info</name>
         <load_address>0xe0a3</load_address>
         <run_address>0xe0a3</run_address>
         <size>0x17b</size>
         <input_file_ref idref="fl-159"/>
      </object_component>
      <object_component id="oc-121">
         <name>.debug_info</name>
         <load_address>0xe21e</load_address>
         <run_address>0xe21e</run_address>
         <size>0x1bb</size>
         <input_file_ref idref="fl-159"/>
      </object_component>
      <object_component id="oc-109">
         <name>.debug_info</name>
         <load_address>0xe3d9</load_address>
         <run_address>0xe3d9</run_address>
         <size>0x1c5</size>
         <input_file_ref idref="fl-159"/>
      </object_component>
      <object_component id="oc-10f">
         <name>.debug_info</name>
         <load_address>0xe59e</load_address>
         <run_address>0xe59e</run_address>
         <size>0x1f9</size>
         <input_file_ref idref="fl-159"/>
      </object_component>
      <object_component id="oc-115">
         <name>.debug_info</name>
         <load_address>0xe797</load_address>
         <run_address>0xe797</run_address>
         <size>0x1ef</size>
         <input_file_ref idref="fl-159"/>
      </object_component>
      <object_component id="oc-d3">
         <name>.debug_info</name>
         <load_address>0xe986</load_address>
         <run_address>0xe986</run_address>
         <size>0x1c6</size>
         <input_file_ref idref="fl-159"/>
      </object_component>
      <object_component id="oc-103">
         <name>.debug_info</name>
         <load_address>0xeb4c</load_address>
         <run_address>0xeb4c</run_address>
         <size>0x247</size>
         <input_file_ref idref="fl-159"/>
      </object_component>
      <object_component id="oc-11b">
         <name>.debug_info</name>
         <load_address>0xed93</load_address>
         <run_address>0xed93</run_address>
         <size>0x1d0</size>
         <input_file_ref idref="fl-159"/>
      </object_component>
      <object_component id="oc-cd">
         <name>.debug_info</name>
         <load_address>0xef63</load_address>
         <run_address>0xef63</run_address>
         <size>0x1ce</size>
         <input_file_ref idref="fl-159"/>
      </object_component>
      <object_component id="oc-151">
         <name>.debug_info</name>
         <load_address>0xf131</load_address>
         <run_address>0xf131</run_address>
         <size>0x268</size>
         <input_file_ref idref="fl-15a"/>
      </object_component>
      <object_component id="oc-1ef">
         <name>.debug_info</name>
         <load_address>0xf399</load_address>
         <run_address>0xf399</run_address>
         <size>0x18a</size>
         <input_file_ref idref="fl-15a"/>
      </object_component>
      <object_component id="oc-1e9">
         <name>.debug_info</name>
         <load_address>0xf523</load_address>
         <run_address>0xf523</run_address>
         <size>0x18c</size>
         <input_file_ref idref="fl-15a"/>
      </object_component>
      <object_component id="oc-163">
         <name>.debug_info</name>
         <load_address>0xf6af</load_address>
         <run_address>0xf6af</run_address>
         <size>0x196</size>
         <input_file_ref idref="fl-15a"/>
      </object_component>
      <object_component id="oc-169">
         <name>.debug_info</name>
         <load_address>0xf845</load_address>
         <run_address>0xf845</run_address>
         <size>0x1a6</size>
         <input_file_ref idref="fl-15a"/>
      </object_component>
      <object_component id="oc-157">
         <name>.debug_info</name>
         <load_address>0xf9eb</load_address>
         <run_address>0xf9eb</run_address>
         <size>0x1b7</size>
         <input_file_ref idref="fl-15a"/>
      </object_component>
      <object_component id="oc-190">
         <name>.debug_info</name>
         <load_address>0xfba2</load_address>
         <run_address>0xfba2</run_address>
         <size>0x15a</size>
         <input_file_ref idref="fl-15c"/>
      </object_component>
      <object_component id="oc-367">
         <name>.debug_info</name>
         <load_address>0xfcfc</load_address>
         <run_address>0xfcfc</run_address>
         <size>0x9f</size>
      </object_component>
      <object_component id="oc-1e3">
         <name>.debug_line</name>
         <load_address>0x0</load_address>
         <run_address>0x0</run_address>
         <size>0x1b8</size>
         <input_file_ref idref="fl-2"/>
      </object_component>
      <object_component id="oc-a3">
         <name>.debug_line</name>
         <load_address>0x1b8</load_address>
         <run_address>0x1b8</run_address>
         <size>0xb1</size>
         <input_file_ref idref="fl-2"/>
      </object_component>
      <object_component id="oc-2a1">
         <name>.debug_line</name>
         <load_address>0x269</load_address>
         <run_address>0x269</run_address>
         <size>0x5d</size>
         <input_file_ref idref="fl-2"/>
      </object_component>
      <object_component id="oc-81">
         <name>.debug_line</name>
         <load_address>0x2c6</load_address>
         <run_address>0x2c6</run_address>
         <size>0x20</size>
         <input_file_ref idref="fl-2"/>
      </object_component>
      <object_component id="oc-199">
         <name>.debug_line</name>
         <load_address>0x2e6</load_address>
         <run_address>0x2e6</run_address>
         <size>0x5b</size>
         <input_file_ref idref="fl-2"/>
      </object_component>
      <object_component id="oc-fa">
         <name>.debug_line</name>
         <load_address>0x341</load_address>
         <run_address>0x341</run_address>
         <size>0x4a</size>
         <input_file_ref idref="fl-3"/>
      </object_component>
      <object_component id="oc-7d">
         <name>.debug_line</name>
         <load_address>0x38b</load_address>
         <run_address>0x38b</run_address>
         <size>0x69</size>
         <input_file_ref idref="fl-4"/>
      </object_component>
      <object_component id="oc-34">
         <name>.debug_line</name>
         <load_address>0x3f4</load_address>
         <run_address>0x3f4</run_address>
         <size>0x69</size>
         <input_file_ref idref="fl-4"/>
      </object_component>
      <object_component id="oc-31">
         <name>.debug_line</name>
         <load_address>0x45d</load_address>
         <run_address>0x45d</run_address>
         <size>0xe1</size>
         <input_file_ref idref="fl-4"/>
      </object_component>
      <object_component id="oc-213">
         <name>.debug_line</name>
         <load_address>0x53e</load_address>
         <run_address>0x53e</run_address>
         <size>0x1b6</size>
         <input_file_ref idref="fl-5"/>
      </object_component>
      <object_component id="oc-dc">
         <name>.debug_line</name>
         <load_address>0x6f4</load_address>
         <run_address>0x6f4</run_address>
         <size>0x1df</size>
         <input_file_ref idref="fl-5"/>
      </object_component>
      <object_component id="oc-18c">
         <name>.debug_line</name>
         <load_address>0x8d3</load_address>
         <run_address>0x8d3</run_address>
         <size>0x68</size>
         <input_file_ref idref="fl-5"/>
      </object_component>
      <object_component id="oc-187">
         <name>.debug_line</name>
         <load_address>0x93b</load_address>
         <run_address>0x93b</run_address>
         <size>0x68</size>
         <input_file_ref idref="fl-5"/>
      </object_component>
      <object_component id="oc-28">
         <name>.debug_line</name>
         <load_address>0x9a3</load_address>
         <run_address>0x9a3</run_address>
         <size>0x4c</size>
         <input_file_ref idref="fl-12c"/>
      </object_component>
[...]
      <symbol id="sm-54">
         <name>BoardInit</name>
         <value>0x20005f0b</value>
         <object_component_ref idref="oc-9f"/>
      </symbol>
      <symbol id="sm-55">
         <name>main</name>
         <value>0x20005f23</value>
         <object_component_ref idref="oc-9f"/>
      </symbol>
      <symbol id="sm-5f">
         <name>PinMuxConfig</name>
         <value>0x200070f1</value>
         <object_component_ref idref="oc-f6"/>
      </symbol>
      <symbol id="sm-7e">
         <name>ResetISR</name>
         <value>0x200073e5</value>
         <object_component_ref idref="oc-2d"/>
      </symbol>
      <symbol id="sm-7f">
         <name>g_pfnVectors</name>
         <value>0x20004000</value>
         <object_component_ref idref="oc-f"/>
      </symbol>
      <symbol id="sm-c2">
         <name>GetCmd</name>
         <value>0x20005907</value>
         <object_component_ref idref="oc-d8"/>
      </symbol>
      <symbol id="sm-c3">
         <name>Message</name>
         <value>0x200058a3</value>
         <object_component_ref idref="oc-d8"/>
      </symbol>
      <symbol id="sm-c4">
         <name>Report</name>
         <value>0x20005a45</value>
         <object_component_ref idref="oc-d8"/>
      </symbol>
      <symbol id="sm-c5">
         <name>Error</name>
         <value>0x200058cf</value>
         <object_component_ref idref="oc-d8"/>
      </symbol>
      <symbol id="sm-c6">
         <name>InitTerm</name>
         <value>0x20005885</value>
         <object_component_ref idref="oc-d8"/>
      </symbol>
      <symbol id="sm-c7">
         <name>ClearTerm</name>
         <value>0x200058c5</value>
         <object_component_ref idref="oc-d8"/>
      </symbol>
      <symbol id="sm-c8">
         <name>TrimSpace</name>
         <value>0x200059ad</value>
         <object_component_ref idref="oc-d8"/>
      </symbol>
      <symbol id="sm-d8">
         <name>_c_int00</name>
         <value>0x20006f69</value>
         <object_component_ref idref="oc-24"/>
      </symbol>
      <symbol id="sm-d9">
         <name>__stack</name>
         <value>0x2002f000</value>
         <object_component_ref idref="oc-29"/>
      </symbol>
      <symbol id="sm-f0">
         <name>__TI_decompress_none</name>
         <value>0x200073d7</value>
         <object_component_ref idref="oc-12"/>
      </symbol>
      <symbol id="sm-118">
         <name>__TI_decompress_rle24</name>
         <value>0x2000740f</value>
         <object_component_ref idref="oc-18"/>
      </symbol>
      <symbol id="sm-12a">
         <name>__TI_zero_init</name>
         <value>0x200073f3</value>
         <object_component_ref idref="oc-1e"/>
      </symbol>
      <symbol id="sm-149">
         <name>C$$EXIT</name>
         <value>0x20006e69</value>
         <object_component_ref idref="oc-6d"/>
      </symbol>
      <symbol id="sm-14a">
         <name>abort</name>
         <value>0x20006e6d</value>
         <object_component_ref idref="oc-6d"/>
      </symbol>
      <symbol id="sm-14b">
         <name>exit</name>
         <value>0x20006e75</value>
         <object_component_ref idref="oc-6d"/>
      </symbol>
      <symbol id="sm-14c">
         <name>__TI_dtors_ptr</name>
         <value>0x20017948</value>
         <object_component_ref idref="oc-aa"/>
      </symbol>
      <symbol id="sm-14d">
         <name>__TI_cleanup_ptr</name>
         <value>0x20017944</value>
         <object_component_ref idref="oc-aa"/>
      </symbol>
      <symbol id="sm-168">
         <name>memcpy</name>
         <value>0x20006665</value>
         <object_component_ref idref="oc-36"/>
      </symbol>
      <symbol id="sm-169">
         <name>__aeabi_memcpy</name>
         <value>0x20006665</value>
         <object_component_ref idref="oc-36"/>
      </symbol>
      <symbol id="sm-16a">
         <name>__aeabi_memcpy8</name>
         <value>0x20006665</value>
         <object_component_ref idref="oc-36"/>
      </symbol>
      <symbol id="sm-16b">
         <name>__aeabi_memcpy4</name>
         <value>0x20006665</value>
         <object_component_ref idref="oc-36"/>
      </symbol>
      <symbol id="sm-17b">
         <name>memmove</name>
         <value>0x200071bd</value>
         <object_component_ref idref="oc-174"/>
      </symbol>
      <symbol id="sm-1f2">
         <name>_sys_memory</name>
         <value>0x20017000</value>
         <object_component_ref idref="oc-2a"/>
      </symbol>
      <symbol id="sm-1f3">
         <name>free</name>
         <value>0x2000559f</value>
         <object_component_ref idref="oc-17a"/>
      </symbol>
      <symbol id="sm-1f4">
         <name>realloc</name>
         <value>0x20005661</value>
         <object_component_ref idref="oc-17a"/>
      </symbol>
      <symbol id="sm-1f5">
         <name>memalign</name>
         <value>0x2000576d</value>
         <object_component_ref idref="oc-17a"/>
      </symbol>
      <symbol id="sm-1f6">
         <name>calloc</name>
         <value>0x20005851</value>
         <object_component_ref idref="oc-17a"/>
      </symbol>
      <symbol id="sm-1f7">
         <name>malloc</name>
         <value>0x20005537</value>
         <object_component_ref idref="oc-17a"/>
      </symbol>
      <symbol id="sm-1f8">
         <name>minit</name>
         <value>0x200054a9</value>
         <object_component_ref idref="oc-17a"/>
      </symbol>
      <symbol id="sm-207">
         <name>__aeabi_memset</name>
         <value>0x200069b3</value>
         <object_component_ref idref="oc-4f"/>
      </symbol>
      <symbol id="sm-208">
         <name>memset</name>
         <value>0x200069b9</value>
         <object_component_ref idref="oc-4f"/>
      </symbol>
      <symbol id="sm-209">
         <name>__aeabi_memset8</name>
         <value>0x200069b3</value>
         <object_component_ref idref="oc-4f"/>
      </symbol>
      <symbol id="sm-20a">
         <name>__aeabi_memset4</name>
         <value>0x200069b3</value>
         <object_component_ref idref="oc-4f"/>
      </symbol>
      <symbol id="sm-20b">
         <name>__aeabi_memclr8</name>
         <value>0x200069b1</value>
         <object_component_ref idref="oc-4f"/>
      </symbol>
      <symbol id="sm-20c">
         <name>__aeabi_memclr4</name>
         <value>0x200069b1</value>
         <object_component_ref idref="oc-4f"/>
      </symbol>
      <symbol id="sm-20d">
         <name>__aeabi_memclr</name>
         <value>0x200069b1</value>
         <object_component_ref idref="oc-4f"/>
      </symbol>
      <symbol id="sm-217">
         <name>_system_pre_init</name>
         <value>0x20007415</value>
         <object_component_ref idref="oc-5b"/>
      </symbol>
      <symbol id="sm-21f">
         <name>main_func_sp</name>
         <value>0x20017958</value>
         <object_component_ref idref="oc-73"/>
      </symbol>
      <symbol id="sm-22d">
         <name>strlen</name>
         <value>0x200073b1</value>
         <object_component_ref idref="oc-16e"/>
      </symbol>
      <symbol id="sm-24e">
         <name>vsnprintf</name>
         <value>0x2000681d</value>
         <object_component_ref idref="oc-15c"/>
      </symbol>
      <symbol id="sm-267">
         <name>_nop</name>
         <value>0x200073ab</value>
         <object_component_ref idref="oc-133"/>
      </symbol>
      <symbol id="sm-268">
         <name>_lock</name>
         <value>0x2001793c</value>
         <object_component_ref idref="oc-a7"/>
      </symbol>
      <symbol id="sm-269">
         <name>_unlock</name>
         <value>0x20017940</value>
         <object_component_ref idref="oc-a7"/>
      </symbol>
      <symbol id="sm-26a">
         <name>_register_lock</name>
         <value>0x200073a3</value>
         <object_component_ref idref="oc-133"/>
      </symbol>
      <symbol id="sm-26b">
         <name>_register_unlock</name>
         <value>0x2000739d</value>
         <object_component_ref idref="oc-133"/>
      </symbol>
      <symbol id="sm-370">
         <name>__TI_printfi</name>
         <value>0x200051a1</value>
         <object_component_ref idref="oc-1f6"/>
      </symbol>
      <symbol id="sm-385">
         <name>_args_main</name>
         <value>0x20007319</value>
         <object_component_ref idref="oc-67"/>
      </symbol>
      <symbol id="sm-39b">
         <name>atoi</name>
         <value>0x20006cfd</value>
         <object_component_ref idref="oc-27e"/>
      </symbol>
      <symbol id="sm-3c1">
         <name>__TI_auto_init</name>
         <value>0x20006b11</value>
         <object_component_ref idref="oc-61"/>
      </symbol>
      <symbol id="sm-3db">
         <name>copy_in</name>
         <value>0x20006d49</value>
         <object_component_ref idref="oc-97"/>
      </symbol>
      <symbol id="sm-3e6">
         <name>_ctypes_</name>
         <value>0x20007418</value>
         <object_component_ref idref="oc-2cc"/>
      </symbol>
      <symbol id="sm-40a">
         <name>__aeabi_dsub</name>
         <value>0x20005cf9</value>
         <object_component_ref idref="oc-25b"/>
      </symbol>
      <symbol id="sm-40b">
         <name>__aeabi_dadd</name>
         <value>0x20005d03</value>
         <object_component_ref idref="oc-25b"/>
      </symbol>
      <symbol id="sm-432">
         <name>__aeabi_cdcmpeq</name>
         <value>0x200068a5</value>
         <object_component_ref idref="oc-237"/>
      </symbol>
      <symbol id="sm-433">
         <name>__aeabi_cdcmple</name>
         <value>0x200068a5</value>
         <object_component_ref idref="oc-237"/>
      </symbol>
      <symbol id="sm-434">
         <name>__aeabi_cdrcmple</name>
         <value>0x2000692b</value>
         <object_component_ref idref="oc-246"/>
      </symbol>
      <symbol id="sm-454">
         <name>__aeabi_ddiv</name>
         <value>0x200061b9</value>
         <object_component_ref idref="oc-241"/>
      </symbol>
      <symbol id="sm-46b">
         <name>__aeabi_dmul</name>
         <value>0x20006401</value>
         <object_component_ref idref="oc-23c"/>
      </symbol>
      <symbol id="sm-479">
         <name>__aeabi_d2iz</name>
         <value>0x20006d95</value>
         <object_component_ref idref="oc-24b"/>
      </symbol>
      <symbol id="sm-486">
         <name>frexp</name>
         <value>0x200071e1</value>
         <object_component_ref idref="oc-260"/>
      </symbol>
      <symbol id="sm-492">
         <name>__aeabi_i2d</name>
         <value>0x20007069</value>
         <object_component_ref idref="oc-256"/>
      </symbol>
      <symbol id="sm-4a3">
         <name>ldexp</name>
         <value>0x20006ddd</value>
         <object_component_ref idref="oc-266"/>
      </symbol>
      <symbol id="sm-4b2">
         <name>ltoa</name>
         <value>0x20006ca5</value>
         <object_component_ref idref="oc-250"/>
      </symbol>
      <symbol id="sm-4c2">
         <name>memccpy</name>
         <value>0x20007299</value>
         <object_component_ref idref="oc-278"/>
      </symbol>
      <symbol id="sm-4d2">
         <name>strchr</name>
         <value>0x2000735d</value>
         <object_component_ref idref="oc-26c"/>
      </symbol>
      <symbol id="sm-4fc">
         <name>__aeabi_uldivmod</name>
         <value>0x20005b05</value>
         <object_component_ref idref="oc-232"/>
      </symbol>
      <symbol id="sm-50a">
         <name>_Dclass</name>
         <value>0x20007147</value>
         <object_component_ref idref="oc-272"/>
      </symbol>
      <symbol id="sm-52b">
         <name>_Dscale</name>
         <value>0x200062f1</value>
         <object_component_ref idref="oc-2b8"/>
      </symbol>
      <symbol id="sm-53f">
         <name>_Dunscale</name>
         <value>0x20006be7</value>
         <object_component_ref idref="oc-2b0"/>
      </symbol>
      <symbol id="sm-54e">
         <name>_Feraise</name>
         <value>0x20007039</value>
         <object_component_ref idref="oc-2be"/>
      </symbol>
      <symbol id="sm-55e">
         <name>_Rteps</name>
         <value>0x20017910</value>
         <object_component_ref idref="oc-2e4"/>
      </symbol>
      <symbol id="sm-55f">
         <name>_Zero</name>
         <value>0x20017928</value>
         <object_component_ref idref="oc-2e4"/>
      </symbol>
      <symbol id="sm-560">
         <name>_Hugeval</name>
         <value>0x200178d0</value>
         <object_component_ref idref="oc-2e4"/>
      </symbol>
      <symbol id="sm-561">
         <name>_Snan</name>
         <value>0x20017900</value>
         <object_component_ref idref="oc-2e4"/>
      </symbol>
      <symbol id="sm-562">
         <name>_Nan</name>
         <value>0x200178f0</value>
         <object_component_ref idref="oc-2e4"/>
      </symbol>
      <symbol id="sm-563">
         <name>_Inf</name>
         <value>0x200178e0</value>
         <object_component_ref idref="oc-2e4"/>
      </symbol>
      <symbol id="sm-564">
         <name>_Xbig</name>
         <value>0x20017920</value>
         <object_component_ref idref="oc-2e4"/>
      </symbol>
      <symbol id="sm-565">
         <name>_Eps</name>
         <value>0x200178c0</value>
         <object_component_ref idref="oc-2e4"/>
      </symbol>
      <symbol id="sm-566">
         <name>_Denorm</name>
         <value>0x200178b0</value>
         <object_component_ref idref="oc-2e4"/>
      </symbol>
      <symbol id="sm-56e">
         <name>_Errno</name>
         <value>0x20017954</value>
         <object_component_ref idref="oc-2ef"/>
      </symbol>
      <symbol id="sm-58c">
         <name>feraiseexcept</name>
         <value>0x20006fa5</value>
         <object_component_ref idref="oc-2e9"/>
      </symbol>
      <symbol id="sm-58d">
         <name>_Tls_setup__Fenv</name>
         <value>0x20017950</value>
         <object_component_ref idref="oc-313"/>
      </symbol>
      <symbol id="sm-58e">
         <name>_Fenv</name>
         <value>0x2001794c</value>
         <object_component_ref idref="oc-313"/>
      </symbol>
      <symbol id="sm-5a2">
         <name>raise</name>
         <value>0x20007097</value>
         <object_component_ref idref="oc-30d"/>
      </symbol>
      <symbol id="sm-5bc">
         <name>signal</name>
         <value>0x20006eed</value>
         <object_component_ref idref="oc-31d"/>
      </symbol>
      <symbol id="sm-5d1">
         <name>_Dnorm</name>
         <value>0x200064fd</value>
         <object_component_ref idref="oc-2da"/>
      </symbol>
      <symbol id="sm-612">
         <name>IntVTableBaseSet</name>
         <value>0x20007389</value>
         <object_component_ref idref="oc-de"/>
      </symbol>
      <symbol id="sm-613">
         <name>IntEnable</name>
         <value>0x200065bd</value>
         <object_component_ref idref="oc-ea"/>
      </symbol>
      <symbol id="sm-614">
         <name>IntRegister</name>
         <value>0x20007205</value>
         <object_component_ref idref="oc-1d5"/>
      </symbol>
      <symbol id="sm-615">
         <name>IntMasterEnable</name>
         <value>0x200073ff</value>
         <object_component_ref idref="oc-e4"/>
      </symbol>
      <symbol id="sm-64a">
         <name>PinTypeUART</name>
         <value>0x200072cf</value>
         <object_component_ref idref="oc-1c4"/>
      </symbol>
      <symbol id="sm-64b">
         <name>PinTypeTimer</name>
         <value>0x200072b5</value>
         <object_component_ref idref="oc-1ca"/>
      </symbol>
      <symbol id="sm-64c">
         <name>PinConfigSet</name>
         <value>0x20006795</value>
         <object_component_ref idref="oc-fc"/>
      </symbol>
      <symbol id="sm-64d">
         <name>PinModeSet</name>
         <value>0x20006ead</value>
         <object_component_ref idref="oc-222"/>
      </symbol>
      <symbol id="sm-6d3">
         <name>PRCMPeripheralReset</name>
         <value>0x20006c4d</value>
         <object_component_ref idref="oc-1b7"/>
      </symbol>
      <symbol id="sm-6d4">
         <name>PRCMPeripheralClkEnable</name>
         <value>0x20006f2d</value>
         <object_component_ref idref="oc-1b1"/>
      </symbol>
      <symbol id="sm-6d5">
         <name>PRCMPeripheralClockGet</name>
         <value>0x20006701</value>
         <object_component_ref idref="oc-14a"/>
      </symbol>
      <symbol id="sm-6d6">
         <name>PRCMCC3200MCUInit</name>
         <value>0x20006041</value>
         <object_component_ref idref="oc-f0"/>
      </symbol>
      <symbol id="sm-6d7">
         <name>PRCMHIBRegWrite</name>
         <value>0x20007347</value>
         <object_component_ref idref="oc-1ab"/>
      </symbol>
      <symbol id="sm-6d8">
         <name>PRCMSysResetCauseGet</name>
         <value>0x200070c5</value>
         <object_component_ref idref="oc-19f"/>
      </symbol>
      <symbol id="sm-6d9">
         <name>PRCMPeripheralClkDisable</name>
         <value>0x20007171</value>
         <object_component_ref idref="oc-1bd"/>
      </symbol>
      <symbol id="sm-6da">
         <name>PRCMHIBRegRead</name>
         <value>0x20007331</value>
         <object_component_ref idref="oc-1a5"/>
      </symbol>
      <symbol id="sm-732">
         <name>TimerLoadSet</name>
         <value>0x2000711d</value>
         <object_component_ref idref="oc-114"/>
      </symbol>
      <symbol id="sm-733">
         <name>TimerIntRegister</name>
         <value>0x20006aa1</value>
         <object_component_ref idref="oc-102"/>
      </symbol>
      <symbol id="sm-734">
         <name>TimerEnable</name>
         <value>0x20007225</value>
         <object_component_ref idref="oc-120"/>
      </symbol>
      <symbol id="sm-735">
         <name>TimerValueGet</name>
         <value>0x20007261</value>
         <object_component_ref idref="oc-d2"/>
      </symbol>
      <symbol id="sm-736">
         <name>TimerIntEnable</name>
         <value>0x200072e9</value>
         <object_component_ref idref="oc-11a"/>
      </symbol>
      <symbol id="sm-737">
         <name>TimerConfigure</name>
         <value>0x20006e25</value>
         <object_component_ref idref="oc-108"/>
      </symbol>
      <symbol id="sm-738">
         <name>TimerControlEvent</name>
         <value>0x20006fd9</value>
         <object_component_ref idref="oc-10e"/>
      </symbol>
      <symbol id="sm-739">
         <name>TimerIntClear</name>
         <value>0x200073c5</value>
         <object_component_ref idref="oc-cc"/>
      </symbol>
      <symbol id="sm-775">
         <name>UARTConfigSetExpClk</name>
         <value>0x20006a2b</value>
         <object_component_ref idref="oc-150"/>
      </symbol>
      <symbol id="sm-776">
         <name>UARTDisable</name>
         <value>0x20007009</value>
         <object_component_ref idref="oc-1e8"/>
      </symbol>
      <symbol id="sm-777">
         <name>UARTCharsAvail</name>
         <value>0x20007301</value>
         <object_component_ref idref="oc-162"/>
      </symbol>
      <symbol id="sm-778">
         <name>UARTCharGetNonBlocking</name>
         <value>0x2000727d</value>
         <object_component_ref idref="oc-168"/>
      </symbol>
      <symbol id="sm-779">
         <name>UARTCharPut</name>
         <value>0x20007243</value>
         <object_component_ref idref="oc-156"/>
      </symbol>
      <symbol id="sm-77a">
         <name>UARTEnable</name>
         <value>0x20007199</value>
         <object_component_ref idref="oc-1ee"/>
      </symbol>
      <symbol id="sm-77e">
         <name>UtilsDelay</name>
         <value>0x20007409</value>
         <object_component_ref idref="oc-126"/>
      </symbol>
      <symbol id="sm-788">
         <name>CPUcpsie</name>
         <value>0x20007373</value>
         <object_component_ref idref="oc-18f"/>
      </symbol>
      <symbol id="sm-78a">
         <name>__TI_static_base__</name>
         <value>0x20007748</value>
      </symbol>
      <symbol id="sm-78d">
         <name>SHT$$INIT_ARRAY$$Limit</name>
         <value>0x0</value>
      </symbol>
      <symbol id="sm-78e">
         <name>SHT$$INIT_ARRAY$$Base</name>
         <value>0x0</value>
      </symbol>
   </symbol_table>
   <title>Link successful</title>
</link_info>
