******************************************************************************
                  TI ARM Linker Unix v5.2.7                    
******************************************************************************
>> Linked Mon Apr 25 16:24:00 2016

OUTPUT FILE NAME:   <timer_cc.out>
ENTRY POINT SYMBOL: "_c_int00"  address: 20006f69


MEMORY CONFIGURATION

         name            origin    length      used     unused   attr    fill
----------------------  --------  ---------  --------  --------  ----  --------
  SRAM_CODE             20004000   00013000  000037bc  0000f844  RW X
  SRAM_DATA             20017000   00019000  0000196c  00017694  RW X


SEGMENT ALLOCATION MAP

run origin  load origin   length   init length attrs members
----------  ----------- ---------- ----------- ----- -------
20004000    20004000    000037c0   000037c0    r-x
  20004000    20004000    00000400   00000400    r-- .intvecs
  20004400    20004400    00003018   00003018    r-x .text
  20007418    20007418    0000032c   0000032c    r-- .const
  20007748    20007748    00000078   00000078    r-- .cinit
20017000    20017000    0000096c   00000000    rw-
  20017000    20017000    00000800   00000000    rw- .sysmem
  20017800    20017800    0000015c   00000000    rw- .data
  2001795c    2001795c    00000010   00000000    rw- .bss
2002f000    2002f000    00001000   00000000    rw-
  2002f000    2002f000    00001000   00000000    rw- .stack


SECTION ALLOCATION MAP

 output                                  attributes/
section   page    origin      length       input sections
--------  ----  ----------  ----------   ----------------
.intvecs   0    20004000    00000400     
                  20004000    00000400     startup_ccs.obj (.intvecs)

.init_array 
*          0    20004000    00000000     UNINITIALIZED

.text      0    20004400    00003018     
                  20004400    000010a6     rtsv7M4_T_le_eabi.lib : _printfi.obj (.text)
                  200054a6    00000002     --HOLE-- [fill = 0]
                  200054a8    000003dc                           : memory.obj (.text)
                  20005884    00000280     uart_if.obj (.text)
                  20005b04    000001f4     rtsv7M4_T_le_eabi.lib : ull_div_t2.obj (.text)
                  20005cf8    000001b6                           : fd_add_t2.obj (.text)
                  20005eae    00000002     --HOLE-- [fill = 0]
                  20005eb0    00000190     main.obj (.text)
                  20006040    00000178     driverlib.a : prcm.obj (.text:PRCMCC3200MCUInit)
                  200061b8    00000136     rtsv7M4_T_le_eabi.lib : fd_div_t2.obj (.text)
                  200062ee    00000002     --HOLE-- [fill = 0]
                  200062f0    00000110                           : xdscale.obj (.text)
                  20006400    000000fc                           : fd_mul_t2.obj (.text)
                  200064fc    000000be                           : xdnorm.obj (.text)
                  200065ba    00000002     --HOLE-- [fill = 0]
                  200065bc    000000a8     driverlib.a : interrupt.obj (.text:IntEnable)
                  20006664    0000009c     rtsv7M4_T_le_eabi.lib : memcpy_t2.obj (.text)
                  20006700    00000094     driverlib.a : prcm.obj (.text:PRCMPeripheralClockGet)
                  20006794    00000088                 : pin.obj (.text:PinConfigSet)
                  2000681c    00000088     rtsv7M4_T_le_eabi.lib : vsnprintf.obj (.text)
                  200068a4    00000086                           : fd_cmp_t2.obj (.text:__aeabi_cdcmple)
                  2000692a    00000086                           : fd_cmp_t2.obj (.text:__aeabi_cdrcmple)
                  200069b0    0000007a                           : memset_t2.obj (.text)
                  20006a2a    00000076     driverlib.a : uart.obj (.text:UARTConfigSetExpClk)
                  20006aa0    00000070                 : timer.obj (.text:TimerIntRegister)
                  20006b10    0000006c     rtsv7M4_T_le_eabi.lib : autoinit.obj (.text)
                  20006b7c    0000006a                           : copy_decompress_rle.obj (.text)
                  20006be6    00000066                           : xdunscal.obj (.text)
                  20006c4c    00000058     driverlib.a : prcm.obj (.text:PRCMPeripheralReset)
                  20006ca4    00000056     rtsv7M4_T_le_eabi.lib : ltoa.obj (.text)
                  20006cfa    00000002     --HOLE-- [fill = 0]
                  20006cfc    0000004c                           : atoi.obj (.text)
                  20006d48    0000004c                           : cpy_tbl.obj (.text)
                  20006d94    00000048                           : fd_toi_t2.obj (.text)
                  20006ddc    00000046                           : ldexp.obj (.text)
                  20006e22    00000002     --HOLE-- [fill = 0]
                  20006e24    00000044     driverlib.a : timer.obj (.text:TimerConfigure)
                  20006e68    00000044     rtsv7M4_T_le_eabi.lib : exit.obj (.text)
                  20006eac    00000040     driverlib.a : pin.obj (.text:PinModeSet)
                  20006eec    00000040     rtsv7M4_T_le_eabi.lib : signal.obj (.text)
                  20006f2c    0000003c     driverlib.a : prcm.obj (.text:PRCMPeripheralClkEnable)
                  20006f68    0000003c     rtsv7M4_T_le_eabi.lib : boot.obj (.text)
                  20006fa4    00000034                           : feraiseexcept.obj (.text)
                  20006fd8    00000030     driverlib.a : timer.obj (.text:TimerControlEvent)
                  20007008    00000030                 : uart.obj (.text:UARTDisable)
                  20007038    00000030     rtsv7M4_T_le_eabi.lib : xferaise.obj (.text)
                  20007068    0000002e                           : i_tofd_t2.obj (.text)
                  20007096    0000002e                           : raise.obj (.text)
                  200070c4    0000002c     driverlib.a : prcm.obj (.text:PRCMSysResetCauseGet)
                  200070f0    0000002c     pinmux.obj (.text)
                  2000711c    0000002a     driverlib.a : timer.obj (.text:TimerLoadSet)
                  20007146    0000002a     rtsv7M4_T_le_eabi.lib : xdclass.obj (.text)
                  20007170    00000028     driverlib.a : prcm.obj (.text:PRCMPeripheralClkDisable)
                  20007198    00000024                 : uart.obj (.text:UARTEnable)
                  200071bc    00000024     rtsv7M4_T_le_eabi.lib : memmov.obj (.text)
                  200071e0    00000022                           : frexp.obj (.text)
                  20007202    00000002     --HOLE-- [fill = 0]
                  20007204    00000020     driverlib.a : interrupt.obj (.text:IntRegister)
                  20007224    0000001e                 : timer.obj (.text:TimerEnable)
                  20007242    0000001e                 : uart.obj (.text:UARTCharPut)
                  20007260    0000001c                 : timer.obj (.text:TimerValueGet)
                  2000727c    0000001c                 : uart.obj (.text:UARTCharGetNonBlocking)
                  20007298    0000001c     rtsv7M4_T_le_eabi.lib : memccpy.obj (.text)
                  200072b4    0000001a     driverlib.a : pin.obj (.text:PinTypeTimer)
                  200072ce    0000001a                 : pin.obj (.text:PinTypeUART)
                  200072e8    00000018                 : timer.obj (.text:TimerIntEnable)
                  20007300    00000018                 : uart.obj (.text:UARTCharsAvail)
                  20007318    00000018     rtsv7M4_T_le_eabi.lib : args_main.obj (.text)
                  20007330    00000016     driverlib.a : prcm.obj (.text:PRCMHIBRegRead)
                  20007346    00000016                 : prcm.obj (.text:PRCMHIBRegWrite)
                  2000735c    00000016     rtsv7M4_T_le_eabi.lib : strchr.obj (.text)
                  20007372    00000014     driverlib.a : cpu.obj (.text:CPUcpsie)
                  20007386    00000002     --HOLE-- [fill = 0]
                  20007388    00000014                 : interrupt.obj (.text:IntVTableBaseSet)
                  2000739c    00000014     rtsv7M4_T_le_eabi.lib : _lock.obj (.text)
                  200073b0    00000014                           : strlen.obj (.text)
                  200073c4    00000012     driverlib.a : timer.obj (.text:TimerIntClear)
                  200073d6    0000000e     rtsv7M4_T_le_eabi.lib : copy_decompress_none.obj (.text:decompress:none)
                  200073e4    0000000e     startup_ccs.obj (.text)
                  200073f2    0000000c     rtsv7M4_T_le_eabi.lib : copy_zero_init.obj (.text:decompress:ZI)
                  200073fe    0000000a     driverlib.a : interrupt.obj (.text:IntMasterEnable)
                  20007408    00000006                 : utils.obj (.text:UtilsDelay)
                  2000740e    00000006     rtsv7M4_T_le_eabi.lib : copy_decompress_rle.obj (.text:decompress:rle24)
                  20007414    00000004                           : pre_init.obj (.text)

.const     0    20007418    0000032c     
                  20007418    00000101     rtsv7M4_T_le_eabi.lib : ctype.obj (.const:.string:_ctypes_)
                  20007519    00000003     --HOLE-- [fill = 0]
                  2000751c    00000100     driverlib.a : pin.obj (.const:g_ulPinToPadMap)
                  2000761c    000000a8                 : prcm.obj (.const:PRCM_PeriphRegsList)
                  200076c4    00000080                 : interrupt.obj (.const)

.cinit     0    20007748    00000078     
                  20007748    0000004e     (.cinit..data.load) [load image, compression = rle]
                  20007796    00000002     --HOLE-- [fill = 0]
                  20007798    0000000c     (__TI_handler_table)
                  200077a4    00000004     --HOLE-- [fill = 0]
                  200077a8    00000008     (.cinit..bss.load) [load image, compression = zero_init]
                  200077b0    00000010     (__TI_cinit_table)

.sysmem    0    20017000    00000800     UNINITIALIZED
                  20017000    00000008     rtsv7M4_T_le_eabi.lib : memory.obj (.sysmem)
                  20017008    000007f8     --HOLE--

.data      0    20017800    0000015c     UNINITIALIZED
                  20017800    000000b0     rtsv7M4_T_le_eabi.lib : signal.obj (.data:sigtable)
                  200178b0    00000080                           : xvalues.obj (.data)
                  20017930    0000000c                           : memory.obj (.data)
                  2001793c    00000008                           : _lock.obj (.data)
                  20017944    00000008                           : exit.obj (.data)
                  2001794c    00000008                           : feraiseexcept.obj (.data)
                  20017954    00000004                           : errno.obj (.data)
                  20017958    00000004                           : stkdepth_vars.obj (.data)

.TI.persistent 
*          0    20017800    00000000     UNINITIALIZED

.bss       0    2001795c    00000010     UNINITIALIZED
                  2001795c    00000008     (.common:g_ulSamples)
                  20017964    00000004     (.common:__Errorlog)
                  20017968    00000004     (.common:g_ulFreq)

.TI.noinit 
*          0    2001795c    00000000     UNINITIALIZED

.stack     0    2002f000    00001000     UNINITIALIZED
                  2002f000    00001000     --HOLE--


LINKER GENERATED COPY TABLES

__TI_cinit_table @ 200077b0 records: 2, size/record: 8, table size: 16
	.data: load addr=20007748, load size=0000004e bytes, run addr=20017800, run size=0000015c bytes, compression=rle
	.bss: load addr=200077a8, load size=00000008 bytes, run addr=2001795c, run size=00000010 bytes, compression=zero_init


LINKER GENERATED HANDLER TABLE

__TI_handler_table @ 20007798 records: 3, size/record: 4, table size: 12
	index: 0, handler: __TI_decompress_rle24
	index: 1, handler: __TI_decompress_none
	index: 2, handler: __TI_zero_init


GLOBAL SYMBOLS: SORTED ALPHABETICALLY BY Name 

address   name                    
-------   ----                    
20005f0b  BoardInit               
20006e69  C$$EXIT                 
20007373  CPUcpsie                
200058c5  ClearTerm               
20005ee5  DisplayBanner           
200058cf  Error                   
20005907  GetCmd                  
20005885  InitTerm                
200065bd  IntEnable               
200073ff  IntMasterEnable         
20007205  IntRegister             
20007389  IntVTableBaseSet        
200058a3  Message                 
20006041  PRCMCC3200MCUInit       
20007331  PRCMHIBRegRead          
20007347  PRCMHIBRegWrite         
20007171  PRCMPeripheralClkDisable
20006f2d  PRCMPeripheralClkEnable 
20006701  PRCMPeripheralClockGet  
20006c4d  PRCMPeripheralReset     
200070c5  PRCMSysResetCauseGet    
20006795  PinConfigSet            
20006ead  PinModeSet              
200070f1  PinMuxConfig            
200072b5  PinTypeTimer            
200072cf  PinTypeUART             
20005a45  Report                  
200073e5  ResetISR                
UNDEFED   SHT$$INIT_ARRAY$$Base   
UNDEFED   SHT$$INIT_ARRAY$$Limit  
20006e25  TimerConfigure          
20006fd9  TimerControlEvent       
20007225  TimerEnable             
200073c5  TimerIntClear           
200072e9  TimerIntEnable          
20006aa1  TimerIntRegister        
2000711d  TimerLoadSet            
20007261  TimerValueGet           
200059ad  TrimSpace               
2000727d  UARTCharGetNonBlocking  
20007243  UARTCharPut             
20007301  UARTCharsAvail          
20006a2b  UARTConfigSetExpClk     
20007009  UARTDisable             
20007199  UARTEnable              
20007409  UtilsDelay              
20007147  _Dclass                 
200178b0  _Denorm                 
200064fd  _Dnorm                  
200062f1  _Dscale                 
20006be7  _Dunscale               
200178c0  _Eps                    
20017954  _Errno                  
2001794c  _Fenv                   
20007039  _Feraise                
200178d0  _Hugeval                
200178e0  _Inf                    
200178f0  _Nan                    
20017910  _Rteps                  
20017900  _Snan                   
20017950  _Tls_setup__Fenv        
20017920  _Xbig                   
20017928  _Zero                   
20030000  __STACK_END             
00001000  __STACK_SIZE            
00000800  __SYSMEM_SIZE           
200077b0  __TI_CINIT_Base         
200077c0  __TI_CINIT_Limit        
20007798  __TI_Handler_Table_Base 
200077a4  __TI_Handler_Table_Limit
20006b11  __TI_auto_init          
20017944  __TI_cleanup_ptr        
200073d7  __TI_decompress_none    
2000740f  __TI_decompress_rle24   
20017948  __TI_dtors_ptr          
200051a1  __TI_printfi            
20007748  __TI_static_base__      
200073f3  __TI_zero_init          
200068a5  __aeabi_cdcmpeq         
200068a5  __aeabi_cdcmple         
2000692b  __aeabi_cdrcmple        
20006d95  __aeabi_d2iz            
20005d03  __aeabi_dadd            
200061b9  __aeabi_ddiv            
20006401  __aeabi_dmul            
20005cf9  __aeabi_dsub            
20007069  __aeabi_i2d             
200069b1  __aeabi_memclr          
200069b1  __aeabi_memclr4         
200069b1  __aeabi_memclr8         
20006665  __aeabi_memcpy          
20006665  __aeabi_memcpy4         
20006665  __aeabi_memcpy8         
200069b3  __aeabi_memset          
200069b3  __aeabi_memset4         
200069b3  __aeabi_memset8         
20005b05  __aeabi_uldivmod        
ffffffff  __binit__               
ffffffff  __c_args__              
2002f000  __stack                 
20007319  _args_main              
20006f69  _c_int00                
20007418  _ctypes_                
2001793c  _lock                   
200073ab  _nop                    
200073a3  _register_lock          
2000739d  _register_unlock        
20017000  _sys_memory             
20007415  _system_pre_init        
20017940  _unlock                 
20006e6d  abort                   
20006cfd  atoi                    
ffffffff  binit                   
20005851  calloc                  
20006d49  copy_in                 
20006e75  exit                    
20006fa5  feraiseexcept           
2000559f  free                    
200071e1  frexp                   
20004000  g_pfnVectors            
20006ddd  ldexp                   
20006ca5  ltoa                    
20005f23  main                    
20017958  main_func_sp            
20005537  malloc                  
2000576d  memalign                
20007299  memccpy                 
20006665  memcpy                  
200071bd  memmove                 
200069b9  memset                  
200054a9  minit                   
20007097  raise                   
20005661  realloc                 
20006eed  signal                  
2000735d  strchr                  
200073b1  strlen                  
2000681d  vsnprintf               


GLOBAL SYMBOLS: SORTED BY Symbol Address 

address   name                    
-------   ----                    
00000800  __SYSMEM_SIZE           
00001000  __STACK_SIZE            
20004000  g_pfnVectors            
200051a1  __TI_printfi            
200054a9  minit                   
20005537  malloc                  
2000559f  free                    
20005661  realloc                 
2000576d  memalign                
20005851  calloc                  
20005885  InitTerm                
200058a3  Message                 
200058c5  ClearTerm               
200058cf  Error                   
20005907  GetCmd                  
200059ad  TrimSpace               
20005a45  Report                  
20005b05  __aeabi_uldivmod        
20005cf9  __aeabi_dsub            
20005d03  __aeabi_dadd            
20005ee5  DisplayBanner           
20005f0b  BoardInit               
20005f23  main                    
20006041  PRCMCC3200MCUInit       
200061b9  __aeabi_ddiv            
200062f1  _Dscale                 
20006401  __aeabi_dmul            
200064fd  _Dnorm                  
200065bd  IntEnable               
20006665  __aeabi_memcpy          
20006665  __aeabi_memcpy4         
20006665  __aeabi_memcpy8         
20006665  memcpy                  
20006701  PRCMPeripheralClockGet  
20006795  PinConfigSet            
2000681d  vsnprintf               
200068a5  __aeabi_cdcmpeq         
200068a5  __aeabi_cdcmple         
2000692b  __aeabi_cdrcmple        
200069b1  __aeabi_memclr          
200069b1  __aeabi_memclr4         
200069b1  __aeabi_memclr8         
200069b3  __aeabi_memset          
200069b3  __aeabi_memset4         
200069b3  __aeabi_memset8         
200069b9  memset                  
20006a2b  UARTConfigSetExpClk     
20006aa1  TimerIntRegister        
20006b11  __TI_auto_init          
20006be7  _Dunscale               
20006c4d  PRCMPeripheralReset     
20006ca5  ltoa                    
20006cfd  atoi                    
20006d49  copy_in                 
20006d95  __aeabi_d2iz            
20006ddd  ldexp                   
20006e25  TimerConfigure          
20006e69  C$$EXIT                 
20006e6d  abort                   
20006e75  exit                    
20006ead  PinModeSet              
20006eed  signal                  
20006f2d  PRCMPeripheralClkEnable 
20006f69  _c_int00                
20006fa5  feraiseexcept           
20006fd9  TimerControlEvent       
20007009  UARTDisable             
20007039  _Feraise                
20007069  __aeabi_i2d             
20007097  raise                   
200070c5  PRCMSysResetCauseGet    
200070f1  PinMuxConfig            
2000711d  TimerLoadSet            
20007147  _Dclass                 
20007171  PRCMPeripheralClkDisable
20007199  UARTEnable              
200071bd  memmove                 
200071e1  frexp                   
20007205  IntRegister             
20007225  TimerEnable             
20007243  UARTCharPut             
20007261  TimerValueGet           
2000727d  UARTCharGetNonBlocking  
20007299  memccpy                 
200072b5  PinTypeTimer            
200072cf  PinTypeUART             
200072e9  TimerIntEnable          
20007301  UARTCharsAvail          
20007319  _args_main              
20007331  PRCMHIBRegRead          
20007347  PRCMHIBRegWrite         
2000735d  strchr                  
20007373  CPUcpsie                
20007389  IntVTableBaseSet        
2000739d  _register_unlock        
200073a3  _register_lock          
200073ab  _nop                    
200073b1  strlen                  
200073c5  TimerIntClear           
200073d7  __TI_decompress_none    
200073e5  ResetISR                
200073f3  __TI_zero_init          
200073ff  IntMasterEnable         
20007409  UtilsDelay              
2000740f  __TI_decompress_rle24   
20007415  _system_pre_init        
20007418  _ctypes_                
20007748  __TI_static_base__      
20007798  __TI_Handler_Table_Base 
200077a4  __TI_Handler_Table_Limit
200077b0  __TI_CINIT_Base         
200077c0  __TI_CINIT_Limit        
20017000  _sys_memory             
200178b0  _Denorm                 
200178c0  _Eps                    
200178d0  _Hugeval                
200178e0  _Inf                    
200178f0  _Nan                    
20017900  _Snan                   
20017910  _Rteps                  
20017920  _Xbig                   
20017928  _Zero                   
2001793c  _lock                   
20017940  _unlock                 
20017944  __TI_cleanup_ptr        
20017948  __TI_dtors_ptr          
2001794c  _Fenv                   
20017950  _Tls_setup__Fenv        
20017954  _Errno                  
20017958  main_func_sp            
2002f000  __stack                 
20030000  __STACK_END             
ffffffff  __binit__               
ffffffff  __c_args__              
ffffffff  binit                   
UNDEFED   SHT$$INIT_ARRAY$$Base   
UNDEFED   SHT$$INIT_ARRAY$$Limit  

[137 symbols]
